   text	   data	    bss	    dec	    hex	filename
 0x69a8	 0x1740	  0x290	  33656	   8378	/home/parallels/gap_riscv_toolchain_ubuntu/gap_sdk/BAC/get_image/BUILD/GAP8_V2/GCC_RISCV_PULP_OS/image_capture
/home/parallels/gap_riscv_toolchain_ubuntu/gap_sdk/BAC/get_image/BUILD/GAP8_V2/GCC_RISCV_PULP_OS/image_capture:1b000c08 00000001 D camera_isAwaked	/home/parallels/gap_riscv_toolchain_ubuntu/gap_sdk/gap8/rtos/pulp/pulp-os/drivers_deprecated/camera/himax.c:150
/home/parallels/gap_riscv_toolchain_ubuntu/gap_sdk/BAC/get_image/BUILD/GAP8_V2/GCC_RISCV_PULP_OS/image_capture:00000388 00000001 D __rt_hyper_pending_emu_do_memcpy	/home/parallels/gap_riscv_toolchain_ubuntu/gap_sdk/gap8/rtos/pulp/pulp-os/drivers/hyper/hyperram-v1.c:53
/home/parallels/gap_riscv_toolchain_ubuntu/gap_sdk/BAC/get_image/BUILD/GAP8_V2/GCC_RISCV_PULP_OS/image_capture:1c0018c0 00000002 T __camera_conf_init	/home/parallels/gap_riscv_toolchain_ubuntu/gap_sdk/rtos/pmsis/bsp/camera/camera.c:43
/home/parallels/gap_riscv_toolchain_ubuntu/gap_sdk/BAC/get_image/BUILD/GAP8_V2/GCC_RISCV_PULP_OS/image_capture:1c002d1c 00000002 W illegal_insn_handler_c	/home/parallels/gap_riscv_toolchain_ubuntu/gap_sdk/gap8/rtos/pulp/pulp-os/kernel/irq.c:89
/home/parallels/gap_riscv_toolchain_ubuntu/gap_sdk/BAC/get_image/BUILD/GAP8_V2/GCC_RISCV_PULP_OS/image_capture:1c00181c 00000002 t __pi_host_fs_direct_read_async
/home/parallels/gap_riscv_toolchain_ubuntu/gap_sdk/BAC/get_image/BUILD/GAP8_V2/GCC_RISCV_PULP_OS/image_capture:1c0016bc 00000002 t __pi_host_fs_unmount	/home/parallels/gap_riscv_toolchain_ubuntu/gap_sdk/rtos/pmsis/bsp/fs/host_fs/host_fs.c:40
/home/parallels/gap_riscv_toolchain_ubuntu/gap_sdk/BAC/get_image/BUILD/GAP8_V2/GCC_RISCV_PULP_OS/image_capture:1c001d70 00000002 T pi_partition_table_free	/home/parallels/gap_riscv_toolchain_ubuntu/gap_sdk/rtos/pmsis/bsp/partition/partition.c:46
/home/parallels/gap_riscv_toolchain_ubuntu/gap_sdk/BAC/get_image/BUILD/GAP8_V2/GCC_RISCV_PULP_OS/image_capture:1c0035e8 00000002 T pi_time_get_us	/home/parallels/gap_riscv_toolchain_ubuntu/gap_sdk/gap8/rtos/pulp/pulp-os/kernel/time.c:53
/home/parallels/gap_riscv_toolchain_ubuntu/gap_sdk/BAC/get_image/BUILD/GAP8_V2/GCC_RISCV_PULP_OS/image_capture:1c003684 00000002 T pi_time_wait_us	/home/parallels/gap_riscv_toolchain_ubuntu/gap_sdk/gap8/rtos/pulp/pulp-os/kernel/time.c:183
/home/parallels/gap_riscv_toolchain_ubuntu/gap_sdk/BAC/get_image/BUILD/GAP8_V2/GCC_RISCV_PULP_OS/image_capture:1c003ea6 00000002 T __rt_fll_deinit	/home/parallels/gap_riscv_toolchain_ubuntu/gap_sdk/gap8/rtos/pulp/pulp-os/kernel/gap/pmu_driver.c:876
/home/parallels/gap_riscv_toolchain_ubuntu/gap_sdk/BAC/get_image/BUILD/GAP8_V2/GCC_RISCV_PULP_OS/image_capture:1c003ea8 00000002 T __rt_flls_constructor	/home/parallels/gap_riscv_toolchain_ubuntu/gap_sdk/gap8/rtos/pulp/pulp-os/kernel/gap/pmu_driver.c:880
/home/parallels/gap_riscv_toolchain_ubuntu/gap_sdk/BAC/get_image/BUILD/GAP8_V2/GCC_RISCV_PULP_OS/image_capture:1c006b98 00000003 d ToHWDCDC_Pos	/home/parallels/gap_riscv_toolchain_ubuntu/gap_sdk/gap8/rtos/pulp/pulp-os/kernel/gap/pmu_driver.c:192
/home/parallels/gap_riscv_toolchain_ubuntu/gap_sdk/BAC/get_image/BUILD/GAP8_V2/GCC_RISCV_PULP_OS/image_capture:1c006ec8 00000004 b __bsp_init_pads_done	/home/parallels/gap_riscv_toolchain_ubuntu/gap_sdk/rtos/pmsis/bsp/bsp/ai_deck.c:28
/home/parallels/gap_riscv_toolchain_ubuntu/gap_sdk/BAC/get_image/BUILD/GAP8_V2/GCC_RISCV_PULP_OS/image_capture:1c006b7c 00000004 D buff	/home/parallels/gap_riscv_toolchain_ubuntu/gap_sdk/BAC/get_image/image_capture.c:16
/home/parallels/gap_riscv_toolchain_ubuntu/gap_sdk/BAC/get_image/BUILD/GAP8_V2/GCC_RISCV_PULP_OS/image_capture:1c0063d8 00000004 t ctor_list	/home/parallels/gap_riscv_toolchain_ubuntu/gap_sdk/gap8/rtos/pulp/pulp-os/kernel/init.c:29
/home/parallels/gap_riscv_toolchain_ubuntu/gap_sdk/BAC/get_image/BUILD/GAP8_V2/GCC_RISCV_PULP_OS/image_capture:1c006ec0 00000004 b done	/home/parallels/gap_riscv_toolchain_ubuntu/gap_sdk/BAC/get_image/image_capture.c:19
/home/parallels/gap_riscv_toolchain_ubuntu/gap_sdk/BAC/get_image/BUILD/GAP8_V2/GCC_RISCV_PULP_OS/image_capture:1c00641c 00000004 t dtor_list	/home/parallels/gap_riscv_toolchain_ubuntu/gap_sdk/gap8/rtos/pulp/pulp-os/kernel/init.c:30
/home/parallels/gap_riscv_toolchain_ubuntu/gap_sdk/BAC/get_image/BUILD/GAP8_V2/GCC_RISCV_PULP_OS/image_capture:1c006f08 00000004 B first_delayed
/home/parallels/gap_riscv_toolchain_ubuntu/gap_sdk/BAC/get_image/BUILD/GAP8_V2/GCC_RISCV_PULP_OS/image_capture:1c006ef8 00000004 B img_rgb888	/home/parallels/gap_riscv_toolchain_ubuntu/gap_sdk/libs/gap_lib/img_io/ImgIO.c:25
/home/parallels/gap_riscv_toolchain_ubuntu/gap_sdk/BAC/get_image/BUILD/GAP8_V2/GCC_RISCV_PULP_OS/image_capture:1c006ed4 00000004 b __pi_hyper_cluster_reqs_first	/home/parallels/gap_riscv_toolchain_ubuntu/gap_sdk/gap8/rtos/pulp/pulp-os/drivers/hyper/hyperram-v1.c:62
/home/parallels/gap_riscv_toolchain_ubuntu/gap_sdk/BAC/get_image/BUILD/GAP8_V2/GCC_RISCV_PULP_OS/image_capture:1c002ccc 00000004 T pi_open_from_conf	/home/parallels/gap_riscv_toolchain_ubuntu/gap_sdk/gap8/rtos/pulp/pulp-os/kernel/init.c:325
/home/parallels/gap_riscv_toolchain_ubuntu/gap_sdk/BAC/get_image/BUILD/GAP8_V2/GCC_RISCV_PULP_OS/image_capture:1c001d72 00000004 T pi_partition_table_load	/home/parallels/gap_riscv_toolchain_ubuntu/gap_sdk/rtos/pmsis/bsp/partition/partition.c:51
/home/parallels/gap_riscv_toolchain_ubuntu/gap_sdk/BAC/get_image/BUILD/GAP8_V2/GCC_RISCV_PULP_OS/image_capture:1c00131c 00000004 t __pi_read_fs_unmount	/home/parallels/gap_riscv_toolchain_ubuntu/gap_sdk/rtos/pmsis/bsp/fs/read_fs/read_fs.c:230
/home/parallels/gap_riscv_toolchain_ubuntu/gap_sdk/BAC/get_image/BUILD/GAP8_V2/GCC_RISCV_PULP_OS/image_capture:1c006b9c 00000004 D PMURetentionState
/home/parallels/gap_riscv_toolchain_ubuntu/gap_sdk/BAC/get_image/BUILD/GAP8_V2/GCC_RISCV_PULP_OS/image_capture:1c0051c6 00000004 T putchar	/home/parallels/gap_riscv_toolchain_ubuntu/gap_sdk/gap8/rtos/pulp/pulp-os/libs/io/io.c:621
/home/parallels/gap_riscv_toolchain_ubuntu/gap_sdk/BAC/get_image/BUILD/GAP8_V2/GCC_RISCV_PULP_OS/image_capture:000003a4 00000004 D pwmEventsStatus	/home/parallels/gap_riscv_toolchain_ubuntu/gap_sdk/gap8/rtos/pulp/pulp-os/drivers/pwm/pwm.c:9
/home/parallels/gap_riscv_toolchain_ubuntu/gap_sdk/BAC/get_image/BUILD/GAP8_V2/GCC_RISCV_PULP_OS/image_capture:1c006ba8 00000004 d RetPMUStateToPMUState	/home/parallels/gap_riscv_toolchain_ubuntu/gap_sdk/gap8/rtos/pulp/pulp-os/kernel/gap/pmu_driver.c:185
/home/parallels/gap_riscv_toolchain_ubuntu/gap_sdk/BAC/get_image/BUILD/GAP8_V2/GCC_RISCV_PULP_OS/image_capture:1c006f04 00000004 B __rt_alloc_fc_tcdm
/home/parallels/gap_riscv_toolchain_ubuntu/gap_sdk/BAC/get_image/BUILD/GAP8_V2/GCC_RISCV_PULP_OS/image_capture:1c006efc 00000004 B __rt_alloc_l1
/home/parallels/gap_riscv_toolchain_ubuntu/gap_sdk/BAC/get_image/BUILD/GAP8_V2/GCC_RISCV_PULP_OS/image_capture:1c006f00 00000004 B __rt_alloc_l2
/home/parallels/gap_riscv_toolchain_ubuntu/gap_sdk/BAC/get_image/BUILD/GAP8_V2/GCC_RISCV_PULP_OS/image_capture:00000014 00000004 d __rt_bridge_eeprom_handle	/home/parallels/gap_riscv_toolchain_ubuntu/gap_sdk/gap8/rtos/pulp/pulp-os/kernel/bridge.c:25
/home/parallels/gap_riscv_toolchain_ubuntu/gap_sdk/BAC/get_image/BUILD/GAP8_V2/GCC_RISCV_PULP_OS/image_capture:00000010 00000004 d __rt_bridge_flash_cs	/home/parallels/gap_riscv_toolchain_ubuntu/gap_sdk/gap8/rtos/pulp/pulp-os/kernel/bridge.c:29
/home/parallels/gap_riscv_toolchain_ubuntu/gap_sdk/BAC/get_image/BUILD/GAP8_V2/GCC_RISCV_PULP_OS/image_capture:00000004 00000004 d __rt_bridge_flash_handle	/home/parallels/gap_riscv_toolchain_ubuntu/gap_sdk/gap8/rtos/pulp/pulp-os/kernel/bridge.c:26
/home/parallels/gap_riscv_toolchain_ubuntu/gap_sdk/BAC/get_image/BUILD/GAP8_V2/GCC_RISCV_PULP_OS/image_capture:0000000c 00000004 d __rt_bridge_flash_itf	/home/parallels/gap_riscv_toolchain_ubuntu/gap_sdk/gap8/rtos/pulp/pulp-os/kernel/bridge.c:28
/home/parallels/gap_riscv_toolchain_ubuntu/gap_sdk/BAC/get_image/BUILD/GAP8_V2/GCC_RISCV_PULP_OS/image_capture:00000008 00000004 d __rt_bridge_flash_type	/home/parallels/gap_riscv_toolchain_ubuntu/gap_sdk/gap8/rtos/pulp/pulp-os/kernel/bridge.c:27
/home/parallels/gap_riscv_toolchain_ubuntu/gap_sdk/BAC/get_image/BUILD/GAP8_V2/GCC_RISCV_PULP_OS/image_capture:000003e0 00000004 D __rtc_handler	/home/parallels/gap_riscv_toolchain_ubuntu/gap_sdk/gap8/rtos/pulp/pulp-os/drivers_deprecated/dolphin/rtc.c:25
/home/parallels/gap_riscv_toolchain_ubuntu/gap_sdk/BAC/get_image/BUILD/GAP8_V2/GCC_RISCV_PULP_OS/image_capture:1000001c 00000004 D __rt_cluster_fc_task_lock	/home/parallels/gap_riscv_toolchain_ubuntu/gap_sdk/gap8/rtos/pulp/pulp-os/kernel/cluster.c:59
/home/parallels/gap_riscv_toolchain_ubuntu/gap_sdk/BAC/get_image/BUILD/GAP8_V2/GCC_RISCV_PULP_OS/image_capture:00000018 00000004 D __rt_cluster_nb_active_pe
/home/parallels/gap_riscv_toolchain_ubuntu/gap_sdk/BAC/get_image/BUILD/GAP8_V2/GCC_RISCV_PULP_OS/image_capture:1c006f18 00000004 B __rt_cluster_tasks	/home/parallels/gap_riscv_toolchain_ubuntu/gap_sdk/gap8/rtos/pulp/pulp-os/kernel/cluster.c:41
/home/parallels/gap_riscv_toolchain_ubuntu/gap_sdk/BAC/get_image/BUILD/GAP8_V2/GCC_RISCV_PULP_OS/image_capture:1b000bec 00000004 D __rt_debug_config
/home/parallels/gap_riscv_toolchain_ubuntu/gap_sdk/BAC/get_image/BUILD/GAP8_V2/GCC_RISCV_PULP_OS/image_capture:1b000be8 00000004 D __rt_debug_config_trace
/home/parallels/gap_riscv_toolchain_ubuntu/gap_sdk/BAC/get_image/BUILD/GAP8_V2/GCC_RISCV_PULP_OS/image_capture:00000014 00000004 D __rt_dma_first_pending
/home/parallels/gap_riscv_toolchain_ubuntu/gap_sdk/BAC/get_image/BUILD/GAP8_V2/GCC_RISCV_PULP_OS/image_capture:00000010 00000004 D __rt_dma_last_pending
/home/parallels/gap_riscv_toolchain_ubuntu/gap_sdk/BAC/get_image/BUILD/GAP8_V2/GCC_RISCV_PULP_OS/image_capture:1c006ed0 00000004 b __rt_fc_cluster_device	/home/parallels/gap_riscv_toolchain_ubuntu/gap_sdk/gap8/rtos/pulp/pulp-os/kernel/pulpos_emu.c:25
/home/parallels/gap_riscv_toolchain_ubuntu/gap_sdk/BAC/get_image/BUILD/GAP8_V2/GCC_RISCV_PULP_OS/image_capture:1c006b6c 00000004 V __rt_fc_stack_size	/home/parallels/gap_riscv_toolchain_ubuntu/gap_sdk/gap8/rtos/pulp/pulp-os/kernel/conf.c:36
/home/parallels/gap_riscv_toolchain_ubuntu/gap_sdk/BAC/get_image/BUILD/GAP8_V2/GCC_RISCV_PULP_OS/image_capture:00000018 00000004 D __rt_first_free
/home/parallels/gap_riscv_toolchain_ubuntu/gap_sdk/BAC/get_image/BUILD/GAP8_V2/GCC_RISCV_PULP_OS/image_capture:00000374 00000004 D __rt_hyper_current_task	/home/parallels/gap_riscv_toolchain_ubuntu/gap_sdk/gap8/rtos/pulp/pulp-os/drivers/hyper/hyperram-v1.c:27
/home/parallels/gap_riscv_toolchain_ubuntu/gap_sdk/BAC/get_image/BUILD/GAP8_V2/GCC_RISCV_PULP_OS/image_capture:00000370 00000004 D __rt_hyper_end_task	/home/parallels/gap_riscv_toolchain_ubuntu/gap_sdk/gap8/rtos/pulp/pulp-os/drivers/hyper/hyperram-v1.c:25
/home/parallels/gap_riscv_toolchain_ubuntu/gap_sdk/BAC/get_image/BUILD/GAP8_V2/GCC_RISCV_PULP_OS/image_capture:1c006ed8 00000004 b __rt_hyper_open_count	/home/parallels/gap_riscv_toolchain_ubuntu/gap_sdk/gap8/rtos/pulp/pulp-os/drivers/hyper/hyperram-v1.c:65
/home/parallels/gap_riscv_toolchain_ubuntu/gap_sdk/BAC/get_image/BUILD/GAP8_V2/GCC_RISCV_PULP_OS/image_capture:00000364 00000004 D __rt_hyper_pending_addr	/home/parallels/gap_riscv_toolchain_ubuntu/gap_sdk/gap8/rtos/pulp/pulp-os/drivers/hyper/hyperram-v1.c:33
/home/parallels/gap_riscv_toolchain_ubuntu/gap_sdk/BAC/get_image/BUILD/GAP8_V2/GCC_RISCV_PULP_OS/image_capture:0000035c 00000004 D __rt_hyper_pending_base	/home/parallels/gap_riscv_toolchain_ubuntu/gap_sdk/gap8/rtos/pulp/pulp-os/drivers/hyper/hyperram-v1.c:31
/home/parallels/gap_riscv_toolchain_ubuntu/gap_sdk/BAC/get_image/BUILD/GAP8_V2/GCC_RISCV_PULP_OS/image_capture:00000380 00000004 D __rt_hyper_pending_emu_addr	/home/parallels/gap_riscv_toolchain_ubuntu/gap_sdk/gap8/rtos/pulp/pulp-os/drivers/hyper/hyperram-v1.c:48
/home/parallels/gap_riscv_toolchain_ubuntu/gap_sdk/BAC/get_image/BUILD/GAP8_V2/GCC_RISCV_PULP_OS/image_capture:00000378 00000004 D __rt_hyper_pending_emu_channel	/home/parallels/gap_riscv_toolchain_ubuntu/gap_sdk/gap8/rtos/pulp/pulp-os/drivers/hyper/hyperram-v1.c:46
/home/parallels/gap_riscv_toolchain_ubuntu/gap_sdk/BAC/get_image/BUILD/GAP8_V2/GCC_RISCV_PULP_OS/image_capture:0000037c 00000004 D __rt_hyper_pending_emu_hyper_addr	/home/parallels/gap_riscv_toolchain_ubuntu/gap_sdk/gap8/rtos/pulp/pulp-os/drivers/hyper/hyperram-v1.c:47
/home/parallels/gap_riscv_toolchain_ubuntu/gap_sdk/BAC/get_image/BUILD/GAP8_V2/GCC_RISCV_PULP_OS/image_capture:0000039c 00000004 D __rt_hyper_pending_emu_length	/home/parallels/gap_riscv_toolchain_ubuntu/gap_sdk/gap8/rtos/pulp/pulp-os/drivers/hyper/hyperram-v1.c:51
/home/parallels/gap_riscv_toolchain_ubuntu/gap_sdk/BAC/get_image/BUILD/GAP8_V2/GCC_RISCV_PULP_OS/image_capture:00000384 00000004 D __rt_hyper_pending_emu_size	/home/parallels/gap_riscv_toolchain_ubuntu/gap_sdk/gap8/rtos/pulp/pulp-os/drivers/hyper/hyperram-v1.c:49
/home/parallels/gap_riscv_toolchain_ubuntu/gap_sdk/BAC/get_image/BUILD/GAP8_V2/GCC_RISCV_PULP_OS/image_capture:00000398 00000004 D __rt_hyper_pending_emu_size_2d	/home/parallels/gap_riscv_toolchain_ubuntu/gap_sdk/gap8/rtos/pulp/pulp-os/drivers/hyper/hyperram-v1.c:50
/home/parallels/gap_riscv_toolchain_ubuntu/gap_sdk/BAC/get_image/BUILD/GAP8_V2/GCC_RISCV_PULP_OS/image_capture:000003a0 00000004 D __rt_hyper_pending_emu_stride	/home/parallels/gap_riscv_toolchain_ubuntu/gap_sdk/gap8/rtos/pulp/pulp-os/drivers/hyper/hyperram-v1.c:52
/home/parallels/gap_riscv_toolchain_ubuntu/gap_sdk/BAC/get_image/BUILD/GAP8_V2/GCC_RISCV_PULP_OS/image_capture:0000038c 00000004 D __rt_hyper_pending_emu_task	/home/parallels/gap_riscv_toolchain_ubuntu/gap_sdk/gap8/rtos/pulp/pulp-os/drivers/hyper/hyperram-v1.c:54
/home/parallels/gap_riscv_toolchain_ubuntu/gap_sdk/BAC/get_image/BUILD/GAP8_V2/GCC_RISCV_PULP_OS/image_capture:00000360 00000004 D __rt_hyper_pending_hyper_addr	/home/parallels/gap_riscv_toolchain_ubuntu/gap_sdk/gap8/rtos/pulp/pulp-os/drivers/hyper/hyperram-v1.c:32
/home/parallels/gap_riscv_toolchain_ubuntu/gap_sdk/BAC/get_image/BUILD/GAP8_V2/GCC_RISCV_PULP_OS/image_capture:00000368 00000004 D __rt_hyper_pending_repeat	/home/parallels/gap_riscv_toolchain_ubuntu/gap_sdk/gap8/rtos/pulp/pulp-os/drivers/hyper/hyperram-v1.c:34
/home/parallels/gap_riscv_toolchain_ubuntu/gap_sdk/BAC/get_image/BUILD/GAP8_V2/GCC_RISCV_PULP_OS/image_capture:0000036c 00000004 D __rt_hyper_pending_repeat_size	/home/parallels/gap_riscv_toolchain_ubuntu/gap_sdk/gap8/rtos/pulp/pulp-os/drivers/hyper/hyperram-v1.c:35
/home/parallels/gap_riscv_toolchain_ubuntu/gap_sdk/BAC/get_image/BUILD/GAP8_V2/GCC_RISCV_PULP_OS/image_capture:00000390 00000004 D __rt_hyper_pending_tasks	/home/parallels/gap_riscv_toolchain_ubuntu/gap_sdk/gap8/rtos/pulp/pulp-os/drivers/hyper/hyperram-v1.c:39
/home/parallels/gap_riscv_toolchain_ubuntu/gap_sdk/BAC/get_image/BUILD/GAP8_V2/GCC_RISCV_PULP_OS/image_capture:00000394 00000004 D __rt_hyper_pending_tasks_last	/home/parallels/gap_riscv_toolchain_ubuntu/gap_sdk/gap8/rtos/pulp/pulp-os/drivers/hyper/hyperram-v1.c:40
/home/parallels/gap_riscv_toolchain_ubuntu/gap_sdk/BAC/get_image/BUILD/GAP8_V2/GCC_RISCV_PULP_OS/image_capture:00000358 00000004 D __rt_hyper_udma_handle
/home/parallels/gap_riscv_toolchain_ubuntu/gap_sdk/BAC/get_image/BUILD/GAP8_V2/GCC_RISCV_PULP_OS/image_capture:1c006edc 00000004 b __rt_i2s_first	/home/parallels/gap_riscv_toolchain_ubuntu/gap_sdk/gap8/rtos/pulp/pulp-os/drivers_deprecated/i2s/i2s-v1.c:40
/home/parallels/gap_riscv_toolchain_ubuntu/gap_sdk/BAC/get_image/BUILD/GAP8_V2/GCC_RISCV_PULP_OS/image_capture:1c006b70 00000004 V __rt_iodev
/home/parallels/gap_riscv_toolchain_ubuntu/gap_sdk/BAC/get_image/BUILD/GAP8_V2/GCC_RISCV_PULP_OS/image_capture:1c006b74 00000004 V __rt_iodev_uart_baudrate
/home/parallels/gap_riscv_toolchain_ubuntu/gap_sdk/BAC/get_image/BUILD/GAP8_V2/GCC_RISCV_PULP_OS/image_capture:1c006ec4 00000004 V __rt_iodev_uart_channel
/home/parallels/gap_riscv_toolchain_ubuntu/gap_sdk/BAC/get_image/BUILD/GAP8_V2/GCC_RISCV_PULP_OS/image_capture:1c006ee8 00000004 b __rt_io_event_current	/home/parallels/gap_riscv_toolchain_ubuntu/gap_sdk/gap8/rtos/pulp/pulp-os/libs/io/io.c:40
/home/parallels/gap_riscv_toolchain_ubuntu/gap_sdk/BAC/get_image/BUILD/GAP8_V2/GCC_RISCV_PULP_OS/image_capture:1c006eec 00000004 b __rt_io_pending_flush	/home/parallels/gap_riscv_toolchain_ubuntu/gap_sdk/gap8/rtos/pulp/pulp-os/libs/io/io.c:50
/home/parallels/gap_riscv_toolchain_ubuntu/gap_sdk/BAC/get_image/BUILD/GAP8_V2/GCC_RISCV_PULP_OS/image_capture:1c006ef4 00000004 b _rt_io_uart	/home/parallels/gap_riscv_toolchain_ubuntu/gap_sdk/gap8/rtos/pulp/pulp-os/libs/io/io.c:38
/home/parallels/gap_riscv_toolchain_ubuntu/gap_sdk/BAC/get_image/BUILD/GAP8_V2/GCC_RISCV_PULP_OS/image_capture:1c006b78 00000004 V __rt_platform
/home/parallels/gap_riscv_toolchain_ubuntu/gap_sdk/BAC/get_image/BUILD/GAP8_V2/GCC_RISCV_PULP_OS/image_capture:1c006ef0 00000004 b __rt_putc_host_buffer_index	/home/parallels/gap_riscv_toolchain_ubuntu/gap_sdk/gap8/rtos/pulp/pulp-os/libs/io/io.c:48
/home/parallels/gap_riscv_toolchain_ubuntu/gap_sdk/BAC/get_image/BUILD/GAP8_V2/GCC_RISCV_PULP_OS/image_capture:000003dc 00000004 D __rt_rtc_init_done	/home/parallels/gap_riscv_toolchain_ubuntu/gap_sdk/gap8/rtos/pulp/pulp-os/drivers_deprecated/dolphin/rtc.c:26
/home/parallels/gap_riscv_toolchain_ubuntu/gap_sdk/BAC/get_image/BUILD/GAP8_V2/GCC_RISCV_PULP_OS/image_capture:1c006f14 00000004 B __rt_wakeup_use_fast	/home/parallels/gap_riscv_toolchain_ubuntu/gap_sdk/gap8/rtos/pulp/pulp-os/kernel/gap/pmu_driver.c:173
/home/parallels/gap_riscv_toolchain_ubuntu/gap_sdk/BAC/get_image/BUILD/GAP8_V2/GCC_RISCV_PULP_OS/image_capture:1c006ecc 00000004 b timer_count	/home/parallels/gap_riscv_toolchain_ubuntu/gap_sdk/gap8/rtos/pulp/pulp-os/kernel/time.c:23
/home/parallels/gap_riscv_toolchain_ubuntu/gap_sdk/BAC/get_image/BUILD/GAP8_V2/GCC_RISCV_PULP_OS/image_capture:1c00409c 00000006 T pi_cluster_conf_init	/home/parallels/gap_riscv_toolchain_ubuntu/gap_sdk/gap8/rtos/pulp/pulp-os/kernel/cluster.c:337
/home/parallels/gap_riscv_toolchain_ubuntu/gap_sdk/BAC/get_image/BUILD/GAP8_V2/GCC_RISCV_PULP_OS/image_capture:1c003eaa 00000006 T __rt_fll_set_freq	/home/parallels/gap_riscv_toolchain_ubuntu/gap_sdk/gap8/rtos/pulp/pulp-os/kernel/gap/pmu_driver.c:884
/home/parallels/gap_riscv_toolchain_ubuntu/gap_sdk/BAC/get_image/BUILD/GAP8_V2/GCC_RISCV_PULP_OS/image_capture:1c0052f6 00000006 T semihost_exit	/home/parallels/gap_riscv_toolchain_ubuntu/gap_sdk/gap8/rtos/pulp/pulp-os/libs/io/semihost.c:51
/home/parallels/gap_riscv_toolchain_ubuntu/gap_sdk/BAC/get_image/BUILD/GAP8_V2/GCC_RISCV_PULP_OS/image_capture:1c0052f0 00000006 T semihost_write0	/home/parallels/gap_riscv_toolchain_ubuntu/gap_sdk/gap8/rtos/pulp/pulp-os/libs/io/semihost.c:6
/home/parallels/gap_riscv_toolchain_ubuntu/gap_sdk/BAC/get_image/BUILD/GAP8_V2/GCC_RISCV_PULP_OS/image_capture:1c006b80 00000007 d SystemStateToSCUFastSeq	/home/parallels/gap_riscv_toolchain_ubuntu/gap_sdk/gap8/rtos/pulp/pulp-os/kernel/gap/pmu_driver.c:176
/home/parallels/gap_riscv_toolchain_ubuntu/gap_sdk/BAC/get_image/BUILD/GAP8_V2/GCC_RISCV_PULP_OS/image_capture:1c006ba0 00000008 D FllsFrequency
/home/parallels/gap_riscv_toolchain_ubuntu/gap_sdk/BAC/get_image/BUILD/GAP8_V2/GCC_RISCV_PULP_OS/image_capture:1c0011de 00000008 T pi_fs_close	/home/parallels/gap_riscv_toolchain_ubuntu/gap_sdk/rtos/pmsis/bsp/fs/fs.c:80
/home/parallels/gap_riscv_toolchain_ubuntu/gap_sdk/BAC/get_image/BUILD/GAP8_V2/GCC_RISCV_PULP_OS/image_capture:1c0011d6 00000008 T pi_fs_open	/home/parallels/gap_riscv_toolchain_ubuntu/gap_sdk/rtos/pmsis/bsp/fs/fs.c:74
/home/parallels/gap_riscv_toolchain_ubuntu/gap_sdk/BAC/get_image/BUILD/GAP8_V2/GCC_RISCV_PULP_OS/image_capture:1c0011e6 00000008 T pi_fs_read_async	/home/parallels/gap_riscv_toolchain_ubuntu/gap_sdk/rtos/pmsis/bsp/fs/fs.c:85
/home/parallels/gap_riscv_toolchain_ubuntu/gap_sdk/BAC/get_image/BUILD/GAP8_V2/GCC_RISCV_PULP_OS/image_capture:1c0011ce 00000008 T pi_fs_unmount	/home/parallels/gap_riscv_toolchain_ubuntu/gap_sdk/rtos/pmsis/bsp/fs/fs.c:68
/home/parallels/gap_riscv_toolchain_ubuntu/gap_sdk/BAC/get_image/BUILD/GAP8_V2/GCC_RISCV_PULP_OS/image_capture:1c001214 00000008 T pi_fs_write_async	/home/parallels/gap_riscv_toolchain_ubuntu/gap_sdk/rtos/pmsis/bsp/fs/fs.c:98
/home/parallels/gap_riscv_toolchain_ubuntu/gap_sdk/BAC/get_image/BUILD/GAP8_V2/GCC_RISCV_PULP_OS/image_capture:1c006f0c 00000008 B __rt_freq_domains
/home/parallels/gap_riscv_toolchain_ubuntu/gap_sdk/BAC/get_image/BUILD/GAP8_V2/GCC_RISCV_PULP_OS/image_capture:000002b0 00000008 D __rt_socevents_status
/home/parallels/gap_riscv_toolchain_ubuntu/gap_sdk/BAC/get_image/BUILD/GAP8_V2/GCC_RISCV_PULP_OS/image_capture:1c006ee0 00000008 b __rt_spim_open_count	/home/parallels/gap_riscv_toolchain_ubuntu/gap_sdk/gap8/rtos/pulp/pulp-os/drivers_deprecated/spim/spim-v2.c:26
/home/parallels/gap_riscv_toolchain_ubuntu/gap_sdk/BAC/get_image/BUILD/GAP8_V2/GCC_RISCV_PULP_OS/image_capture:1c005266 0000000a T abort	/home/parallels/gap_riscv_toolchain_ubuntu/gap_sdk/gap8/rtos/pulp/pulp-os/libs/io/io.c:739
/home/parallels/gap_riscv_toolchain_ubuntu/gap_sdk/BAC/get_image/BUILD/GAP8_V2/GCC_RISCV_PULP_OS/image_capture:1c0019f6 0000000a T __himax_capture_async	/home/parallels/gap_riscv_toolchain_ubuntu/gap_sdk/rtos/pmsis/bsp/camera/himax/himax.c:475
/home/parallels/gap_riscv_toolchain_ubuntu/gap_sdk/BAC/get_image/BUILD/GAP8_V2/GCC_RISCV_PULP_OS/image_capture:1c004496 0000000a T pi_cpi_conf_init	/home/parallels/gap_riscv_toolchain_ubuntu/gap_sdk/gap8/rtos/pulp/pulp-os/drivers/cpi/cpi-v1.c:29
/home/parallels/gap_riscv_toolchain_ubuntu/gap_sdk/BAC/get_image/BUILD/GAP8_V2/GCC_RISCV_PULP_OS/image_capture:1c001d66 0000000a T pi_partition_get_flash_offset	/home/parallels/gap_riscv_toolchain_ubuntu/gap_sdk/rtos/pmsis/bsp/partition/partition.c:38
/home/parallels/gap_riscv_toolchain_ubuntu/gap_sdk/BAC/get_image/BUILD/GAP8_V2/GCC_RISCV_PULP_OS/image_capture:1c004b76 0000000a T __rt_himax_init	/home/parallels/gap_riscv_toolchain_ubuntu/gap_sdk/gap8/rtos/pulp/pulp-os/drivers_deprecated/camera/himax.c:400
/home/parallels/gap_riscv_toolchain_ubuntu/gap_sdk/BAC/get_image/BUILD/GAP8_V2/GCC_RISCV_PULP_OS/image_capture:1c004966 0000000a T __rt_padframe_init	/home/parallels/gap_riscv_toolchain_ubuntu/gap_sdk/gap8/rtos/pulp/pulp-os/drivers_deprecated/pads/pads-v1.c:58
/home/parallels/gap_riscv_toolchain_ubuntu/gap_sdk/BAC/get_image/BUILD/GAP8_V2/GCC_RISCV_PULP_OS/image_capture:1c006cb8 0000000c b camera	/home/parallels/gap_riscv_toolchain_ubuntu/gap_sdk/BAC/get_image/image_capture.c:18
/home/parallels/gap_riscv_toolchain_ubuntu/gap_sdk/BAC/get_image/BUILD/GAP8_V2/GCC_RISCV_PULP_OS/image_capture:1c000bf0 0000000c t handle_transfer_end	/home/parallels/gap_riscv_toolchain_ubuntu/gap_sdk/BAC/get_image/image_capture.c:21
/home/parallels/gap_riscv_toolchain_ubuntu/gap_sdk/BAC/get_image/BUILD/GAP8_V2/GCC_RISCV_PULP_OS/image_capture:1c0018b4 0000000c T pi_camera_open	/home/parallels/gap_riscv_toolchain_ubuntu/gap_sdk/rtos/pmsis/bsp/camera/camera.c:24
/home/parallels/gap_riscv_toolchain_ubuntu/gap_sdk/BAC/get_image/BUILD/GAP8_V2/GCC_RISCV_PULP_OS/image_capture:1c0016b0 0000000c t __pi_host_fs_mount	/home/parallels/gap_riscv_toolchain_ubuntu/gap_sdk/rtos/pmsis/bsp/fs/host_fs/host_fs.c:34
/home/parallels/gap_riscv_toolchain_ubuntu/gap_sdk/BAC/get_image/BUILD/GAP8_V2/GCC_RISCV_PULP_OS/image_capture:1c003578 0000000c T pi_l2_malloc	/home/parallels/gap_riscv_toolchain_ubuntu/gap_sdk/gap8/rtos/pulp/pulp-os/kernel/alloc.c:595
/home/parallels/gap_riscv_toolchain_ubuntu/gap_sdk/BAC/get_image/BUILD/GAP8_V2/GCC_RISCV_PULP_OS/image_capture:00000004 0000000c D __rt_cluster_pool
/home/parallels/gap_riscv_toolchain_ubuntu/gap_sdk/BAC/get_image/BUILD/GAP8_V2/GCC_RISCV_PULP_OS/image_capture:1c0049dc 0000000c T __rt_udma_channel_reg_data	/home/parallels/gap_riscv_toolchain_ubuntu/gap_sdk/gap8/rtos/pulp/pulp-os/drivers/udma/udma-v2.c:100
/home/parallels/gap_riscv_toolchain_ubuntu/gap_sdk/BAC/get_image/BUILD/GAP8_V2/GCC_RISCV_PULP_OS/image_capture:1c002b0a 0000000e T bsp_himax_open
/home/parallels/gap_riscv_toolchain_ubuntu/gap_sdk/BAC/get_image/BUILD/GAP8_V2/GCC_RISCV_PULP_OS/image_capture:1c0016a2 0000000e t __internal_semihost	/home/parallels/gap_riscv_toolchain_ubuntu/gap_sdk/rtos/pmsis/bsp/fs/host_fs/semihost.h:75
/home/parallels/gap_riscv_toolchain_ubuntu/gap_sdk/BAC/get_image/BUILD/GAP8_V2/GCC_RISCV_PULP_OS/image_capture:1c0052e2 0000000e t __internal_semihost	/home/parallels/gap_riscv_toolchain_ubuntu/gap_sdk/gap8/rtos/pulp/pulp-os/libs/io/semihost.h:75
/home/parallels/gap_riscv_toolchain_ubuntu/gap_sdk/BAC/get_image/BUILD/GAP8_V2/GCC_RISCV_PULP_OS/image_capture:1c003584 0000000e T pi_l2_free	/home/parallels/gap_riscv_toolchain_ubuntu/gap_sdk/gap8/rtos/pulp/pulp-os/kernel/alloc.c:600
/home/parallels/gap_riscv_toolchain_ubuntu/gap_sdk/BAC/get_image/BUILD/GAP8_V2/GCC_RISCV_PULP_OS/image_capture:1c004ba4 0000000e t __rt_io_end_of_flush	/home/parallels/gap_riscv_toolchain_ubuntu/gap_sdk/gap8/rtos/pulp/pulp-os/libs/io/io.c:366
/home/parallels/gap_riscv_toolchain_ubuntu/gap_sdk/BAC/get_image/BUILD/GAP8_V2/GCC_RISCV_PULP_OS/image_capture:1c004faa 00000010 T memset	/home/parallels/gap_riscv_toolchain_ubuntu/gap_sdk/gap8/rtos/pulp/pulp-os/libs/io/io.c:150
/home/parallels/gap_riscv_toolchain_ubuntu/gap_sdk/BAC/get_image/BUILD/GAP8_V2/GCC_RISCV_PULP_OS/image_capture:1c001280 00000010 t __pi_read_fs_seek	/home/parallels/gap_riscv_toolchain_ubuntu/gap_sdk/rtos/pmsis/bsp/fs/read_fs/read_fs.c:519
/home/parallels/gap_riscv_toolchain_ubuntu/gap_sdk/BAC/get_image/BUILD/GAP8_V2/GCC_RISCV_PULP_OS/image_capture:1c006b88 00000010 D PMUState
/home/parallels/gap_riscv_toolchain_ubuntu/gap_sdk/BAC/get_image/BUILD/GAP8_V2/GCC_RISCV_PULP_OS/image_capture:1b000c0c 00000010 d __rt_io_fc_lock	/home/parallels/gap_riscv_toolchain_ubuntu/gap_sdk/gap8/rtos/pulp/pulp-os/libs/io/io.c:35
/home/parallels/gap_riscv_toolchain_ubuntu/gap_sdk/BAC/get_image/BUILD/GAP8_V2/GCC_RISCV_PULP_OS/image_capture:1c006a64 00000010 V __rt_padframe_default	/home/parallels/gap_riscv_toolchain_ubuntu/gap_sdk/gap8/rtos/pulp/pulp-os/drivers_deprecated/pads/pads-v1.c:28
/home/parallels/gap_riscv_toolchain_ubuntu/gap_sdk/BAC/get_image/BUILD/GAP8_V2/GCC_RISCV_PULP_OS/image_capture:1c006a74 00000010 V __rt_padframe_hyper	/home/parallels/gap_riscv_toolchain_ubuntu/gap_sdk/gap8/rtos/pulp/pulp-os/drivers_deprecated/pads/pads-v1.c:30
/home/parallels/gap_riscv_toolchain_ubuntu/gap_sdk/BAC/get_image/BUILD/GAP8_V2/GCC_RISCV_PULP_OS/image_capture:1c006a84 00000010 V __rt_padframe_hyper_gpio	/home/parallels/gap_riscv_toolchain_ubuntu/gap_sdk/gap8/rtos/pulp/pulp-os/drivers_deprecated/pads/pads-v1.c:32
/home/parallels/gap_riscv_toolchain_ubuntu/gap_sdk/BAC/get_image/BUILD/GAP8_V2/GCC_RISCV_PULP_OS/image_capture:1c006eb0 00000010 b __rt_uart	/home/parallels/gap_riscv_toolchain_ubuntu/gap_sdk/gap8/rtos/pulp/pulp-os/drivers_deprecated/uart/uart.c:43
/home/parallels/gap_riscv_toolchain_ubuntu/gap_sdk/BAC/get_image/BUILD/GAP8_V2/GCC_RISCV_PULP_OS/image_capture:1c00604a 00000010 T rt_uart_conf_init
/home/parallels/gap_riscv_toolchain_ubuntu/gap_sdk/BAC/get_image/BUILD/GAP8_V2/GCC_RISCV_PULP_OS/image_capture:1c001190 00000012 T pi_fs_conf_init	/home/parallels/gap_riscv_toolchain_ubuntu/gap_sdk/rtos/pmsis/bsp/fs/fs.c:26
/home/parallels/gap_riscv_toolchain_ubuntu/gap_sdk/BAC/get_image/BUILD/GAP8_V2/GCC_RISCV_PULP_OS/image_capture:1c004586 00000012 t __rt_cpi_init	/home/parallels/gap_riscv_toolchain_ubuntu/gap_sdk/gap8/rtos/pulp/pulp-os/drivers/cpi/cpi-v1.c:115
/home/parallels/gap_riscv_toolchain_ubuntu/gap_sdk/BAC/get_image/BUILD/GAP8_V2/GCC_RISCV_PULP_OS/image_capture:1c0033d0 00000012 T __rt_event_sched_init	/home/parallels/gap_riscv_toolchain_ubuntu/gap_sdk/gap8/rtos/pulp/pulp-os/kernel/events.c:264
/home/parallels/gap_riscv_toolchain_ubuntu/gap_sdk/BAC/get_image/BUILD/GAP8_V2/GCC_RISCV_PULP_OS/image_capture:1c003e94 00000012 T __rt_fll_init	/home/parallels/gap_riscv_toolchain_ubuntu/gap_sdk/gap8/rtos/pulp/pulp-os/kernel/gap/pmu_driver.c:871
/home/parallels/gap_riscv_toolchain_ubuntu/gap_sdk/BAC/get_image/BUILD/GAP8_V2/GCC_RISCV_PULP_OS/image_capture:1c004b80 00000012 T __rt_rtc_init	/home/parallels/gap_riscv_toolchain_ubuntu/gap_sdk/gap8/rtos/pulp/pulp-os/drivers_deprecated/dolphin/rtc.c:414
/home/parallels/gap_riscv_toolchain_ubuntu/gap_sdk/BAC/get_image/BUILD/GAP8_V2/GCC_RISCV_PULP_OS/image_capture:1c004b92 00000012 T __rt_spim_init	/home/parallels/gap_riscv_toolchain_ubuntu/gap_sdk/gap8/rtos/pulp/pulp-os/drivers_deprecated/spim/spim-v2.c:446
/home/parallels/gap_riscv_toolchain_ubuntu/gap_sdk/BAC/get_image/BUILD/GAP8_V2/GCC_RISCV_PULP_OS/image_capture:1c0048da 00000014 T pi_i2c_conf_init	/home/parallels/gap_riscv_toolchain_ubuntu/gap_sdk/gap8/rtos/pulp/pulp-os/drivers/i2c/i2c-v2.c:300
/home/parallels/gap_riscv_toolchain_ubuntu/gap_sdk/BAC/get_image/BUILD/GAP8_V2/GCC_RISCV_PULP_OS/image_capture:0000001c 00000014 D __rt_sched
/home/parallels/gap_riscv_toolchain_ubuntu/gap_sdk/BAC/get_image/BUILD/GAP8_V2/GCC_RISCV_PULP_OS/image_capture:1c004f60 00000014 T strcmp	/home/parallels/gap_riscv_toolchain_ubuntu/gap_sdk/gap8/rtos/pulp/pulp-os/libs/io/io.c:97
/home/parallels/gap_riscv_toolchain_ubuntu/gap_sdk/BAC/get_image/BUILD/GAP8_V2/GCC_RISCV_PULP_OS/image_capture:1c0016be 00000016 t __pi_host_fs_seek	/home/parallels/gap_riscv_toolchain_ubuntu/gap_sdk/rtos/pmsis/bsp/fs/host_fs/host_fs.c:109
/home/parallels/gap_riscv_toolchain_ubuntu/gap_sdk/BAC/get_image/BUILD/GAP8_V2/GCC_RISCV_PULP_OS/image_capture:1c004f94 00000016 T strlen	/home/parallels/gap_riscv_toolchain_ubuntu/gap_sdk/gap8/rtos/pulp/pulp-os/libs/io/io.c:124
/home/parallels/gap_riscv_toolchain_ubuntu/gap_sdk/BAC/get_image/BUILD/GAP8_V2/GCC_RISCV_PULP_OS/image_capture:1c002af2 00000018 T bsp_himax_conf_init	/home/parallels/gap_riscv_toolchain_ubuntu/gap_sdk/rtos/pmsis/bsp/bsp/ai_deck.c:105
/home/parallels/gap_riscv_toolchain_ubuntu/gap_sdk/BAC/get_image/BUILD/GAP8_V2/GCC_RISCV_PULP_OS/image_capture:1b000bf0 00000018 d cbsys_first	/home/parallels/gap_riscv_toolchain_ubuntu/gap_sdk/gap8/rtos/pulp/pulp-os/kernel/utils.c:30
/home/parallels/gap_riscv_toolchain_ubuntu/gap_sdk/BAC/get_image/BUILD/GAP8_V2/GCC_RISCV_PULP_OS/image_capture:1c001948 00000018 T __himax_reg_set	/home/parallels/gap_riscv_toolchain_ubuntu/gap_sdk/rtos/pmsis/bsp/camera/himax/himax.c:484
/home/parallels/gap_riscv_toolchain_ubuntu/gap_sdk/BAC/get_image/BUILD/GAP8_V2/GCC_RISCV_PULP_OS/image_capture:1c0012a8 00000018 t __pi_read_fs_copy_2d_async	/home/parallels/gap_riscv_toolchain_ubuntu/gap_sdk/rtos/pmsis/bsp/fs/read_fs/read_fs.c:661
/home/parallels/gap_riscv_toolchain_ubuntu/gap_sdk/BAC/get_image/BUILD/GAP8_V2/GCC_RISCV_PULP_OS/image_capture:1c001290 00000018 t __pi_read_fs_copy_async	/home/parallels/gap_riscv_toolchain_ubuntu/gap_sdk/rtos/pmsis/bsp/fs/read_fs/read_fs.c:652
/home/parallels/gap_riscv_toolchain_ubuntu/gap_sdk/BAC/get_image/BUILD/GAP8_V2/GCC_RISCV_PULP_OS/image_capture:1c0033b8 00000018 T rt_event_wait	/home/parallels/gap_riscv_toolchain_ubuntu/gap_sdk/gap8/rtos/pulp/pulp-os/kernel/events.c:257
/home/parallels/gap_riscv_toolchain_ubuntu/gap_sdk/BAC/get_image/BUILD/GAP8_V2/GCC_RISCV_PULP_OS/image_capture:1c006a94 00000018 V __rt_padframe_profiles
/home/parallels/gap_riscv_toolchain_ubuntu/gap_sdk/BAC/get_image/BUILD/GAP8_V2/GCC_RISCV_PULP_OS/image_capture:1c003592 00000018 t __rt_time_poweroff	/home/parallels/gap_riscv_toolchain_ubuntu/gap_sdk/gap8/rtos/pulp/pulp-os/kernel/time.c:28
/home/parallels/gap_riscv_toolchain_ubuntu/gap_sdk/BAC/get_image/BUILD/GAP8_V2/GCC_RISCV_PULP_OS/image_capture:1c0035aa 00000018 t __rt_time_poweron	/home/parallels/gap_riscv_toolchain_ubuntu/gap_sdk/gap8/rtos/pulp/pulp-os/kernel/time.c:37
/home/parallels/gap_riscv_toolchain_ubuntu/gap_sdk/BAC/get_image/BUILD/GAP8_V2/GCC_RISCV_PULP_OS/image_capture:1c0049c4 00000018 T __rt_udma_channel_init	/home/parallels/gap_riscv_toolchain_ubuntu/gap_sdk/gap8/rtos/pulp/pulp-os/drivers/udma/udma-v2.c:89
/home/parallels/gap_riscv_toolchain_ubuntu/gap_sdk/BAC/get_image/BUILD/GAP8_V2/GCC_RISCV_PULP_OS/image_capture:1c00323e 00000018 T __rt_wait_event_prepare_blocking	/home/parallels/gap_riscv_toolchain_ubuntu/gap_sdk/gap8/rtos/pulp/pulp-os/kernel/events.c:42
/home/parallels/gap_riscv_toolchain_ubuntu/gap_sdk/BAC/get_image/BUILD/GAP8_V2/GCC_RISCV_PULP_OS/image_capture:1c00517c 0000001a T fputc_locked
/home/parallels/gap_riscv_toolchain_ubuntu/gap_sdk/BAC/get_image/BUILD/GAP8_V2/GCC_RISCV_PULP_OS/image_capture:1c000dfe 0000001a T main	/home/parallels/gap_riscv_toolchain_ubuntu/gap_sdk/BAC/get_image/image_capture.c:128
/home/parallels/gap_riscv_toolchain_ubuntu/gap_sdk/BAC/get_image/BUILD/GAP8_V2/GCC_RISCV_PULP_OS/image_capture:1c0032ca 0000001a T rt_event_get	/home/parallels/gap_riscv_toolchain_ubuntu/gap_sdk/gap8/rtos/pulp/pulp-os/kernel/events.c:105
/home/parallels/gap_riscv_toolchain_ubuntu/gap_sdk/BAC/get_image/BUILD/GAP8_V2/GCC_RISCV_PULP_OS/image_capture:1c004ff0 0000001a T strchr	/home/parallels/gap_riscv_toolchain_ubuntu/gap_sdk/gap8/rtos/pulp/pulp-os/libs/io/io.c:278
/home/parallels/gap_riscv_toolchain_ubuntu/gap_sdk/BAC/get_image/BUILD/GAP8_V2/GCC_RISCV_PULP_OS/image_capture:1c006a48 0000001c d himax_api	/home/parallels/gap_riscv_toolchain_ubuntu/gap_sdk/rtos/pmsis/bsp/camera/himax/himax.c:502
/home/parallels/gap_riscv_toolchain_ubuntu/gap_sdk/BAC/get_image/BUILD/GAP8_V2/GCC_RISCV_PULP_OS/image_capture:1c0019da 0000001c T __himax_reg_get	/home/parallels/gap_riscv_toolchain_ubuntu/gap_sdk/rtos/pmsis/bsp/camera/himax/himax.c:493
/home/parallels/gap_riscv_toolchain_ubuntu/gap_sdk/BAC/get_image/BUILD/GAP8_V2/GCC_RISCV_PULP_OS/image_capture:1c00181e 0000001c t __pi_host_fs_close	/home/parallels/gap_riscv_toolchain_ubuntu/gap_sdk/rtos/pmsis/bsp/fs/host_fs/host_fs.c:67
/home/parallels/gap_riscv_toolchain_ubuntu/gap_sdk/BAC/get_image/BUILD/GAP8_V2/GCC_RISCV_PULP_OS/image_capture:1c002fa0 0000001c t __rt_event_enqueue	/home/parallels/gap_riscv_toolchain_ubuntu/gap_sdk/install/GAP8_V2/include/rt/rt_event.h:405
/home/parallels/gap_riscv_toolchain_ubuntu/gap_sdk/BAC/get_image/BUILD/GAP8_V2/GCC_RISCV_PULP_OS/image_capture:1c004478 0000001e T pi_pad_init	/home/parallels/gap_riscv_toolchain_ubuntu/gap_sdk/gap8/rtos/pulp/pulp-os/drivers/pads/pads-v1.c:31
/home/parallels/gap_riscv_toolchain_ubuntu/gap_sdk/BAC/get_image/BUILD/GAP8_V2/GCC_RISCV_PULP_OS/image_capture:1c00311c 0000001e T __rt_bridge_clear_notif	/home/parallels/gap_riscv_toolchain_ubuntu/gap_sdk/gap8/rtos/pulp/pulp-os/kernel/bridge.c:838
/home/parallels/gap_riscv_toolchain_ubuntu/gap_sdk/BAC/get_image/BUILD/GAP8_V2/GCC_RISCV_PULP_OS/image_capture:1c0030de 0000001e T __rt_bridge_set_available	/home/parallels/gap_riscv_toolchain_ubuntu/gap_sdk/gap8/rtos/pulp/pulp-os/kernel/bridge.c:725
/home/parallels/gap_riscv_toolchain_ubuntu/gap_sdk/BAC/get_image/BUILD/GAP8_V2/GCC_RISCV_PULP_OS/image_capture:1c0018c2 00000020 t __himax_reg_write	/home/parallels/gap_riscv_toolchain_ubuntu/gap_sdk/rtos/pmsis/bsp/camera/himax/himax.c:163
/home/parallels/gap_riscv_toolchain_ubuntu/gap_sdk/BAC/get_image/BUILD/GAP8_V2/GCC_RISCV_PULP_OS/image_capture:1c0046c4 00000020 T pi_i2c_write	/home/parallels/gap_riscv_toolchain_ubuntu/gap_sdk/gap8/rtos/pulp/pulp-os/drivers/i2c/i2c-v2.c:182
/home/parallels/gap_riscv_toolchain_ubuntu/gap_sdk/BAC/get_image/BUILD/GAP8_V2/GCC_RISCV_PULP_OS/image_capture:1c0053ba 00000020 t _rlrshift	/home/parallels/gap_riscv_toolchain_ubuntu/gap_sdk/gap8/rtos/pulp/pulp-os/libs/io/prf.c:122
/home/parallels/gap_riscv_toolchain_ubuntu/gap_sdk/BAC/get_image/BUILD/GAP8_V2/GCC_RISCV_PULP_OS/image_capture:1c002fbc 00000020 t __rt_bridge_check_bridge_req.part.5	/home/parallels/gap_riscv_toolchain_ubuntu/gap_sdk/gap8/rtos/pulp/pulp-os/kernel/bridge.c:638
/home/parallels/gap_riscv_toolchain_ubuntu/gap_sdk/BAC/get_image/BUILD/GAP8_V2/GCC_RISCV_PULP_OS/image_capture:1c0030fc 00000020 T __rt_bridge_send_notif	/home/parallels/gap_riscv_toolchain_ubuntu/gap_sdk/gap8/rtos/pulp/pulp-os/kernel/bridge.c:821
/home/parallels/gap_riscv_toolchain_ubuntu/gap_sdk/BAC/get_image/BUILD/GAP8_V2/GCC_RISCV_PULP_OS/image_capture:1c006d78 00000020 b __rt_cpi	/home/parallels/gap_riscv_toolchain_ubuntu/gap_sdk/gap8/rtos/pulp/pulp-os/drivers/cpi/cpi-v1.c:23
/home/parallels/gap_riscv_toolchain_ubuntu/gap_sdk/BAC/get_image/BUILD/GAP8_V2/GCC_RISCV_PULP_OS/image_capture:1c004c9c 00000020 t rt_event_execute.isra.4.constprop.12	/home/parallels/gap_riscv_toolchain_ubuntu/gap_sdk/gap8/rtos/pulp/pulp-os/libs/io/io.c:795
/home/parallels/gap_riscv_toolchain_ubuntu/gap_sdk/BAC/get_image/BUILD/GAP8_V2/GCC_RISCV_PULP_OS/image_capture:1c003664 00000020 T rt_time_wait_us	/home/parallels/gap_riscv_toolchain_ubuntu/gap_sdk/gap8/rtos/pulp/pulp-os/kernel/time.c:176
/home/parallels/gap_riscv_toolchain_ubuntu/gap_sdk/BAC/get_image/BUILD/GAP8_V2/GCC_RISCV_PULP_OS/image_capture:1c0033e2 00000020 T rt_user_alloc_init	/home/parallels/gap_riscv_toolchain_ubuntu/gap_sdk/gap8/rtos/pulp/pulp-os/kernel/alloc.c:193
/home/parallels/gap_riscv_toolchain_ubuntu/gap_sdk/BAC/get_image/BUILD/GAP8_V2/GCC_RISCV_PULP_OS/image_capture:1c004f74 00000020 T strncmp	/home/parallels/gap_riscv_toolchain_ubuntu/gap_sdk/gap8/rtos/pulp/pulp-os/libs/io/io.c:108
/home/parallels/gap_riscv_toolchain_ubuntu/gap_sdk/BAC/get_image/BUILD/GAP8_V2/GCC_RISCV_PULP_OS/image_capture:1c001b88 00000022 t __himax_standby
/home/parallels/gap_riscv_toolchain_ubuntu/gap_sdk/BAC/get_image/BUILD/GAP8_V2/GCC_RISCV_PULP_OS/image_capture:1c0047a0 00000022 T pi_i2c_read	/home/parallels/gap_riscv_toolchain_ubuntu/gap_sdk/gap8/rtos/pulp/pulp-os/drivers/i2c/i2c-v2.c:230
/home/parallels/gap_riscv_toolchain_ubuntu/gap_sdk/BAC/get_image/BUILD/GAP8_V2/GCC_RISCV_PULP_OS/image_capture:1c0034c4 00000022 T __rt_alloc_init_l1	/home/parallels/gap_riscv_toolchain_ubuntu/gap_sdk/gap8/rtos/pulp/pulp-os/kernel/alloc.c:445
/home/parallels/gap_riscv_toolchain_ubuntu/gap_sdk/BAC/get_image/BUILD/GAP8_V2/GCC_RISCV_PULP_OS/image_capture:1c0032e4 00000022 T rt_event_get_blocking	/home/parallels/gap_riscv_toolchain_ubuntu/gap_sdk/gap8/rtos/pulp/pulp-os/kernel/events.c:127
/home/parallels/gap_riscv_toolchain_ubuntu/gap_sdk/BAC/get_image/BUILD/GAP8_V2/GCC_RISCV_PULP_OS/image_capture:1c005f52 00000022 t __rt_uart_setfreq_after	/home/parallels/gap_riscv_toolchain_ubuntu/gap_sdk/gap8/rtos/pulp/pulp-os/drivers_deprecated/uart/uart.c:135
/home/parallels/gap_riscv_toolchain_ubuntu/gap_sdk/BAC/get_image/BUILD/GAP8_V2/GCC_RISCV_PULP_OS/image_capture:1c002eaa 00000022 T __rt_utils_init	/home/parallels/gap_riscv_toolchain_ubuntu/gap_sdk/gap8/rtos/pulp/pulp-os/kernel/utils.c:84
/home/parallels/gap_riscv_toolchain_ubuntu/gap_sdk/BAC/get_image/BUILD/GAP8_V2/GCC_RISCV_PULP_OS/image_capture:1c001f4a 00000024 T flash_partition_table_free	/home/parallels/gap_riscv_toolchain_ubuntu/gap_sdk/rtos/pmsis/bsp/partition/flash_partition.c:221
/home/parallels/gap_riscv_toolchain_ubuntu/gap_sdk/BAC/get_image/BUILD/GAP8_V2/GCC_RISCV_PULP_OS/image_capture:1c001baa 00000024 t __himax_close	/home/parallels/gap_riscv_toolchain_ubuntu/gap_sdk/rtos/pmsis/bsp/camera/himax/himax.c:423
/home/parallels/gap_riscv_toolchain_ubuntu/gap_sdk/BAC/get_image/BUILD/GAP8_V2/GCC_RISCV_PULP_OS/image_capture:1c0012c0 00000024 t rt_event_enqueue	/home/parallels/gap_riscv_toolchain_ubuntu/gap_sdk/install/GAP8_V2/include/rt/rt_event.h:419
/home/parallels/gap_riscv_toolchain_ubuntu/gap_sdk/BAC/get_image/BUILD/GAP8_V2/GCC_RISCV_PULP_OS/image_capture:1c0016d4 00000024 t rt_event_enqueue	/home/parallels/gap_riscv_toolchain_ubuntu/gap_sdk/install/GAP8_V2/include/rt/rt_event.h:419
/home/parallels/gap_riscv_toolchain_ubuntu/gap_sdk/BAC/get_image/BUILD/GAP8_V2/GCC_RISCV_PULP_OS/image_capture:1c003306 00000024 T rt_event_push	/home/parallels/gap_riscv_toolchain_ubuntu/gap_sdk/gap8/rtos/pulp/pulp-os/kernel/events.c:139
/home/parallels/gap_riscv_toolchain_ubuntu/gap_sdk/BAC/get_image/BUILD/GAP8_V2/GCC_RISCV_PULP_OS/image_capture:1c005f2e 00000024 t __rt_uart_setup.isra.5	/home/parallels/gap_riscv_toolchain_ubuntu/gap_sdk/gap8/rtos/pulp/pulp-os/drivers_deprecated/uart/uart.c:222
/home/parallels/gap_riscv_toolchain_ubuntu/gap_sdk/BAC/get_image/BUILD/GAP8_V2/GCC_RISCV_PULP_OS/image_capture:1c002b18 00000026 t cluster_start	/home/parallels/gap_riscv_toolchain_ubuntu/gap_sdk/gap8/rtos/pulp/pulp-os/kernel/init.c:198
/home/parallels/gap_riscv_toolchain_ubuntu/gap_sdk/BAC/get_image/BUILD/GAP8_V2/GCC_RISCV_PULP_OS/image_capture:1c0011ee 00000026 T pi_fs_read	/home/parallels/gap_riscv_toolchain_ubuntu/gap_sdk/rtos/pmsis/bsp/fs/fs.c:90
/home/parallels/gap_riscv_toolchain_ubuntu/gap_sdk/BAC/get_image/BUILD/GAP8_V2/GCC_RISCV_PULP_OS/image_capture:1c00121c 00000026 T pi_fs_write	/home/parallels/gap_riscv_toolchain_ubuntu/gap_sdk/rtos/pmsis/bsp/fs/fs.c:103
/home/parallels/gap_riscv_toolchain_ubuntu/gap_sdk/BAC/get_image/BUILD/GAP8_V2/GCC_RISCV_PULP_OS/image_capture:1c004f3a 00000026 t __rt_io_stop	/home/parallels/gap_riscv_toolchain_ubuntu/gap_sdk/gap8/rtos/pulp/pulp-os/libs/io/io.c:769
/home/parallels/gap_riscv_toolchain_ubuntu/gap_sdk/BAC/get_image/BUILD/GAP8_V2/GCC_RISCV_PULP_OS/image_capture:1c0035c2 00000026 T rt_time_get_us	/home/parallels/gap_riscv_toolchain_ubuntu/gap_sdk/gap8/rtos/pulp/pulp-os/kernel/time.c:45
/home/parallels/gap_riscv_toolchain_ubuntu/gap_sdk/BAC/get_image/BUILD/GAP8_V2/GCC_RISCV_PULP_OS/image_capture:1c005f08 00000026 T __rt_uart_cluster_req_done	/home/parallels/gap_riscv_toolchain_ubuntu/gap_sdk/gap8/rtos/pulp/pulp-os/drivers_deprecated/uart/uart.c:253
/home/parallels/gap_riscv_toolchain_ubuntu/gap_sdk/BAC/get_image/BUILD/GAP8_V2/GCC_RISCV_PULP_OS/image_capture:1c003aa0 00000026 t soc_eu_fcEventMask_setEvent	/home/parallels/gap_riscv_toolchain_ubuntu/gap_sdk/install/GAP8_V2/include/hal/soc_eu/soc_eu_v1.h:60
/home/parallels/gap_riscv_toolchain_ubuntu/gap_sdk/BAC/get_image/BUILD/GAP8_V2/GCC_RISCV_PULP_OS/image_capture:1c004598 00000026 t soc_eu_fcEventMask_setEvent	/home/parallels/gap_riscv_toolchain_ubuntu/gap_sdk/install/GAP8_V2/include/hal/soc_eu/soc_eu_v1.h:60
/home/parallels/gap_riscv_toolchain_ubuntu/gap_sdk/BAC/get_image/BUILD/GAP8_V2/GCC_RISCV_PULP_OS/image_capture:1c006024 00000026 t soc_eu_fcEventMask_setEvent	/home/parallels/gap_riscv_toolchain_ubuntu/gap_sdk/install/GAP8_V2/include/hal/soc_eu/soc_eu_v1.h:60
/home/parallels/gap_riscv_toolchain_ubuntu/gap_sdk/BAC/get_image/BUILD/GAP8_V2/GCC_RISCV_PULP_OS/image_capture:1c006a20 00000028 D __pi_host_fs_api
/home/parallels/gap_riscv_toolchain_ubuntu/gap_sdk/BAC/get_image/BUILD/GAP8_V2/GCC_RISCV_PULP_OS/image_capture:1c0069f8 00000028 D __pi_read_fs_api
/home/parallels/gap_riscv_toolchain_ubuntu/gap_sdk/BAC/get_image/BUILD/GAP8_V2/GCC_RISCV_PULP_OS/image_capture:1c0051ca 00000028 T _prf_locked	/home/parallels/gap_riscv_toolchain_ubuntu/gap_sdk/gap8/rtos/pulp/pulp-os/libs/io/io.c:626
/home/parallels/gap_riscv_toolchain_ubuntu/gap_sdk/BAC/get_image/BUILD/GAP8_V2/GCC_RISCV_PULP_OS/image_capture:1c0034e6 00000028 T __rt_alloc_init_l1_for_fc	/home/parallels/gap_riscv_toolchain_ubuntu/gap_sdk/gap8/rtos/pulp/pulp-os/kernel/alloc.c:452
/home/parallels/gap_riscv_toolchain_ubuntu/gap_sdk/BAC/get_image/BUILD/GAP8_V2/GCC_RISCV_PULP_OS/image_capture:1c002ca4 00000028 T __rt_deinit	/home/parallels/gap_riscv_toolchain_ubuntu/gap_sdk/gap8/rtos/pulp/pulp-os/kernel/init.c:163
/home/parallels/gap_riscv_toolchain_ubuntu/gap_sdk/BAC/get_image/BUILD/GAP8_V2/GCC_RISCV_PULP_OS/image_capture:1c003216 00000028 T __rt_event_init	/home/parallels/gap_riscv_toolchain_ubuntu/gap_sdk/gap8/rtos/pulp/pulp-os/kernel/events.c:32
/home/parallels/gap_riscv_toolchain_ubuntu/gap_sdk/BAC/get_image/BUILD/GAP8_V2/GCC_RISCV_PULP_OS/image_capture:1c006f1c 00000028 B __rt_fc_cluster_data
/home/parallels/gap_riscv_toolchain_ubuntu/gap_sdk/BAC/get_image/BUILD/GAP8_V2/GCC_RISCV_PULP_OS/image_capture:1c004ad0 00000028 t __rt_i2s_setfreq_after	/home/parallels/gap_riscv_toolchain_ubuntu/gap_sdk/gap8/rtos/pulp/pulp-os/drivers_deprecated/i2s/i2s-v1.c:235
/home/parallels/gap_riscv_toolchain_ubuntu/gap_sdk/BAC/get_image/BUILD/GAP8_V2/GCC_RISCV_PULP_OS/image_capture:1c00493e 00000028 T rt_padframe_set	/home/parallels/gap_riscv_toolchain_ubuntu/gap_sdk/gap8/rtos/pulp/pulp-os/drivers_deprecated/pads/pads-v1.c:77
/home/parallels/gap_riscv_toolchain_ubuntu/gap_sdk/BAC/get_image/BUILD/GAP8_V2/GCC_RISCV_PULP_OS/image_capture:000002b8 00000028 D __rt_udma_extra_callback
/home/parallels/gap_riscv_toolchain_ubuntu/gap_sdk/BAC/get_image/BUILD/GAP8_V2/GCC_RISCV_PULP_OS/image_capture:000002e0 00000028 D __rt_udma_extra_callback_arg
/home/parallels/gap_riscv_toolchain_ubuntu/gap_sdk/BAC/get_image/BUILD/GAP8_V2/GCC_RISCV_PULP_OS/image_capture:1c00191e 0000002a t __himax_set_qqvga	/home/parallels/gap_riscv_toolchain_ubuntu/gap_sdk/rtos/pmsis/bsp/camera/himax/himax.c:214
/home/parallels/gap_riscv_toolchain_ubuntu/gap_sdk/BAC/get_image/BUILD/GAP8_V2/GCC_RISCV_PULP_OS/image_capture:1c00338e 0000002a T __rt_wait_event	/home/parallels/gap_riscv_toolchain_ubuntu/gap_sdk/gap8/rtos/pulp/pulp-os/kernel/events.c:247
/home/parallels/gap_riscv_toolchain_ubuntu/gap_sdk/BAC/get_image/BUILD/GAP8_V2/GCC_RISCV_PULP_OS/image_capture:1c0011a2 0000002c T pi_fs_mount	/home/parallels/gap_riscv_toolchain_ubuntu/gap_sdk/rtos/pmsis/bsp/fs/fs.c:40
/home/parallels/gap_riscv_toolchain_ubuntu/gap_sdk/BAC/get_image/BUILD/GAP8_V2/GCC_RISCV_PULP_OS/image_capture:1c001d3a 0000002c T pi_himax_conf_init	/home/parallels/gap_riscv_toolchain_ubuntu/gap_sdk/rtos/pmsis/bsp/camera/himax/himax.c:512
/home/parallels/gap_riscv_toolchain_ubuntu/gap_sdk/BAC/get_image/BUILD/GAP8_V2/GCC_RISCV_PULP_OS/image_capture:1c0052fc 0000002c T printf	/home/parallels/gap_riscv_toolchain_ubuntu/gap_sdk/gap8/rtos/pulp/pulp-os/libs/io/fprintf.c:41
/home/parallels/gap_riscv_toolchain_ubuntu/gap_sdk/BAC/get_image/BUILD/GAP8_V2/GCC_RISCV_PULP_OS/image_capture:1c005150 0000002c T puts	/home/parallels/gap_riscv_toolchain_ubuntu/gap_sdk/gap8/rtos/pulp/pulp-os/libs/io/io.c:576
/home/parallels/gap_riscv_toolchain_ubuntu/gap_sdk/BAC/get_image/BUILD/GAP8_V2/GCC_RISCV_PULP_OS/image_capture:1c004af8 0000002c t __rt_i2s_setfreq_before	/home/parallels/gap_riscv_toolchain_ubuntu/gap_sdk/gap8/rtos/pulp/pulp-os/drivers_deprecated/i2s/i2s-v1.c:219
/home/parallels/gap_riscv_toolchain_ubuntu/gap_sdk/BAC/get_image/BUILD/GAP8_V2/GCC_RISCV_PULP_OS/image_capture:1c006d4c 0000002c b __rt_pulpos_emu_global_cluster_task	/home/parallels/gap_riscv_toolchain_ubuntu/gap_sdk/gap8/rtos/pulp/pulp-os/kernel/pulpos_emu.c:26
/home/parallels/gap_riscv_toolchain_ubuntu/gap_sdk/BAC/get_image/BUILD/GAP8_V2/GCC_RISCV_PULP_OS/image_capture:1c005fb6 0000002c t __rt_uart_setfreq_before	/home/parallels/gap_riscv_toolchain_ubuntu/gap_sdk/gap8/rtos/pulp/pulp-os/drivers_deprecated/uart/uart.c:102
/home/parallels/gap_riscv_toolchain_ubuntu/gap_sdk/BAC/get_image/BUILD/GAP8_V2/GCC_RISCV_PULP_OS/image_capture:1c003a74 0000002c t SetFllMultDivFactors
/home/parallels/gap_riscv_toolchain_ubuntu/gap_sdk/BAC/get_image/BUILD/GAP8_V2/GCC_RISCV_PULP_OS/image_capture:1c003496 0000002e T rt_alloc
/home/parallels/gap_riscv_toolchain_ubuntu/gap_sdk/BAC/get_image/BUILD/GAP8_V2/GCC_RISCV_PULP_OS/image_capture:1c0049e8 0000002e t __rt_hyper_init	/home/parallels/gap_riscv_toolchain_ubuntu/gap_sdk/gap8/rtos/pulp/pulp-os/drivers/hyper/hyperram-v1.c:995
/home/parallels/gap_riscv_toolchain_ubuntu/gap_sdk/BAC/get_image/BUILD/GAP8_V2/GCC_RISCV_PULP_OS/image_capture:1c005196 00000030 T fputc	/home/parallels/gap_riscv_toolchain_ubuntu/gap_sdk/gap8/rtos/pulp/pulp-os/libs/io/io.c:603
/home/parallels/gap_riscv_toolchain_ubuntu/gap_sdk/BAC/get_image/BUILD/GAP8_V2/GCC_RISCV_PULP_OS/image_capture:1c002e7a 00000030 T __rt_cbsys_exec	/home/parallels/gap_riscv_toolchain_ubuntu/gap_sdk/gap8/rtos/pulp/pulp-os/kernel/utils.c:71
/home/parallels/gap_riscv_toolchain_ubuntu/gap_sdk/BAC/get_image/BUILD/GAP8_V2/GCC_RISCV_PULP_OS/image_capture:1c0028b0 00000032 T MD5_Init	/home/parallels/gap_riscv_toolchain_ubuntu/gap_sdk/rtos/pmsis/bsp/crc/md5.c:207
/home/parallels/gap_riscv_toolchain_ubuntu/gap_sdk/BAC/get_image/BUILD/GAP8_V2/GCC_RISCV_PULP_OS/image_capture:1c004178 00000032 T pi_cluster_close	/home/parallels/gap_riscv_toolchain_ubuntu/gap_sdk/gap8/rtos/pulp/pulp-os/kernel/cluster.c:370
/home/parallels/gap_riscv_toolchain_ubuntu/gap_sdk/BAC/get_image/BUILD/GAP8_V2/GCC_RISCV_PULP_OS/image_capture:1c0017a8 00000032 t __pi_host_fs_read_async	/home/parallels/gap_riscv_toolchain_ubuntu/gap_sdk/rtos/pmsis/bsp/fs/host_fs/host_fs.c:74
/home/parallels/gap_riscv_toolchain_ubuntu/gap_sdk/BAC/get_image/BUILD/GAP8_V2/GCC_RISCV_PULP_OS/image_capture:1c00115e 00000032 t pi_task_wait_on.isra.3	/home/parallels/gap_riscv_toolchain_ubuntu/gap_sdk/install/GAP8_V2/include/pmsis/implem/implem.h:70
/home/parallels/gap_riscv_toolchain_ubuntu/gap_sdk/BAC/get_image/BUILD/GAP8_V2/GCC_RISCV_PULP_OS/image_capture:1c0045be 00000032 t pi_task_wait_on.isra.3	/home/parallels/gap_riscv_toolchain_ubuntu/gap_sdk/install/GAP8_V2/include/hal/soc_eu/soc_eu_v1.h:55
/home/parallels/gap_riscv_toolchain_ubuntu/gap_sdk/BAC/get_image/BUILD/GAP8_V2/GCC_RISCV_PULP_OS/image_capture:1c002ecc 00000032 T __rt_fc_lock	/home/parallels/gap_riscv_toolchain_ubuntu/gap_sdk/gap8/rtos/pulp/pulp-os/kernel/utils.c:92
/home/parallels/gap_riscv_toolchain_ubuntu/gap_sdk/BAC/get_image/BUILD/GAP8_V2/GCC_RISCV_PULP_OS/image_capture:000003a8 00000034 D dev_rtc	/home/parallels/gap_riscv_toolchain_ubuntu/gap_sdk/gap8/rtos/pulp/pulp-os/drivers_deprecated/dolphin/rtc.c:24
/home/parallels/gap_riscv_toolchain_ubuntu/gap_sdk/BAC/get_image/BUILD/GAP8_V2/GCC_RISCV_PULP_OS/image_capture:1c00541e 00000034 t _get_digit	/home/parallels/gap_riscv_toolchain_ubuntu/gap_sdk/gap8/rtos/pulp/pulp-os/libs/io/prf.c:167
/home/parallels/gap_riscv_toolchain_ubuntu/gap_sdk/BAC/get_image/BUILD/GAP8_V2/GCC_RISCV_PULP_OS/image_capture:1c004552 00000034 T pi_cpi_capture_async	/home/parallels/gap_riscv_toolchain_ubuntu/gap_sdk/gap8/rtos/pulp/pulp-os/drivers/cpi/cpi-v1.c:102
/home/parallels/gap_riscv_toolchain_ubuntu/gap_sdk/BAC/get_image/BUILD/GAP8_V2/GCC_RISCV_PULP_OS/image_capture:1c0031e2 00000034 T __rt_bridge_init	/home/parallels/gap_riscv_toolchain_ubuntu/gap_sdk/gap8/rtos/pulp/pulp-os/kernel/bridge.c:851
/home/parallels/gap_riscv_toolchain_ubuntu/gap_sdk/BAC/get_image/BUILD/GAP8_V2/GCC_RISCV_PULP_OS/image_capture:1c002efe 00000034 T __rt_fc_unlock	/home/parallels/gap_riscv_toolchain_ubuntu/gap_sdk/gap8/rtos/pulp/pulp-os/kernel/utils.c:127
/home/parallels/gap_riscv_toolchain_ubuntu/gap_sdk/BAC/get_image/BUILD/GAP8_V2/GCC_RISCV_PULP_OS/image_capture:1c004a9c 00000034 t __rt_i2s_resume	/home/parallels/gap_riscv_toolchain_ubuntu/gap_sdk/gap8/rtos/pulp/pulp-os/drivers_deprecated/i2s/i2s-v1.c:186
/home/parallels/gap_riscv_toolchain_ubuntu/gap_sdk/BAC/get_image/BUILD/GAP8_V2/GCC_RISCV_PULP_OS/image_capture:1c004d2c 00000034 t __rt_putc_host_cluster_req	/home/parallels/gap_riscv_toolchain_ubuntu/gap_sdk/gap8/rtos/pulp/pulp-os/libs/io/io.c:451
/home/parallels/gap_riscv_toolchain_ubuntu/gap_sdk/BAC/get_image/BUILD/GAP8_V2/GCC_RISCV_PULP_OS/image_capture:1c006136 00000034 T rt_uart_cluster_write	/home/parallels/gap_riscv_toolchain_ubuntu/gap_sdk/gap8/rtos/pulp/pulp-os/drivers_deprecated/uart/uart.c:277
/home/parallels/gap_riscv_toolchain_ubuntu/gap_sdk/BAC/get_image/BUILD/GAP8_V2/GCC_RISCV_PULP_OS/image_capture:1c0019a4 00000036 t __himax_reset	/home/parallels/gap_riscv_toolchain_ubuntu/gap_sdk/rtos/pmsis/bsp/camera/himax/himax.c:203
/home/parallels/gap_riscv_toolchain_ubuntu/gap_sdk/BAC/get_image/BUILD/GAP8_V2/GCC_RISCV_PULP_OS/image_capture:1c004fba 00000036 T memcpy	/home/parallels/gap_riscv_toolchain_ubuntu/gap_sdk/gap8/rtos/pulp/pulp-os/libs/io/io.c:159
/home/parallels/gap_riscv_toolchain_ubuntu/gap_sdk/BAC/get_image/BUILD/GAP8_V2/GCC_RISCV_PULP_OS/image_capture:1c001772 00000036 t __pi_host_fs_write_async	/home/parallels/gap_riscv_toolchain_ubuntu/gap_sdk/rtos/pmsis/bsp/fs/host_fs/host_fs.c:100
/home/parallels/gap_riscv_toolchain_ubuntu/gap_sdk/BAC/get_image/BUILD/GAP8_V2/GCC_RISCV_PULP_OS/image_capture:1c002f6a 00000036 T __rt_fc_cluster_unlock	/home/parallels/gap_riscv_toolchain_ubuntu/gap_sdk/gap8/rtos/pulp/pulp-os/kernel/utils.c:199
/home/parallels/gap_riscv_toolchain_ubuntu/gap_sdk/BAC/get_image/BUILD/GAP8_V2/GCC_RISCV_PULP_OS/image_capture:1c0012e4 00000038 t __pi_fs_free	/home/parallels/gap_riscv_toolchain_ubuntu/gap_sdk/rtos/pmsis/bsp/fs/read_fs/read_fs.c:122
/home/parallels/gap_riscv_toolchain_ubuntu/gap_sdk/BAC/get_image/BUILD/GAP8_V2/GCC_RISCV_PULP_OS/image_capture:1c002f32 00000038 T __rt_fc_cluster_lock	/home/parallels/gap_riscv_toolchain_ubuntu/gap_sdk/gap8/rtos/pulp/pulp-os/kernel/utils.c:189
/home/parallels/gap_riscv_toolchain_ubuntu/gap_sdk/BAC/get_image/BUILD/GAP8_V2/GCC_RISCV_PULP_OS/image_capture:1c00313a 0000003a T __rt_bridge_printf_flush
/home/parallels/gap_riscv_toolchain_ubuntu/gap_sdk/BAC/get_image/BUILD/GAP8_V2/GCC_RISCV_PULP_OS/image_capture:1c002ab6 0000003c t __bsp_init_pads
/home/parallels/gap_riscv_toolchain_ubuntu/gap_sdk/BAC/get_image/BUILD/GAP8_V2/GCC_RISCV_PULP_OS/image_capture:1c0018e2 0000003c t __himax_init_regs	/home/parallels/gap_riscv_toolchain_ubuntu/gap_sdk/rtos/pmsis/bsp/camera/himax/himax.c:192
/home/parallels/gap_riscv_toolchain_ubuntu/gap_sdk/BAC/get_image/BUILD/GAP8_V2/GCC_RISCV_PULP_OS/image_capture:1c00421a 0000003c T __rt_cluster_new	/home/parallels/gap_riscv_toolchain_ubuntu/gap_sdk/gap8/rtos/pulp/pulp-os/kernel/cluster.c:445
/home/parallels/gap_riscv_toolchain_ubuntu/gap_sdk/BAC/get_image/BUILD/GAP8_V2/GCC_RISCV_PULP_OS/image_capture:1c004256 0000003c t __rt_cluster_pulpos_emu_init	/home/parallels/gap_riscv_toolchain_ubuntu/gap_sdk/gap8/rtos/pulp/pulp-os/kernel/pulpos_emu.c:29
/home/parallels/gap_riscv_toolchain_ubuntu/gap_sdk/BAC/get_image/BUILD/GAP8_V2/GCC_RISCV_PULP_OS/image_capture:1c005068 0000003c T __rt_putc_uart	/home/parallels/gap_riscv_toolchain_ubuntu/gap_sdk/gap8/rtos/pulp/pulp-os/libs/io/io.c:412
/home/parallels/gap_riscv_toolchain_ubuntu/gap_sdk/BAC/get_image/BUILD/GAP8_V2/GCC_RISCV_PULP_OS/image_capture:1c001242 0000003e t __pi_read_fs_write	/home/parallels/gap_riscv_toolchain_ubuntu/gap_sdk/rtos/pmsis/bsp/fs/read_fs/read_fs.c:501
/home/parallels/gap_riscv_toolchain_ubuntu/gap_sdk/BAC/get_image/BUILD/GAP8_V2/GCC_RISCV_PULP_OS/image_capture:1c002e3c 0000003e T __rt_cbsys_add	/home/parallels/gap_riscv_toolchain_ubuntu/gap_sdk/gap8/rtos/pulp/pulp-os/kernel/utils.c:57
/home/parallels/gap_riscv_toolchain_ubuntu/gap_sdk/BAC/get_image/BUILD/GAP8_V2/GCC_RISCV_PULP_OS/image_capture:1c003a36 0000003e T __rt_freq_init	/home/parallels/gap_riscv_toolchain_ubuntu/gap_sdk/gap8/rtos/pulp/pulp-os/kernel/gap/freq.c:62
/home/parallels/gap_riscv_toolchain_ubuntu/gap_sdk/BAC/get_image/BUILD/GAP8_V2/GCC_RISCV_PULP_OS/image_capture:1c003d9a 00000040 T InitFlls	/home/parallels/gap_riscv_toolchain_ubuntu/gap_sdk/gap8/rtos/pulp/pulp-os/kernel/gap/pmu_driver.c:858
/home/parallels/gap_riscv_toolchain_ubuntu/gap_sdk/BAC/get_image/BUILD/GAP8_V2/GCC_RISCV_PULP_OS/image_capture:1c004c02 00000040 t __rt_do_putc_host	/home/parallels/gap_riscv_toolchain_ubuntu/gap_sdk/gap8/rtos/pulp/pulp-os/libs/io/io.c:430
/home/parallels/gap_riscv_toolchain_ubuntu/gap_sdk/BAC/get_image/BUILD/GAP8_V2/GCC_RISCV_PULP_OS/image_capture:1c0017da 00000042 t __pi_host_fs_copy_async	/home/parallels/gap_riscv_toolchain_ubuntu/gap_sdk/rtos/pmsis/bsp/fs/host_fs/host_fs.c:115
/home/parallels/gap_riscv_toolchain_ubuntu/gap_sdk/BAC/get_image/BUILD/GAP8_V2/GCC_RISCV_PULP_OS/image_capture:1c005fe2 00000042 t __rt_uart_cluster_req	/home/parallels/gap_riscv_toolchain_ubuntu/gap_sdk/gap8/rtos/pulp/pulp-os/drivers_deprecated/uart/uart.c:266
/home/parallels/gap_riscv_toolchain_ubuntu/gap_sdk/BAC/get_image/BUILD/GAP8_V2/GCC_RISCV_PULP_OS/image_capture:1c005f74 00000042 t __rt_uart_wait_tx_done.isra.6	/home/parallels/gap_riscv_toolchain_ubuntu/gap_sdk/gap8/rtos/pulp/pulp-os/drivers_deprecated/uart/uart.c:222
/home/parallels/gap_riscv_toolchain_ubuntu/gap_sdk/BAC/get_image/BUILD/GAP8_V2/GCC_RISCV_PULP_OS/image_capture:1c001960 00000044 t __himax_reg_read	/home/parallels/gap_riscv_toolchain_ubuntu/gap_sdk/rtos/pmsis/bsp/camera/himax/himax.c:175
/home/parallels/gap_riscv_toolchain_ubuntu/gap_sdk/BAC/get_image/BUILD/GAP8_V2/GCC_RISCV_PULP_OS/image_capture:1c0053da 00000044 t _ldiv5	/home/parallels/gap_riscv_toolchain_ubuntu/gap_sdk/gap8/rtos/pulp/pulp-os/libs/io/prf.c:143
/home/parallels/gap_riscv_toolchain_ubuntu/gap_sdk/BAC/get_image/BUILD/GAP8_V2/GCC_RISCV_PULP_OS/image_capture:1c002fdc 00000046 t __rt_bridge_wait
/home/parallels/gap_riscv_toolchain_ubuntu/gap_sdk/BAC/get_image/BUILD/GAP8_V2/GCC_RISCV_PULP_OS/image_capture:1c00450a 00000048 T pi_cpi_close	/home/parallels/gap_riscv_toolchain_ubuntu/gap_sdk/gap8/rtos/pulp/pulp-os/drivers/cpi/cpi-v1.c:73
/home/parallels/gap_riscv_toolchain_ubuntu/gap_sdk/BAC/get_image/BUILD/GAP8_V2/GCC_RISCV_PULP_OS/image_capture:1c001494 00000048 t __pi_read_fs_direct_read_async	/home/parallels/gap_riscv_toolchain_ubuntu/gap_sdk/rtos/pmsis/bsp/fs/read_fs/read_fs.c:628
/home/parallels/gap_riscv_toolchain_ubuntu/gap_sdk/BAC/get_image/BUILD/GAP8_V2/GCC_RISCV_PULP_OS/image_capture:1c003402 00000048 T rt_user_alloc	/home/parallels/gap_riscv_toolchain_ubuntu/gap_sdk/gap8/rtos/pulp/pulp-os/kernel/alloc.c:207
/home/parallels/gap_riscv_toolchain_ubuntu/gap_sdk/BAC/get_image/BUILD/GAP8_V2/GCC_RISCV_PULP_OS/image_capture:1c003094 0000004a T __rt_bridge_check_connection
/home/parallels/gap_riscv_toolchain_ubuntu/gap_sdk/BAC/get_image/BUILD/GAP8_V2/GCC_RISCV_PULP_OS/image_capture:1c0039ec 0000004a T rt_freq_set_and_get	/home/parallels/gap_riscv_toolchain_ubuntu/gap_sdk/gap8/rtos/pulp/pulp-os/kernel/gap/freq.c:30
/home/parallels/gap_riscv_toolchain_ubuntu/gap_sdk/BAC/get_image/BUILD/GAP8_V2/GCC_RISCV_PULP_OS/image_capture:1c002cd0 0000004c T rt_irq_set_handler	/home/parallels/gap_riscv_toolchain_ubuntu/gap_sdk/gap8/rtos/pulp/pulp-os/kernel/irq.c:61
/home/parallels/gap_riscv_toolchain_ubuntu/gap_sdk/BAC/get_image/BUILD/GAP8_V2/GCC_RISCV_PULP_OS/image_capture:1c00344a 0000004c T rt_user_free	/home/parallels/gap_riscv_toolchain_ubuntu/gap_sdk/gap8/rtos/pulp/pulp-os/kernel/alloc.c:291
/home/parallels/gap_riscv_toolchain_ubuntu/gap_sdk/BAC/get_image/BUILD/GAP8_V2/GCC_RISCV_PULP_OS/image_capture:1c001446 0000004e t __pi_read_fs_close
/home/parallels/gap_riscv_toolchain_ubuntu/gap_sdk/BAC/get_image/BUILD/GAP8_V2/GCC_RISCV_PULP_OS/image_capture:1c0060e8 0000004e T rt_uart_close	/home/parallels/gap_riscv_toolchain_ubuntu/gap_sdk/gap8/rtos/pulp/pulp-os/drivers_deprecated/uart/uart.c:228
/home/parallels/gap_riscv_toolchain_ubuntu/gap_sdk/BAC/get_image/BUILD/GAP8_V2/GCC_RISCV_PULP_OS/image_capture:1c002d1e 00000050 T __rt_handle_illegal_instr	/home/parallels/gap_riscv_toolchain_ubuntu/gap_sdk/gap8/rtos/pulp/pulp-os/kernel/irq.c:94
/home/parallels/gap_riscv_toolchain_ubuntu/gap_sdk/BAC/get_image/BUILD/GAP8_V2/GCC_RISCV_PULP_OS/image_capture:1c0048ee 00000050 t __rt_i2c_init	/home/parallels/gap_riscv_toolchain_ubuntu/gap_sdk/gap8/rtos/pulp/pulp-os/drivers/i2c/i2c-v2.c:307
/home/parallels/gap_riscv_toolchain_ubuntu/gap_sdk/BAC/get_image/BUILD/GAP8_V2/GCC_RISCV_PULP_OS/image_capture:1c004bb2 00000050 t __rt_io_uart_wait_req	/home/parallels/gap_riscv_toolchain_ubuntu/gap_sdk/gap8/rtos/pulp/pulp-os/libs/io/io.c:315
/home/parallels/gap_riscv_toolchain_ubuntu/gap_sdk/BAC/get_image/BUILD/GAP8_V2/GCC_RISCV_PULP_OS/image_capture:00000308 00000050 D __rt_udma_channels
/home/parallels/gap_riscv_toolchain_ubuntu/gap_sdk/BAC/get_image/BUILD/GAP8_V2/GCC_RISCV_PULP_OS/image_capture:1c004b24 00000052 T __rt_i2s_init	/home/parallels/gap_riscv_toolchain_ubuntu/gap_sdk/gap8/rtos/pulp/pulp-os/drivers_deprecated/i2s/i2s-v1.c:268
/home/parallels/gap_riscv_toolchain_ubuntu/gap_sdk/BAC/get_image/BUILD/GAP8_V2/GCC_RISCV_PULP_OS/image_capture:1c002d6e 00000052 T __rt_irq_init	/home/parallels/gap_riscv_toolchain_ubuntu/gap_sdk/gap8/rtos/pulp/pulp-os/kernel/irq.c:103
/home/parallels/gap_riscv_toolchain_ubuntu/gap_sdk/BAC/get_image/BUILD/GAP8_V2/GCC_RISCV_PULP_OS/image_capture:1c004970 00000054 T __rt_udma_copy_enqueue	/home/parallels/gap_riscv_toolchain_ubuntu/gap_sdk/gap8/rtos/pulp/pulp-os/drivers/udma/udma-v2.c:55
/home/parallels/gap_riscv_toolchain_ubuntu/gap_sdk/BAC/get_image/BUILD/GAP8_V2/GCC_RISCV_PULP_OS/image_capture:1c003938 00000056 T __rt_periph_wait_event	/home/parallels/gap_riscv_toolchain_ubuntu/gap_sdk/gap8/rtos/pulp/pulp-os/kernel/periph-v2.c:237
/home/parallels/gap_riscv_toolchain_ubuntu/gap_sdk/BAC/get_image/BUILD/GAP8_V2/GCC_RISCV_PULP_OS/image_capture:1c004c42 0000005a t __rt_io_start	/home/parallels/gap_riscv_toolchain_ubuntu/gap_sdk/gap8/rtos/pulp/pulp-os/libs/io/io.c:746
/home/parallels/gap_riscv_toolchain_ubuntu/gap_sdk/BAC/get_image/BUILD/GAP8_V2/GCC_RISCV_PULP_OS/image_capture:1c004322 0000005c T rt_cluster_mount	/home/parallels/gap_riscv_toolchain_ubuntu/gap_sdk/gap8/rtos/pulp/pulp-os/kernel/pulpos_emu.c:68
/home/parallels/gap_riscv_toolchain_ubuntu/gap_sdk/BAC/get_image/BUILD/GAP8_V2/GCC_RISCV_PULP_OS/image_capture:1c00616a 0000005c T __rt_uart_init	/home/parallels/gap_riscv_toolchain_ubuntu/gap_sdk/gap8/rtos/pulp/pulp-os/drivers_deprecated/uart/uart.c:292
/home/parallels/gap_riscv_toolchain_ubuntu/gap_sdk/BAC/get_image/BUILD/GAP8_V2/GCC_RISCV_PULP_OS/image_capture:1c001d76 0000005e T pi_partition_find_first	/home/parallels/gap_riscv_toolchain_ubuntu/gap_sdk/rtos/pmsis/bsp/partition/partition.c:65
/home/parallels/gap_riscv_toolchain_ubuntu/gap_sdk/BAC/get_image/BUILD/GAP8_V2/GCC_RISCV_PULP_OS/image_capture:1c00398e 0000005e T __rt_periph_init	/home/parallels/gap_riscv_toolchain_ubuntu/gap_sdk/gap8/rtos/pulp/pulp-os/kernel/periph-v2.c:276
/home/parallels/gap_riscv_toolchain_ubuntu/gap_sdk/BAC/get_image/BUILD/GAP8_V2/GCC_RISCV_PULP_OS/image_capture:1c00500a 0000005e T __rt_putc_debug_bridge	/home/parallels/gap_riscv_toolchain_ubuntu/gap_sdk/gap8/rtos/pulp/pulp-os/libs/io/io.c:288
/home/parallels/gap_riscv_toolchain_ubuntu/gap_sdk/BAC/get_image/BUILD/GAP8_V2/GCC_RISCV_PULP_OS/image_capture:1c003eb0 00000062 t __rt_init_cluster_data	/home/parallels/gap_riscv_toolchain_ubuntu/gap_sdk/gap8/rtos/pulp/pulp-os/kernel/cluster.c:72
/home/parallels/gap_riscv_toolchain_ubuntu/gap_sdk/BAC/get_image/BUILD/GAP8_V2/GCC_RISCV_PULP_OS/image_capture:1c003f12 00000064 t __rt_cluster_init	/home/parallels/gap_riscv_toolchain_ubuntu/gap_sdk/gap8/rtos/pulp/pulp-os/kernel/cluster.c:382
/home/parallels/gap_riscv_toolchain_ubuntu/gap_sdk/BAC/get_image/BUILD/GAP8_V2/GCC_RISCV_PULP_OS/image_capture:1c00332a 00000064 T __rt_event_execute	/home/parallels/gap_riscv_toolchain_ubuntu/gap_sdk/gap8/rtos/pulp/pulp-os/kernel/events.c:189
/home/parallels/gap_riscv_toolchain_ubuntu/gap_sdk/BAC/get_image/BUILD/GAP8_V2/GCC_RISCV_PULP_OS/image_capture:1c0044a0 0000006a T pi_cpi_open	/home/parallels/gap_riscv_toolchain_ubuntu/gap_sdk/gap8/rtos/pulp/pulp-os/drivers/cpi/cpi-v1.c:37
/home/parallels/gap_riscv_toolchain_ubuntu/gap_sdk/BAC/get_image/BUILD/GAP8_V2/GCC_RISCV_PULP_OS/image_capture:1c00350e 0000006a T __rt_allocs_init	/home/parallels/gap_riscv_toolchain_ubuntu/gap_sdk/gap8/rtos/pulp/pulp-os/kernel/alloc.c:465
/home/parallels/gap_riscv_toolchain_ubuntu/gap_sdk/BAC/get_image/BUILD/GAP8_V2/GCC_RISCV_PULP_OS/image_capture:1c001f6e 0000006c T flash_partition_find_first	/home/parallels/gap_riscv_toolchain_ubuntu/gap_sdk/rtos/pmsis/bsp/partition/flash_partition.c:228
/home/parallels/gap_riscv_toolchain_ubuntu/gap_sdk/BAC/get_image/BUILD/GAP8_V2/GCC_RISCV_PULP_OS/image_capture:1c003174 0000006e T __rt_bridge_req_shutdown	/home/parallels/gap_riscv_toolchain_ubuntu/gap_sdk/gap8/rtos/pulp/pulp-os/kernel/bridge.c:774
/home/parallels/gap_riscv_toolchain_ubuntu/gap_sdk/BAC/get_image/BUILD/GAP8_V2/GCC_RISCV_PULP_OS/image_capture:1c0041aa 00000070 T __rt_cluster_push_fc_event	/home/parallels/gap_riscv_toolchain_ubuntu/gap_sdk/gap8/rtos/pulp/pulp-os/kernel/cluster.c:413
/home/parallels/gap_riscv_toolchain_ubuntu/gap_sdk/BAC/get_image/BUILD/GAP8_V2/GCC_RISCV_PULP_OS/image_capture:1c004cbc 00000070 t __rt_io_lock
/home/parallels/gap_riscv_toolchain_ubuntu/gap_sdk/BAC/get_image/BUILD/GAP8_V2/GCC_RISCV_PULP_OS/image_capture:1c004d60 00000070 t __rt_io_unlock
/home/parallels/gap_riscv_toolchain_ubuntu/gap_sdk/BAC/get_image/BUILD/GAP8_V2/GCC_RISCV_PULP_OS/image_capture:1c003022 00000072 T __rt_bridge_handle_notif	/home/parallels/gap_riscv_toolchain_ubuntu/gap_sdk/gap8/rtos/pulp/pulp-os/kernel/bridge.c:644
/home/parallels/gap_riscv_toolchain_ubuntu/gap_sdk/BAC/get_image/BUILD/GAP8_V2/GCC_RISCV_PULP_OS/image_capture:1c005270 00000072 T __rt_io_init	/home/parallels/gap_riscv_toolchain_ubuntu/gap_sdk/gap8/rtos/pulp/pulp-os/libs/io/io.c:800
/home/parallels/gap_riscv_toolchain_ubuntu/gap_sdk/BAC/get_image/BUILD/GAP8_V2/GCC_RISCV_PULP_OS/image_capture:1c0051f2 00000074 T exit	/home/parallels/gap_riscv_toolchain_ubuntu/gap_sdk/gap8/rtos/pulp/pulp-os/libs/io/io.c:690
/home/parallels/gap_riscv_toolchain_ubuntu/gap_sdk/BAC/get_image/BUILD/GAP8_V2/GCC_RISCV_PULP_OS/image_capture:1c001dd4 00000074 T flash_partition_table_verify	/home/parallels/gap_riscv_toolchain_ubuntu/gap_sdk/rtos/pmsis/bsp/partition/flash_partition.c:80
/home/parallels/gap_riscv_toolchain_ubuntu/gap_sdk/BAC/get_image/BUILD/GAP8_V2/GCC_RISCV_PULP_OS/image_capture:1c003256 00000074 T rt_event_alloc	/home/parallels/gap_riscv_toolchain_ubuntu/gap_sdk/gap8/rtos/pulp/pulp-os/kernel/events.c:52
/home/parallels/gap_riscv_toolchain_ubuntu/gap_sdk/BAC/get_image/BUILD/GAP8_V2/GCC_RISCV_PULP_OS/image_capture:1c0016f8 0000007a t __pi_host_fs_copy_2d_async	/home/parallels/gap_riscv_toolchain_ubuntu/gap_sdk/rtos/pmsis/bsp/fs/host_fs/host_fs.c:126
/home/parallels/gap_riscv_toolchain_ubuntu/gap_sdk/BAC/get_image/BUILD/GAP8_V2/GCC_RISCV_PULP_OS/image_capture:1c00183a 0000007a t __pi_host_fs_open	/home/parallels/gap_riscv_toolchain_ubuntu/gap_sdk/rtos/pmsis/bsp/fs/host_fs/host_fs.c:44
/home/parallels/gap_riscv_toolchain_ubuntu/gap_sdk/BAC/get_image/BUILD/GAP8_V2/GCC_RISCV_PULP_OS/image_capture:1c0035ea 0000007a T rt_event_push_delayed	/home/parallels/gap_riscv_toolchain_ubuntu/gap_sdk/gap8/rtos/pulp/pulp-os/kernel/time.c:59
/home/parallels/gap_riscv_toolchain_ubuntu/gap_sdk/BAC/get_image/BUILD/GAP8_V2/GCC_RISCV_PULP_OS/image_capture:1c002dc0 0000007c t __rt_fc_cluster_lock_req	/home/parallels/gap_riscv_toolchain_ubuntu/gap_sdk/gap8/rtos/pulp/pulp-os/kernel/utils.c:142
/home/parallels/gap_riscv_toolchain_ubuntu/gap_sdk/BAC/get_image/BUILD/GAP8_V2/GCC_RISCV_PULP_OS/image_capture:1c006e30 00000080 b __rt_io_event	/home/parallels/gap_riscv_toolchain_ubuntu/gap_sdk/gap8/rtos/pulp/pulp-os/libs/io/io.c:39
/home/parallels/gap_riscv_toolchain_ubuntu/gap_sdk/BAC/get_image/BUILD/GAP8_V2/GCC_RISCV_PULP_OS/image_capture:1c006c34 00000080 d __rt_putc_host_buffer	/home/parallels/gap_riscv_toolchain_ubuntu/gap_sdk/gap8/rtos/pulp/pulp-os/libs/io/io.c:47
/home/parallels/gap_riscv_toolchain_ubuntu/gap_sdk/BAC/get_image/BUILD/GAP8_V2/GCC_RISCV_PULP_OS/image_capture:1c004a16 00000086 T __pi_gpio_handler	/home/parallels/gap_riscv_toolchain_ubuntu/gap_sdk/gap8/rtos/pulp/pulp-os/drivers/gpio/gpio-v2.c:54
/home/parallels/gap_riscv_toolchain_ubuntu/gap_sdk/BAC/get_image/BUILD/GAP8_V2/GCC_RISCV_PULP_OS/image_capture:1c006cc4 00000088 b bsp_fs_data	/home/parallels/gap_riscv_toolchain_ubuntu/gap_sdk/rtos/pmsis/bsp/fs/host_fs/host_fs.c:27
/home/parallels/gap_riscv_toolchain_ubuntu/gap_sdk/BAC/get_image/BUILD/GAP8_V2/GCC_RISCV_PULP_OS/image_capture:1c006bac 00000088 d __rt_i2c	/home/parallels/gap_riscv_toolchain_ubuntu/gap_sdk/gap8/rtos/pulp/pulp-os/drivers/i2c/i2c-v2.c:25
/home/parallels/gap_riscv_toolchain_ubuntu/gap_sdk/BAC/get_image/BUILD/GAP8_V2/GCC_RISCV_PULP_OS/image_capture:1c003ac6 0000008c T __rt_pmu_cluster_power_down	/home/parallels/gap_riscv_toolchain_ubuntu/gap_sdk/gap8/rtos/pulp/pulp-os/kernel/gap/pmu_driver.c:205
/home/parallels/gap_riscv_toolchain_ubuntu/gap_sdk/BAC/get_image/BUILD/GAP8_V2/GCC_RISCV_PULP_OS/image_capture:1c003686 0000008c T __rt_time_init	/home/parallels/gap_riscv_toolchain_ubuntu/gap_sdk/gap8/rtos/pulp/pulp-os/kernel/time.c:188
/home/parallels/gap_riscv_toolchain_ubuntu/gap_sdk/BAC/get_image/BUILD/GAP8_V2/GCC_RISCV_PULP_OS/image_capture:1c00605a 0000008e T __rt_uart_open	/home/parallels/gap_riscv_toolchain_ubuntu/gap_sdk/gap8/rtos/pulp/pulp-os/drivers_deprecated/uart/uart.c:151
/home/parallels/gap_riscv_toolchain_ubuntu/gap_sdk/BAC/get_image/BUILD/GAP8_V2/GCC_RISCV_PULP_OS/image_capture:1c004292 00000090 T rt_cluster_call	/home/parallels/gap_riscv_toolchain_ubuntu/gap_sdk/gap8/rtos/pulp/pulp-os/kernel/pulpos_emu.c:40
/home/parallels/gap_riscv_toolchain_ubuntu/gap_sdk/BAC/get_image/BUILD/GAP8_V2/GCC_RISCV_PULP_OS/image_capture:1c004ea8 00000092 t __rt_io_uart_wait_pending	/home/parallels/gap_riscv_toolchain_ubuntu/gap_sdk/gap8/rtos/pulp/pulp-os/libs/io/io.c:332
/home/parallels/gap_riscv_toolchain_ubuntu/gap_sdk/BAC/get_image/BUILD/GAP8_V2/GCC_RISCV_PULP_OS/image_capture:1c005328 00000092 t _to_x	/home/parallels/gap_riscv_toolchain_ubuntu/gap_sdk/gap8/rtos/pulp/pulp-os/libs/io/prf.c:44
/home/parallels/gap_riscv_toolchain_ubuntu/gap_sdk/BAC/get_image/BUILD/GAP8_V2/GCC_RISCV_PULP_OS/image_capture:1c00160a 00000098 t __pi_read_fs_mount	/home/parallels/gap_riscv_toolchain_ubuntu/gap_sdk/rtos/pmsis/bsp/fs/read_fs/read_fs.c:242
/home/parallels/gap_riscv_toolchain_ubuntu/gap_sdk/BAC/get_image/BUILD/GAP8_V2/GCC_RISCV_PULP_OS/image_capture:1c006d98 00000098 b __rt_gpio	/home/parallels/gap_riscv_toolchain_ubuntu/gap_sdk/gap8/rtos/pulp/pulp-os/drivers/gpio/gpio-v2.c:34
/home/parallels/gap_riscv_toolchain_ubuntu/gap_sdk/BAC/get_image/BUILD/GAP8_V2/GCC_RISCV_PULP_OS/image_capture:1c0028e2 0000009c T MD5_Update	/home/parallels/gap_riscv_toolchain_ubuntu/gap_sdk/rtos/pmsis/bsp/crc/md5.c:218
/home/parallels/gap_riscv_toolchain_ubuntu/gap_sdk/BAC/get_image/BUILD/GAP8_V2/GCC_RISCV_PULP_OS/image_capture:1c001c9c 0000009e t __himax_control	/home/parallels/gap_riscv_toolchain_ubuntu/gap_sdk/rtos/pmsis/bsp/camera/himax/himax.c:433
/home/parallels/gap_riscv_toolchain_ubuntu/gap_sdk/BAC/get_image/BUILD/GAP8_V2/GCC_RISCV_PULP_OS/image_capture:1c003c30 000000a2 T InitOneFll	/home/parallels/gap_riscv_toolchain_ubuntu/gap_sdk/gap8/rtos/pulp/pulp-os/kernel/gap/pmu_driver.c:771
/home/parallels/gap_riscv_toolchain_ubuntu/gap_sdk/BAC/get_image/BUILD/GAP8_V2/GCC_RISCV_PULP_OS/image_capture:1c0050a4 000000ac t tfp_putc.isra.9	/home/parallels/gap_riscv_toolchain_ubuntu/gap_sdk/gap8/rtos/pulp/pulp-os/libs/io/io.c:795
/home/parallels/gap_riscv_toolchain_ubuntu/gap_sdk/BAC/get_image/BUILD/GAP8_V2/GCC_RISCV_PULP_OS/image_capture:1c003dda 000000ba T __rt_pmu_init	/home/parallels/gap_riscv_toolchain_ubuntu/gap_sdk/gap8/rtos/pulp/pulp-os/kernel/gap/pmu_driver.c:472
/home/parallels/gap_riscv_toolchain_ubuntu/gap_sdk/BAC/get_image/BUILD/GAP8_V2/GCC_RISCV_PULP_OS/image_capture:1c0046e4 000000bc T pi_i2c_read_async	/home/parallels/gap_riscv_toolchain_ubuntu/gap_sdk/gap8/rtos/pulp/pulp-os/drivers/i2c/i2c-v2.c:190
/home/parallels/gap_riscv_toolchain_ubuntu/gap_sdk/BAC/get_image/BUILD/GAP8_V2/GCC_RISCV_PULP_OS/image_capture:1c006aac 000000c0 D __hal_debug_struct
/home/parallels/gap_riscv_toolchain_ubuntu/gap_sdk/BAC/get_image/BUILD/GAP8_V2/GCC_RISCV_PULP_OS/image_capture:1c003cd2 000000c8 T __rt_pmu_cluster_power_up
/home/parallels/gap_riscv_toolchain_ubuntu/gap_sdk/BAC/get_image/BUILD/GAP8_V2/GCC_RISCV_PULP_OS/image_capture:1c001bce 000000ce T __himax_reopen	/home/parallels/gap_riscv_toolchain_ubuntu/gap_sdk/rtos/pmsis/bsp/camera/himax/himax.c:369
/home/parallels/gap_riscv_toolchain_ubuntu/gap_sdk/BAC/get_image/BUILD/GAP8_V2/GCC_RISCV_PULP_OS/image_capture:1c0045f0 000000d4 T pi_i2c_write_async	/home/parallels/gap_riscv_toolchain_ubuntu/gap_sdk/gap8/rtos/pulp/pulp-os/drivers/i2c/i2c-v2.c:114
/home/parallels/gap_riscv_toolchain_ubuntu/gap_sdk/BAC/get_image/BUILD/GAP8_V2/GCC_RISCV_PULP_OS/image_capture:1c0040a2 000000d6 T pi_cluster_open	/home/parallels/gap_riscv_toolchain_ubuntu/gap_sdk/gap8/rtos/pulp/pulp-os/kernel/cluster.c:343
/home/parallels/gap_riscv_toolchain_ubuntu/gap_sdk/BAC/get_image/BUILD/GAP8_V2/GCC_RISCV_PULP_OS/image_capture:1c004dd0 000000d8 t __rt_io_uart_flush.constprop.11	/home/parallels/gap_riscv_toolchain_ubuntu/gap_sdk/gap8/rtos/pulp/pulp-os/libs/io/io.c:795
/home/parallels/gap_riscv_toolchain_ubuntu/gap_sdk/BAC/get_image/BUILD/GAP8_V2/GCC_RISCV_PULP_OS/image_capture:1c003b52 000000de T SetFllFrequency
/home/parallels/gap_riscv_toolchain_ubuntu/gap_sdk/BAC/get_image/BUILD/GAP8_V2/GCC_RISCV_PULP_OS/image_capture:1c003712 000000f2 T __rt_timer_handler	/home/parallels/gap_riscv_toolchain_ubuntu/gap_sdk/gap8/rtos/pulp/pulp-os/kernel/time_irq.c:30
/home/parallels/gap_riscv_toolchain_ubuntu/gap_sdk/BAC/get_image/BUILD/GAP8_V2/GCC_RISCV_PULP_OS/image_capture:1c00437e 000000fa T pi_cluster_send_task_to_cl_async	/home/parallels/gap_riscv_toolchain_ubuntu/gap_sdk/gap8/rtos/pulp/pulp-os/kernel/cluster_call.c:65
/home/parallels/gap_riscv_toolchain_ubuntu/gap_sdk/BAC/get_image/BUILD/GAP8_V2/GCC_RISCV_PULP_OS/image_capture:1c006424 00000100 R __clz_tab
/home/parallels/gap_riscv_toolchain_ubuntu/gap_sdk/BAC/get_image/BUILD/GAP8_V2/GCC_RISCV_PULP_OS/image_capture:1c001e48 00000102 T flash_partition_table_load	/home/parallels/gap_riscv_toolchain_ubuntu/gap_sdk/rtos/pmsis/bsp/partition/flash_partition.c:114
/home/parallels/gap_riscv_toolchain_ubuntu/gap_sdk/BAC/get_image/BUILD/GAP8_V2/GCC_RISCV_PULP_OS/image_capture:1c000e18 00000102 t WritePPMHeader.part.1	/home/parallels/gap_riscv_toolchain_ubuntu/gap_sdk/libs/gap_lib/img_io/ImgIO.c:290
/home/parallels/gap_riscv_toolchain_ubuntu/gap_sdk/BAC/get_image/BUILD/GAP8_V2/GCC_RISCV_PULP_OS/image_capture:1c0047c2 00000118 T pi_i2c_open	/home/parallels/gap_riscv_toolchain_ubuntu/gap_sdk/gap8/rtos/pulp/pulp-os/drivers/i2c/i2c-v2.c:238
/home/parallels/gap_riscv_toolchain_ubuntu/gap_sdk/BAC/get_image/BUILD/GAP8_V2/GCC_RISCV_PULP_OS/image_capture:1c006684 0000011c r __himax_reg_init	/home/parallels/gap_riscv_toolchain_ubuntu/gap_sdk/rtos/pmsis/bsp/camera/himax/himax.c:55
/home/parallels/gap_riscv_toolchain_ubuntu/gap_sdk/BAC/get_image/BUILD/GAP8_V2/GCC_RISCV_PULP_OS/image_capture:1c001320 00000126 t __pi_read_fs_open	/home/parallels/gap_riscv_toolchain_ubuntu/gap_sdk/rtos/pmsis/bsp/fs/read_fs/read_fs.c:295
/home/parallels/gap_riscv_toolchain_ubuntu/gap_sdk/BAC/get_image/BUILD/GAP8_V2/GCC_RISCV_PULP_OS/image_capture:1c003f76 00000126 t __rt_cluster_mount_step	/home/parallels/gap_riscv_toolchain_ubuntu/gap_sdk/gap8/rtos/pulp/pulp-os/kernel/cluster.c:221
/home/parallels/gap_riscv_toolchain_ubuntu/gap_sdk/BAC/get_image/BUILD/GAP8_V2/GCC_RISCV_PULP_OS/image_capture:1c0014dc 0000012e t __pi_fs_mount_step	/home/parallels/gap_riscv_toolchain_ubuntu/gap_sdk/rtos/pmsis/bsp/fs/read_fs/read_fs.c:140
/home/parallels/gap_riscv_toolchain_ubuntu/gap_sdk/BAC/get_image/BUILD/GAP8_V2/GCC_RISCV_PULP_OS/image_capture:1c003804 00000134 T rt_periph_copy	/home/parallels/gap_riscv_toolchain_ubuntu/gap_sdk/gap8/rtos/pulp/pulp-os/kernel/periph-v2.c:58
/home/parallels/gap_riscv_toolchain_ubuntu/gap_sdk/BAC/get_image/BUILD/GAP8_V2/GCC_RISCV_PULP_OS/image_capture:1c00297e 00000138 T MD5_Final	/home/parallels/gap_riscv_toolchain_ubuntu/gap_sdk/rtos/pmsis/bsp/crc/md5.c:258
/home/parallels/gap_riscv_toolchain_ubuntu/gap_sdk/BAC/get_image/BUILD/GAP8_V2/GCC_RISCV_PULP_OS/image_capture:1c002b3e 00000166 T __rt_init	/home/parallels/gap_riscv_toolchain_ubuntu/gap_sdk/gap8/rtos/pulp/pulp-os/kernel/init.c:74
/home/parallels/gap_riscv_toolchain_ubuntu/gap_sdk/BAC/get_image/BUILD/GAP8_V2/GCC_RISCV_PULP_OS/image_capture:1c001a00 00000188 T __himax_open	/home/parallels/gap_riscv_toolchain_ubuntu/gap_sdk/rtos/pmsis/bsp/camera/himax/himax.c:275
/home/parallels/gap_riscv_toolchain_ubuntu/gap_sdk/BAC/get_image/BUILD/GAP8_V2/GCC_RISCV_PULP_OS/image_capture:1c000bfc 00000202 T test_camera	/home/parallels/gap_riscv_toolchain_ubuntu/gap_sdk/BAC/get_image/image_capture.c:57
/home/parallels/gap_riscv_toolchain_ubuntu/gap_sdk/BAC/get_image/BUILD/GAP8_V2/GCC_RISCV_PULP_OS/image_capture:1c000f1a 00000244 T WriteImageToFile	/home/parallels/gap_riscv_toolchain_ubuntu/gap_sdk/libs/gap_lib/img_io/ImgIO.c:472
/home/parallels/gap_riscv_toolchain_ubuntu/gap_sdk/BAC/get_image/BUILD/GAP8_V2/GCC_RISCV_PULP_OS/image_capture:00000030 00000280 D periph_channels
/home/parallels/gap_riscv_toolchain_ubuntu/gap_sdk/BAC/get_image/BUILD/GAP8_V2/GCC_RISCV_PULP_OS/image_capture:1c0008c2 0000032e T __umoddi3	/home/yao/tools/riscv-gnu-toolchain/riscv-gcc/libgcc/libgcc2.c:1305
/home/parallels/gap_riscv_toolchain_ubuntu/gap_sdk/BAC/get_image/BUILD/GAP8_V2/GCC_RISCV_PULP_OS/image_capture:1c000586 0000033c T __udivdi3	/home/yao/tools/riscv-gnu-toolchain/riscv-gcc/libgcc/libgcc2.c:1317
/home/parallels/gap_riscv_toolchain_ubuntu/gap_sdk/BAC/get_image/BUILD/GAP8_V2/GCC_RISCV_PULP_OS/image_capture:1b0003e8 00000800 D __rt_fc_stack	/home/parallels/gap_riscv_toolchain_ubuntu/gap_sdk/gap8/rtos/pulp/pulp-os/kernel/conf.c:38
/home/parallels/gap_riscv_toolchain_ubuntu/gap_sdk/BAC/get_image/BUILD/GAP8_V2/GCC_RISCV_PULP_OS/image_capture:1c001fda 000008d6 t body	/home/parallels/gap_riscv_toolchain_ubuntu/gap_sdk/rtos/pmsis/bsp/crc/md5.c:100
/home/parallels/gap_riscv_toolchain_ubuntu/gap_sdk/BAC/get_image/BUILD/GAP8_V2/GCC_RISCV_PULP_OS/image_capture:1c005452 00000ab6 T _prf	/home/parallels/gap_riscv_toolchain_ubuntu/gap_sdk/gap8/rtos/pulp/pulp-os/libs/io/prf.c:437
