   text	   data	    bss	    dec	    hex	filename
 0x6b64	 0x1740	  0x2a0	  34116	   8544	/home/parallels/gap_riscv_toolchain_ubuntu/gap_sdk/BAC/get_multiple_images/BUILD/GAP8_V2/GCC_RISCV_PULP_OS/multiple_image_capture
/home/parallels/gap_riscv_toolchain_ubuntu/gap_sdk/BAC/get_multiple_images/BUILD/GAP8_V2/GCC_RISCV_PULP_OS/multiple_image_capture:1b000c08 00000001 D camera_isAwaked	/home/parallels/gap_riscv_toolchain_ubuntu/gap_sdk/gap8/rtos/pulp/pulp-os/drivers_deprecated/camera/himax.c:150
/home/parallels/gap_riscv_toolchain_ubuntu/gap_sdk/BAC/get_multiple_images/BUILD/GAP8_V2/GCC_RISCV_PULP_OS/multiple_image_capture:00000388 00000001 D __rt_hyper_pending_emu_do_memcpy	/home/parallels/gap_riscv_toolchain_ubuntu/gap_sdk/gap8/rtos/pulp/pulp-os/drivers/hyper/hyperram-v1.c:53
/home/parallels/gap_riscv_toolchain_ubuntu/gap_sdk/BAC/get_multiple_images/BUILD/GAP8_V2/GCC_RISCV_PULP_OS/multiple_image_capture:1c0019de 00000002 T __camera_conf_init	/home/parallels/gap_riscv_toolchain_ubuntu/gap_sdk/rtos/pmsis/bsp/camera/camera.c:43
/home/parallels/gap_riscv_toolchain_ubuntu/gap_sdk/BAC/get_multiple_images/BUILD/GAP8_V2/GCC_RISCV_PULP_OS/multiple_image_capture:1c002e3a 00000002 W illegal_insn_handler_c	/home/parallels/gap_riscv_toolchain_ubuntu/gap_sdk/gap8/rtos/pulp/pulp-os/kernel/irq.c:89
/home/parallels/gap_riscv_toolchain_ubuntu/gap_sdk/BAC/get_multiple_images/BUILD/GAP8_V2/GCC_RISCV_PULP_OS/multiple_image_capture:1c00193a 00000002 t __pi_host_fs_direct_read_async
/home/parallels/gap_riscv_toolchain_ubuntu/gap_sdk/BAC/get_multiple_images/BUILD/GAP8_V2/GCC_RISCV_PULP_OS/multiple_image_capture:1c0017da 00000002 t __pi_host_fs_unmount	/home/parallels/gap_riscv_toolchain_ubuntu/gap_sdk/rtos/pmsis/bsp/fs/host_fs/host_fs.c:40
/home/parallels/gap_riscv_toolchain_ubuntu/gap_sdk/BAC/get_multiple_images/BUILD/GAP8_V2/GCC_RISCV_PULP_OS/multiple_image_capture:1c001e8e 00000002 T pi_partition_table_free	/home/parallels/gap_riscv_toolchain_ubuntu/gap_sdk/rtos/pmsis/bsp/partition/partition.c:46
/home/parallels/gap_riscv_toolchain_ubuntu/gap_sdk/BAC/get_multiple_images/BUILD/GAP8_V2/GCC_RISCV_PULP_OS/multiple_image_capture:1c003706 00000002 T pi_time_get_us	/home/parallels/gap_riscv_toolchain_ubuntu/gap_sdk/gap8/rtos/pulp/pulp-os/kernel/time.c:53
/home/parallels/gap_riscv_toolchain_ubuntu/gap_sdk/BAC/get_multiple_images/BUILD/GAP8_V2/GCC_RISCV_PULP_OS/multiple_image_capture:1c0037a2 00000002 T pi_time_wait_us	/home/parallels/gap_riscv_toolchain_ubuntu/gap_sdk/gap8/rtos/pulp/pulp-os/kernel/time.c:183
/home/parallels/gap_riscv_toolchain_ubuntu/gap_sdk/BAC/get_multiple_images/BUILD/GAP8_V2/GCC_RISCV_PULP_OS/multiple_image_capture:1c003fc4 00000002 T __rt_fll_deinit	/home/parallels/gap_riscv_toolchain_ubuntu/gap_sdk/gap8/rtos/pulp/pulp-os/kernel/gap/pmu_driver.c:876
/home/parallels/gap_riscv_toolchain_ubuntu/gap_sdk/BAC/get_multiple_images/BUILD/GAP8_V2/GCC_RISCV_PULP_OS/multiple_image_capture:1c003fc6 00000002 T __rt_flls_constructor	/home/parallels/gap_riscv_toolchain_ubuntu/gap_sdk/gap8/rtos/pulp/pulp-os/kernel/gap/pmu_driver.c:880
/home/parallels/gap_riscv_toolchain_ubuntu/gap_sdk/BAC/get_multiple_images/BUILD/GAP8_V2/GCC_RISCV_PULP_OS/multiple_image_capture:1c006d54 00000003 d ToHWDCDC_Pos	/home/parallels/gap_riscv_toolchain_ubuntu/gap_sdk/gap8/rtos/pulp/pulp-os/kernel/gap/pmu_driver.c:192
/home/parallels/gap_riscv_toolchain_ubuntu/gap_sdk/BAC/get_multiple_images/BUILD/GAP8_V2/GCC_RISCV_PULP_OS/multiple_image_capture:1c007080 00000004 b __bsp_init_pads_done	/home/parallels/gap_riscv_toolchain_ubuntu/gap_sdk/rtos/pmsis/bsp/bsp/ai_deck.c:28
/home/parallels/gap_riscv_toolchain_ubuntu/gap_sdk/BAC/get_multiple_images/BUILD/GAP8_V2/GCC_RISCV_PULP_OS/multiple_image_capture:1c006d28 00000004 D bufferCount	/home/parallels/gap_riscv_toolchain_ubuntu/gap_sdk/BAC/get_multiple_images/multiple_image_capture.c:15
/home/parallels/gap_riscv_toolchain_ubuntu/gap_sdk/BAC/get_multiple_images/BUILD/GAP8_V2/GCC_RISCV_PULP_OS/multiple_image_capture:1c006558 00000004 t ctor_list	/home/parallels/gap_riscv_toolchain_ubuntu/gap_sdk/gap8/rtos/pulp/pulp-os/kernel/init.c:29
/home/parallels/gap_riscv_toolchain_ubuntu/gap_sdk/BAC/get_multiple_images/BUILD/GAP8_V2/GCC_RISCV_PULP_OS/multiple_image_capture:1c007078 00000004 b done	/home/parallels/gap_riscv_toolchain_ubuntu/gap_sdk/BAC/get_multiple_images/multiple_image_capture.c:18
/home/parallels/gap_riscv_toolchain_ubuntu/gap_sdk/BAC/get_multiple_images/BUILD/GAP8_V2/GCC_RISCV_PULP_OS/multiple_image_capture:1c00659c 00000004 t dtor_list	/home/parallels/gap_riscv_toolchain_ubuntu/gap_sdk/gap8/rtos/pulp/pulp-os/kernel/init.c:30
/home/parallels/gap_riscv_toolchain_ubuntu/gap_sdk/BAC/get_multiple_images/BUILD/GAP8_V2/GCC_RISCV_PULP_OS/multiple_image_capture:1c0070d4 00000004 B first_delayed
/home/parallels/gap_riscv_toolchain_ubuntu/gap_sdk/BAC/get_multiple_images/BUILD/GAP8_V2/GCC_RISCV_PULP_OS/multiple_image_capture:1c0070c4 00000004 B img_rgb888	/home/parallels/gap_riscv_toolchain_ubuntu/gap_sdk/libs/gap_lib/img_io/ImgIO.c:25
/home/parallels/gap_riscv_toolchain_ubuntu/gap_sdk/BAC/get_multiple_images/BUILD/GAP8_V2/GCC_RISCV_PULP_OS/multiple_image_capture:1c00708c 00000004 b __pi_hyper_cluster_reqs_first	/home/parallels/gap_riscv_toolchain_ubuntu/gap_sdk/gap8/rtos/pulp/pulp-os/drivers/hyper/hyperram-v1.c:62
/home/parallels/gap_riscv_toolchain_ubuntu/gap_sdk/BAC/get_multiple_images/BUILD/GAP8_V2/GCC_RISCV_PULP_OS/multiple_image_capture:1c002dea 00000004 T pi_open_from_conf	/home/parallels/gap_riscv_toolchain_ubuntu/gap_sdk/gap8/rtos/pulp/pulp-os/kernel/init.c:325
/home/parallels/gap_riscv_toolchain_ubuntu/gap_sdk/BAC/get_multiple_images/BUILD/GAP8_V2/GCC_RISCV_PULP_OS/multiple_image_capture:1c001e90 00000004 T pi_partition_table_load	/home/parallels/gap_riscv_toolchain_ubuntu/gap_sdk/rtos/pmsis/bsp/partition/partition.c:51
/home/parallels/gap_riscv_toolchain_ubuntu/gap_sdk/BAC/get_multiple_images/BUILD/GAP8_V2/GCC_RISCV_PULP_OS/multiple_image_capture:1c00143a 00000004 t __pi_read_fs_unmount	/home/parallels/gap_riscv_toolchain_ubuntu/gap_sdk/rtos/pmsis/bsp/fs/read_fs/read_fs.c:230
/home/parallels/gap_riscv_toolchain_ubuntu/gap_sdk/BAC/get_multiple_images/BUILD/GAP8_V2/GCC_RISCV_PULP_OS/multiple_image_capture:1c006d58 00000004 D PMURetentionState
/home/parallels/gap_riscv_toolchain_ubuntu/gap_sdk/BAC/get_multiple_images/BUILD/GAP8_V2/GCC_RISCV_PULP_OS/multiple_image_capture:1c0052e8 00000004 T putchar	/home/parallels/gap_riscv_toolchain_ubuntu/gap_sdk/gap8/rtos/pulp/pulp-os/libs/io/io.c:621
/home/parallels/gap_riscv_toolchain_ubuntu/gap_sdk/BAC/get_multiple_images/BUILD/GAP8_V2/GCC_RISCV_PULP_OS/multiple_image_capture:000003a4 00000004 D pwmEventsStatus	/home/parallels/gap_riscv_toolchain_ubuntu/gap_sdk/gap8/rtos/pulp/pulp-os/drivers/pwm/pwm.c:9
/home/parallels/gap_riscv_toolchain_ubuntu/gap_sdk/BAC/get_multiple_images/BUILD/GAP8_V2/GCC_RISCV_PULP_OS/multiple_image_capture:1c006d64 00000004 d RetPMUStateToPMUState	/home/parallels/gap_riscv_toolchain_ubuntu/gap_sdk/gap8/rtos/pulp/pulp-os/kernel/gap/pmu_driver.c:185
/home/parallels/gap_riscv_toolchain_ubuntu/gap_sdk/BAC/get_multiple_images/BUILD/GAP8_V2/GCC_RISCV_PULP_OS/multiple_image_capture:1c0070d0 00000004 B __rt_alloc_fc_tcdm
/home/parallels/gap_riscv_toolchain_ubuntu/gap_sdk/BAC/get_multiple_images/BUILD/GAP8_V2/GCC_RISCV_PULP_OS/multiple_image_capture:1c0070c8 00000004 B __rt_alloc_l1
/home/parallels/gap_riscv_toolchain_ubuntu/gap_sdk/BAC/get_multiple_images/BUILD/GAP8_V2/GCC_RISCV_PULP_OS/multiple_image_capture:1c0070cc 00000004 B __rt_alloc_l2
/home/parallels/gap_riscv_toolchain_ubuntu/gap_sdk/BAC/get_multiple_images/BUILD/GAP8_V2/GCC_RISCV_PULP_OS/multiple_image_capture:00000014 00000004 d __rt_bridge_eeprom_handle	/home/parallels/gap_riscv_toolchain_ubuntu/gap_sdk/gap8/rtos/pulp/pulp-os/kernel/bridge.c:25
/home/parallels/gap_riscv_toolchain_ubuntu/gap_sdk/BAC/get_multiple_images/BUILD/GAP8_V2/GCC_RISCV_PULP_OS/multiple_image_capture:00000010 00000004 d __rt_bridge_flash_cs	/home/parallels/gap_riscv_toolchain_ubuntu/gap_sdk/gap8/rtos/pulp/pulp-os/kernel/bridge.c:29
/home/parallels/gap_riscv_toolchain_ubuntu/gap_sdk/BAC/get_multiple_images/BUILD/GAP8_V2/GCC_RISCV_PULP_OS/multiple_image_capture:00000004 00000004 d __rt_bridge_flash_handle	/home/parallels/gap_riscv_toolchain_ubuntu/gap_sdk/gap8/rtos/pulp/pulp-os/kernel/bridge.c:26
/home/parallels/gap_riscv_toolchain_ubuntu/gap_sdk/BAC/get_multiple_images/BUILD/GAP8_V2/GCC_RISCV_PULP_OS/multiple_image_capture:0000000c 00000004 d __rt_bridge_flash_itf	/home/parallels/gap_riscv_toolchain_ubuntu/gap_sdk/gap8/rtos/pulp/pulp-os/kernel/bridge.c:28
/home/parallels/gap_riscv_toolchain_ubuntu/gap_sdk/BAC/get_multiple_images/BUILD/GAP8_V2/GCC_RISCV_PULP_OS/multiple_image_capture:00000008 00000004 d __rt_bridge_flash_type	/home/parallels/gap_riscv_toolchain_ubuntu/gap_sdk/gap8/rtos/pulp/pulp-os/kernel/bridge.c:27
/home/parallels/gap_riscv_toolchain_ubuntu/gap_sdk/BAC/get_multiple_images/BUILD/GAP8_V2/GCC_RISCV_PULP_OS/multiple_image_capture:000003e0 00000004 D __rtc_handler	/home/parallels/gap_riscv_toolchain_ubuntu/gap_sdk/gap8/rtos/pulp/pulp-os/drivers_deprecated/dolphin/rtc.c:25
/home/parallels/gap_riscv_toolchain_ubuntu/gap_sdk/BAC/get_multiple_images/BUILD/GAP8_V2/GCC_RISCV_PULP_OS/multiple_image_capture:1000001c 00000004 D __rt_cluster_fc_task_lock	/home/parallels/gap_riscv_toolchain_ubuntu/gap_sdk/gap8/rtos/pulp/pulp-os/kernel/cluster.c:59
/home/parallels/gap_riscv_toolchain_ubuntu/gap_sdk/BAC/get_multiple_images/BUILD/GAP8_V2/GCC_RISCV_PULP_OS/multiple_image_capture:00000018 00000004 D __rt_cluster_nb_active_pe
/home/parallels/gap_riscv_toolchain_ubuntu/gap_sdk/BAC/get_multiple_images/BUILD/GAP8_V2/GCC_RISCV_PULP_OS/multiple_image_capture:1c0070e4 00000004 B __rt_cluster_tasks	/home/parallels/gap_riscv_toolchain_ubuntu/gap_sdk/gap8/rtos/pulp/pulp-os/kernel/cluster.c:41
/home/parallels/gap_riscv_toolchain_ubuntu/gap_sdk/BAC/get_multiple_images/BUILD/GAP8_V2/GCC_RISCV_PULP_OS/multiple_image_capture:1b000bec 00000004 D __rt_debug_config
/home/parallels/gap_riscv_toolchain_ubuntu/gap_sdk/BAC/get_multiple_images/BUILD/GAP8_V2/GCC_RISCV_PULP_OS/multiple_image_capture:1b000be8 00000004 D __rt_debug_config_trace
/home/parallels/gap_riscv_toolchain_ubuntu/gap_sdk/BAC/get_multiple_images/BUILD/GAP8_V2/GCC_RISCV_PULP_OS/multiple_image_capture:00000014 00000004 D __rt_dma_first_pending
/home/parallels/gap_riscv_toolchain_ubuntu/gap_sdk/BAC/get_multiple_images/BUILD/GAP8_V2/GCC_RISCV_PULP_OS/multiple_image_capture:00000010 00000004 D __rt_dma_last_pending
/home/parallels/gap_riscv_toolchain_ubuntu/gap_sdk/BAC/get_multiple_images/BUILD/GAP8_V2/GCC_RISCV_PULP_OS/multiple_image_capture:1c007088 00000004 b __rt_fc_cluster_device	/home/parallels/gap_riscv_toolchain_ubuntu/gap_sdk/gap8/rtos/pulp/pulp-os/kernel/pulpos_emu.c:25
/home/parallels/gap_riscv_toolchain_ubuntu/gap_sdk/BAC/get_multiple_images/BUILD/GAP8_V2/GCC_RISCV_PULP_OS/multiple_image_capture:1c006d2c 00000004 V __rt_fc_stack_size	/home/parallels/gap_riscv_toolchain_ubuntu/gap_sdk/gap8/rtos/pulp/pulp-os/kernel/conf.c:36
/home/parallels/gap_riscv_toolchain_ubuntu/gap_sdk/BAC/get_multiple_images/BUILD/GAP8_V2/GCC_RISCV_PULP_OS/multiple_image_capture:00000018 00000004 D __rt_first_free
/home/parallels/gap_riscv_toolchain_ubuntu/gap_sdk/BAC/get_multiple_images/BUILD/GAP8_V2/GCC_RISCV_PULP_OS/multiple_image_capture:00000374 00000004 D __rt_hyper_current_task	/home/parallels/gap_riscv_toolchain_ubuntu/gap_sdk/gap8/rtos/pulp/pulp-os/drivers/hyper/hyperram-v1.c:27
/home/parallels/gap_riscv_toolchain_ubuntu/gap_sdk/BAC/get_multiple_images/BUILD/GAP8_V2/GCC_RISCV_PULP_OS/multiple_image_capture:00000370 00000004 D __rt_hyper_end_task	/home/parallels/gap_riscv_toolchain_ubuntu/gap_sdk/gap8/rtos/pulp/pulp-os/drivers/hyper/hyperram-v1.c:25
/home/parallels/gap_riscv_toolchain_ubuntu/gap_sdk/BAC/get_multiple_images/BUILD/GAP8_V2/GCC_RISCV_PULP_OS/multiple_image_capture:1c007090 00000004 b __rt_hyper_open_count	/home/parallels/gap_riscv_toolchain_ubuntu/gap_sdk/gap8/rtos/pulp/pulp-os/drivers/hyper/hyperram-v1.c:65
/home/parallels/gap_riscv_toolchain_ubuntu/gap_sdk/BAC/get_multiple_images/BUILD/GAP8_V2/GCC_RISCV_PULP_OS/multiple_image_capture:00000364 00000004 D __rt_hyper_pending_addr	/home/parallels/gap_riscv_toolchain_ubuntu/gap_sdk/gap8/rtos/pulp/pulp-os/drivers/hyper/hyperram-v1.c:33
/home/parallels/gap_riscv_toolchain_ubuntu/gap_sdk/BAC/get_multiple_images/BUILD/GAP8_V2/GCC_RISCV_PULP_OS/multiple_image_capture:0000035c 00000004 D __rt_hyper_pending_base	/home/parallels/gap_riscv_toolchain_ubuntu/gap_sdk/gap8/rtos/pulp/pulp-os/drivers/hyper/hyperram-v1.c:31
/home/parallels/gap_riscv_toolchain_ubuntu/gap_sdk/BAC/get_multiple_images/BUILD/GAP8_V2/GCC_RISCV_PULP_OS/multiple_image_capture:00000380 00000004 D __rt_hyper_pending_emu_addr	/home/parallels/gap_riscv_toolchain_ubuntu/gap_sdk/gap8/rtos/pulp/pulp-os/drivers/hyper/hyperram-v1.c:48
/home/parallels/gap_riscv_toolchain_ubuntu/gap_sdk/BAC/get_multiple_images/BUILD/GAP8_V2/GCC_RISCV_PULP_OS/multiple_image_capture:00000378 00000004 D __rt_hyper_pending_emu_channel	/home/parallels/gap_riscv_toolchain_ubuntu/gap_sdk/gap8/rtos/pulp/pulp-os/drivers/hyper/hyperram-v1.c:46
/home/parallels/gap_riscv_toolchain_ubuntu/gap_sdk/BAC/get_multiple_images/BUILD/GAP8_V2/GCC_RISCV_PULP_OS/multiple_image_capture:0000037c 00000004 D __rt_hyper_pending_emu_hyper_addr	/home/parallels/gap_riscv_toolchain_ubuntu/gap_sdk/gap8/rtos/pulp/pulp-os/drivers/hyper/hyperram-v1.c:47
/home/parallels/gap_riscv_toolchain_ubuntu/gap_sdk/BAC/get_multiple_images/BUILD/GAP8_V2/GCC_RISCV_PULP_OS/multiple_image_capture:0000039c 00000004 D __rt_hyper_pending_emu_length	/home/parallels/gap_riscv_toolchain_ubuntu/gap_sdk/gap8/rtos/pulp/pulp-os/drivers/hyper/hyperram-v1.c:51
/home/parallels/gap_riscv_toolchain_ubuntu/gap_sdk/BAC/get_multiple_images/BUILD/GAP8_V2/GCC_RISCV_PULP_OS/multiple_image_capture:00000384 00000004 D __rt_hyper_pending_emu_size	/home/parallels/gap_riscv_toolchain_ubuntu/gap_sdk/gap8/rtos/pulp/pulp-os/drivers/hyper/hyperram-v1.c:49
/home/parallels/gap_riscv_toolchain_ubuntu/gap_sdk/BAC/get_multiple_images/BUILD/GAP8_V2/GCC_RISCV_PULP_OS/multiple_image_capture:00000398 00000004 D __rt_hyper_pending_emu_size_2d	/home/parallels/gap_riscv_toolchain_ubuntu/gap_sdk/gap8/rtos/pulp/pulp-os/drivers/hyper/hyperram-v1.c:50
/home/parallels/gap_riscv_toolchain_ubuntu/gap_sdk/BAC/get_multiple_images/BUILD/GAP8_V2/GCC_RISCV_PULP_OS/multiple_image_capture:000003a0 00000004 D __rt_hyper_pending_emu_stride	/home/parallels/gap_riscv_toolchain_ubuntu/gap_sdk/gap8/rtos/pulp/pulp-os/drivers/hyper/hyperram-v1.c:52
/home/parallels/gap_riscv_toolchain_ubuntu/gap_sdk/BAC/get_multiple_images/BUILD/GAP8_V2/GCC_RISCV_PULP_OS/multiple_image_capture:0000038c 00000004 D __rt_hyper_pending_emu_task	/home/parallels/gap_riscv_toolchain_ubuntu/gap_sdk/gap8/rtos/pulp/pulp-os/drivers/hyper/hyperram-v1.c:54
/home/parallels/gap_riscv_toolchain_ubuntu/gap_sdk/BAC/get_multiple_images/BUILD/GAP8_V2/GCC_RISCV_PULP_OS/multiple_image_capture:00000360 00000004 D __rt_hyper_pending_hyper_addr	/home/parallels/gap_riscv_toolchain_ubuntu/gap_sdk/gap8/rtos/pulp/pulp-os/drivers/hyper/hyperram-v1.c:32
/home/parallels/gap_riscv_toolchain_ubuntu/gap_sdk/BAC/get_multiple_images/BUILD/GAP8_V2/GCC_RISCV_PULP_OS/multiple_image_capture:00000368 00000004 D __rt_hyper_pending_repeat	/home/parallels/gap_riscv_toolchain_ubuntu/gap_sdk/gap8/rtos/pulp/pulp-os/drivers/hyper/hyperram-v1.c:34
/home/parallels/gap_riscv_toolchain_ubuntu/gap_sdk/BAC/get_multiple_images/BUILD/GAP8_V2/GCC_RISCV_PULP_OS/multiple_image_capture:0000036c 00000004 D __rt_hyper_pending_repeat_size	/home/parallels/gap_riscv_toolchain_ubuntu/gap_sdk/gap8/rtos/pulp/pulp-os/drivers/hyper/hyperram-v1.c:35
/home/parallels/gap_riscv_toolchain_ubuntu/gap_sdk/BAC/get_multiple_images/BUILD/GAP8_V2/GCC_RISCV_PULP_OS/multiple_image_capture:00000390 00000004 D __rt_hyper_pending_tasks	/home/parallels/gap_riscv_toolchain_ubuntu/gap_sdk/gap8/rtos/pulp/pulp-os/drivers/hyper/hyperram-v1.c:39
/home/parallels/gap_riscv_toolchain_ubuntu/gap_sdk/BAC/get_multiple_images/BUILD/GAP8_V2/GCC_RISCV_PULP_OS/multiple_image_capture:00000394 00000004 D __rt_hyper_pending_tasks_last	/home/parallels/gap_riscv_toolchain_ubuntu/gap_sdk/gap8/rtos/pulp/pulp-os/drivers/hyper/hyperram-v1.c:40
/home/parallels/gap_riscv_toolchain_ubuntu/gap_sdk/BAC/get_multiple_images/BUILD/GAP8_V2/GCC_RISCV_PULP_OS/multiple_image_capture:00000358 00000004 D __rt_hyper_udma_handle
/home/parallels/gap_riscv_toolchain_ubuntu/gap_sdk/BAC/get_multiple_images/BUILD/GAP8_V2/GCC_RISCV_PULP_OS/multiple_image_capture:1c007094 00000004 b __rt_i2s_first	/home/parallels/gap_riscv_toolchain_ubuntu/gap_sdk/gap8/rtos/pulp/pulp-os/drivers_deprecated/i2s/i2s-v1.c:40
/home/parallels/gap_riscv_toolchain_ubuntu/gap_sdk/BAC/get_multiple_images/BUILD/GAP8_V2/GCC_RISCV_PULP_OS/multiple_image_capture:1c006d30 00000004 V __rt_iodev
/home/parallels/gap_riscv_toolchain_ubuntu/gap_sdk/BAC/get_multiple_images/BUILD/GAP8_V2/GCC_RISCV_PULP_OS/multiple_image_capture:1c006d34 00000004 V __rt_iodev_uart_baudrate
/home/parallels/gap_riscv_toolchain_ubuntu/gap_sdk/BAC/get_multiple_images/BUILD/GAP8_V2/GCC_RISCV_PULP_OS/multiple_image_capture:1c00707c 00000004 V __rt_iodev_uart_channel
/home/parallels/gap_riscv_toolchain_ubuntu/gap_sdk/BAC/get_multiple_images/BUILD/GAP8_V2/GCC_RISCV_PULP_OS/multiple_image_capture:1c0070a0 00000004 b __rt_io_event_current	/home/parallels/gap_riscv_toolchain_ubuntu/gap_sdk/gap8/rtos/pulp/pulp-os/libs/io/io.c:40
/home/parallels/gap_riscv_toolchain_ubuntu/gap_sdk/BAC/get_multiple_images/BUILD/GAP8_V2/GCC_RISCV_PULP_OS/multiple_image_capture:1c0070a4 00000004 b __rt_io_pending_flush	/home/parallels/gap_riscv_toolchain_ubuntu/gap_sdk/gap8/rtos/pulp/pulp-os/libs/io/io.c:50
/home/parallels/gap_riscv_toolchain_ubuntu/gap_sdk/BAC/get_multiple_images/BUILD/GAP8_V2/GCC_RISCV_PULP_OS/multiple_image_capture:1c0070ac 00000004 b _rt_io_uart	/home/parallels/gap_riscv_toolchain_ubuntu/gap_sdk/gap8/rtos/pulp/pulp-os/libs/io/io.c:38
/home/parallels/gap_riscv_toolchain_ubuntu/gap_sdk/BAC/get_multiple_images/BUILD/GAP8_V2/GCC_RISCV_PULP_OS/multiple_image_capture:1c006d38 00000004 V __rt_platform
/home/parallels/gap_riscv_toolchain_ubuntu/gap_sdk/BAC/get_multiple_images/BUILD/GAP8_V2/GCC_RISCV_PULP_OS/multiple_image_capture:1c0070a8 00000004 b __rt_putc_host_buffer_index	/home/parallels/gap_riscv_toolchain_ubuntu/gap_sdk/gap8/rtos/pulp/pulp-os/libs/io/io.c:48
/home/parallels/gap_riscv_toolchain_ubuntu/gap_sdk/BAC/get_multiple_images/BUILD/GAP8_V2/GCC_RISCV_PULP_OS/multiple_image_capture:000003dc 00000004 D __rt_rtc_init_done	/home/parallels/gap_riscv_toolchain_ubuntu/gap_sdk/gap8/rtos/pulp/pulp-os/drivers_deprecated/dolphin/rtc.c:26
/home/parallels/gap_riscv_toolchain_ubuntu/gap_sdk/BAC/get_multiple_images/BUILD/GAP8_V2/GCC_RISCV_PULP_OS/multiple_image_capture:1c0070e0 00000004 B __rt_wakeup_use_fast	/home/parallels/gap_riscv_toolchain_ubuntu/gap_sdk/gap8/rtos/pulp/pulp-os/kernel/gap/pmu_driver.c:173
/home/parallels/gap_riscv_toolchain_ubuntu/gap_sdk/BAC/get_multiple_images/BUILD/GAP8_V2/GCC_RISCV_PULP_OS/multiple_image_capture:1c007084 00000004 b timer_count	/home/parallels/gap_riscv_toolchain_ubuntu/gap_sdk/gap8/rtos/pulp/pulp-os/kernel/time.c:23
/home/parallels/gap_riscv_toolchain_ubuntu/gap_sdk/BAC/get_multiple_images/BUILD/GAP8_V2/GCC_RISCV_PULP_OS/multiple_image_capture:1c0041ba 00000006 T pi_cluster_conf_init	/home/parallels/gap_riscv_toolchain_ubuntu/gap_sdk/gap8/rtos/pulp/pulp-os/kernel/cluster.c:337
/home/parallels/gap_riscv_toolchain_ubuntu/gap_sdk/BAC/get_multiple_images/BUILD/GAP8_V2/GCC_RISCV_PULP_OS/multiple_image_capture:1c003fc8 00000006 T __rt_fll_set_freq	/home/parallels/gap_riscv_toolchain_ubuntu/gap_sdk/gap8/rtos/pulp/pulp-os/kernel/gap/pmu_driver.c:884
/home/parallels/gap_riscv_toolchain_ubuntu/gap_sdk/BAC/get_multiple_images/BUILD/GAP8_V2/GCC_RISCV_PULP_OS/multiple_image_capture:1c006d3c 00000007 d SystemStateToSCUFastSeq	/home/parallels/gap_riscv_toolchain_ubuntu/gap_sdk/gap8/rtos/pulp/pulp-os/kernel/gap/pmu_driver.c:176
/home/parallels/gap_riscv_toolchain_ubuntu/gap_sdk/BAC/get_multiple_images/BUILD/GAP8_V2/GCC_RISCV_PULP_OS/multiple_image_capture:1c006d5c 00000008 D FllsFrequency
/home/parallels/gap_riscv_toolchain_ubuntu/gap_sdk/BAC/get_multiple_images/BUILD/GAP8_V2/GCC_RISCV_PULP_OS/multiple_image_capture:1c0012fc 00000008 T pi_fs_close	/home/parallels/gap_riscv_toolchain_ubuntu/gap_sdk/rtos/pmsis/bsp/fs/fs.c:80
/home/parallels/gap_riscv_toolchain_ubuntu/gap_sdk/BAC/get_multiple_images/BUILD/GAP8_V2/GCC_RISCV_PULP_OS/multiple_image_capture:1c0012f4 00000008 T pi_fs_open	/home/parallels/gap_riscv_toolchain_ubuntu/gap_sdk/rtos/pmsis/bsp/fs/fs.c:74
/home/parallels/gap_riscv_toolchain_ubuntu/gap_sdk/BAC/get_multiple_images/BUILD/GAP8_V2/GCC_RISCV_PULP_OS/multiple_image_capture:1c001304 00000008 T pi_fs_read_async	/home/parallels/gap_riscv_toolchain_ubuntu/gap_sdk/rtos/pmsis/bsp/fs/fs.c:85
/home/parallels/gap_riscv_toolchain_ubuntu/gap_sdk/BAC/get_multiple_images/BUILD/GAP8_V2/GCC_RISCV_PULP_OS/multiple_image_capture:1c0012ec 00000008 T pi_fs_unmount	/home/parallels/gap_riscv_toolchain_ubuntu/gap_sdk/rtos/pmsis/bsp/fs/fs.c:68
/home/parallels/gap_riscv_toolchain_ubuntu/gap_sdk/BAC/get_multiple_images/BUILD/GAP8_V2/GCC_RISCV_PULP_OS/multiple_image_capture:1c001332 00000008 T pi_fs_write_async	/home/parallels/gap_riscv_toolchain_ubuntu/gap_sdk/rtos/pmsis/bsp/fs/fs.c:98
/home/parallels/gap_riscv_toolchain_ubuntu/gap_sdk/BAC/get_multiple_images/BUILD/GAP8_V2/GCC_RISCV_PULP_OS/multiple_image_capture:1c0070d8 00000008 B __rt_freq_domains
/home/parallels/gap_riscv_toolchain_ubuntu/gap_sdk/BAC/get_multiple_images/BUILD/GAP8_V2/GCC_RISCV_PULP_OS/multiple_image_capture:000002b0 00000008 D __rt_socevents_status
/home/parallels/gap_riscv_toolchain_ubuntu/gap_sdk/BAC/get_multiple_images/BUILD/GAP8_V2/GCC_RISCV_PULP_OS/multiple_image_capture:1c007098 00000008 b __rt_spim_open_count	/home/parallels/gap_riscv_toolchain_ubuntu/gap_sdk/gap8/rtos/pulp/pulp-os/drivers_deprecated/spim/spim-v2.c:26
/home/parallels/gap_riscv_toolchain_ubuntu/gap_sdk/BAC/get_multiple_images/BUILD/GAP8_V2/GCC_RISCV_PULP_OS/multiple_image_capture:1c00541a 00000008 T semihost_exit	/home/parallels/gap_riscv_toolchain_ubuntu/gap_sdk/gap8/rtos/pulp/pulp-os/libs/io/semihost.c:51
/home/parallels/gap_riscv_toolchain_ubuntu/gap_sdk/BAC/get_multiple_images/BUILD/GAP8_V2/GCC_RISCV_PULP_OS/multiple_image_capture:1c005412 00000008 T semihost_write0	/home/parallels/gap_riscv_toolchain_ubuntu/gap_sdk/gap8/rtos/pulp/pulp-os/libs/io/semihost.c:6
/home/parallels/gap_riscv_toolchain_ubuntu/gap_sdk/BAC/get_multiple_images/BUILD/GAP8_V2/GCC_RISCV_PULP_OS/multiple_image_capture:1c005388 0000000a T abort	/home/parallels/gap_riscv_toolchain_ubuntu/gap_sdk/gap8/rtos/pulp/pulp-os/libs/io/io.c:739
/home/parallels/gap_riscv_toolchain_ubuntu/gap_sdk/BAC/get_multiple_images/BUILD/GAP8_V2/GCC_RISCV_PULP_OS/multiple_image_capture:1c001b14 0000000a T __himax_capture_async	/home/parallels/gap_riscv_toolchain_ubuntu/gap_sdk/rtos/pmsis/bsp/camera/himax/himax.c:475
/home/parallels/gap_riscv_toolchain_ubuntu/gap_sdk/BAC/get_multiple_images/BUILD/GAP8_V2/GCC_RISCV_PULP_OS/multiple_image_capture:1c0045b4 0000000a T pi_cpi_conf_init	/home/parallels/gap_riscv_toolchain_ubuntu/gap_sdk/gap8/rtos/pulp/pulp-os/drivers/cpi/cpi-v1.c:29
/home/parallels/gap_riscv_toolchain_ubuntu/gap_sdk/BAC/get_multiple_images/BUILD/GAP8_V2/GCC_RISCV_PULP_OS/multiple_image_capture:1c001e84 0000000a T pi_partition_get_flash_offset	/home/parallels/gap_riscv_toolchain_ubuntu/gap_sdk/rtos/pmsis/bsp/partition/partition.c:38
/home/parallels/gap_riscv_toolchain_ubuntu/gap_sdk/BAC/get_multiple_images/BUILD/GAP8_V2/GCC_RISCV_PULP_OS/multiple_image_capture:1c004c94 0000000a T __rt_himax_init	/home/parallels/gap_riscv_toolchain_ubuntu/gap_sdk/gap8/rtos/pulp/pulp-os/drivers_deprecated/camera/himax.c:400
/home/parallels/gap_riscv_toolchain_ubuntu/gap_sdk/BAC/get_multiple_images/BUILD/GAP8_V2/GCC_RISCV_PULP_OS/multiple_image_capture:1c004a84 0000000a T __rt_padframe_init	/home/parallels/gap_riscv_toolchain_ubuntu/gap_sdk/gap8/rtos/pulp/pulp-os/drivers_deprecated/pads/pads-v1.c:58
/home/parallels/gap_riscv_toolchain_ubuntu/gap_sdk/BAC/get_multiple_images/BUILD/GAP8_V2/GCC_RISCV_PULP_OS/multiple_image_capture:1c006e70 0000000c b camera	/home/parallels/gap_riscv_toolchain_ubuntu/gap_sdk/BAC/get_multiple_images/multiple_image_capture.c:17
/home/parallels/gap_riscv_toolchain_ubuntu/gap_sdk/BAC/get_multiple_images/BUILD/GAP8_V2/GCC_RISCV_PULP_OS/multiple_image_capture:1c000bf0 0000000c t handle_transfer_end	/home/parallels/gap_riscv_toolchain_ubuntu/gap_sdk/BAC/get_multiple_images/multiple_image_capture.c:20
/home/parallels/gap_riscv_toolchain_ubuntu/gap_sdk/BAC/get_multiple_images/BUILD/GAP8_V2/GCC_RISCV_PULP_OS/multiple_image_capture:1c0019d2 0000000c T pi_camera_open	/home/parallels/gap_riscv_toolchain_ubuntu/gap_sdk/rtos/pmsis/bsp/camera/camera.c:24
/home/parallels/gap_riscv_toolchain_ubuntu/gap_sdk/BAC/get_multiple_images/BUILD/GAP8_V2/GCC_RISCV_PULP_OS/multiple_image_capture:1c0017ce 0000000c t __pi_host_fs_mount	/home/parallels/gap_riscv_toolchain_ubuntu/gap_sdk/rtos/pmsis/bsp/fs/host_fs/host_fs.c:34
/home/parallels/gap_riscv_toolchain_ubuntu/gap_sdk/BAC/get_multiple_images/BUILD/GAP8_V2/GCC_RISCV_PULP_OS/multiple_image_capture:1c003696 0000000c T pi_l2_malloc	/home/parallels/gap_riscv_toolchain_ubuntu/gap_sdk/gap8/rtos/pulp/pulp-os/kernel/alloc.c:595
/home/parallels/gap_riscv_toolchain_ubuntu/gap_sdk/BAC/get_multiple_images/BUILD/GAP8_V2/GCC_RISCV_PULP_OS/multiple_image_capture:00000004 0000000c D __rt_cluster_pool
/home/parallels/gap_riscv_toolchain_ubuntu/gap_sdk/BAC/get_multiple_images/BUILD/GAP8_V2/GCC_RISCV_PULP_OS/multiple_image_capture:1c004afa 0000000c T __rt_udma_channel_reg_data	/home/parallels/gap_riscv_toolchain_ubuntu/gap_sdk/gap8/rtos/pulp/pulp-os/drivers/udma/udma-v2.c:100
/home/parallels/gap_riscv_toolchain_ubuntu/gap_sdk/BAC/get_multiple_images/BUILD/GAP8_V2/GCC_RISCV_PULP_OS/multiple_image_capture:1c002c28 0000000e T bsp_himax_open
/home/parallels/gap_riscv_toolchain_ubuntu/gap_sdk/BAC/get_multiple_images/BUILD/GAP8_V2/GCC_RISCV_PULP_OS/multiple_image_capture:1c0017c0 0000000e t __internal_semihost	/home/parallels/gap_riscv_toolchain_ubuntu/gap_sdk/rtos/pmsis/bsp/fs/host_fs/semihost.h:75
/home/parallels/gap_riscv_toolchain_ubuntu/gap_sdk/BAC/get_multiple_images/BUILD/GAP8_V2/GCC_RISCV_PULP_OS/multiple_image_capture:1c005404 0000000e t __internal_semihost	/home/parallels/gap_riscv_toolchain_ubuntu/gap_sdk/gap8/rtos/pulp/pulp-os/libs/io/semihost.h:75
/home/parallels/gap_riscv_toolchain_ubuntu/gap_sdk/BAC/get_multiple_images/BUILD/GAP8_V2/GCC_RISCV_PULP_OS/multiple_image_capture:1c0036a2 0000000e T pi_l2_free	/home/parallels/gap_riscv_toolchain_ubuntu/gap_sdk/gap8/rtos/pulp/pulp-os/kernel/alloc.c:600
/home/parallels/gap_riscv_toolchain_ubuntu/gap_sdk/BAC/get_multiple_images/BUILD/GAP8_V2/GCC_RISCV_PULP_OS/multiple_image_capture:1c004cc2 0000000e t __rt_io_end_of_flush	/home/parallels/gap_riscv_toolchain_ubuntu/gap_sdk/gap8/rtos/pulp/pulp-os/libs/io/io.c:366
/home/parallels/gap_riscv_toolchain_ubuntu/gap_sdk/BAC/get_multiple_images/BUILD/GAP8_V2/GCC_RISCV_PULP_OS/multiple_image_capture:1c0050cc 00000010 T memset	/home/parallels/gap_riscv_toolchain_ubuntu/gap_sdk/gap8/rtos/pulp/pulp-os/libs/io/io.c:150
/home/parallels/gap_riscv_toolchain_ubuntu/gap_sdk/BAC/get_multiple_images/BUILD/GAP8_V2/GCC_RISCV_PULP_OS/multiple_image_capture:1c00139e 00000010 t __pi_read_fs_seek	/home/parallels/gap_riscv_toolchain_ubuntu/gap_sdk/rtos/pmsis/bsp/fs/read_fs/read_fs.c:519
/home/parallels/gap_riscv_toolchain_ubuntu/gap_sdk/BAC/get_multiple_images/BUILD/GAP8_V2/GCC_RISCV_PULP_OS/multiple_image_capture:1c006d44 00000010 D PMUState
/home/parallels/gap_riscv_toolchain_ubuntu/gap_sdk/BAC/get_multiple_images/BUILD/GAP8_V2/GCC_RISCV_PULP_OS/multiple_image_capture:1b000c0c 00000010 d __rt_io_fc_lock	/home/parallels/gap_riscv_toolchain_ubuntu/gap_sdk/gap8/rtos/pulp/pulp-os/libs/io/io.c:35
/home/parallels/gap_riscv_toolchain_ubuntu/gap_sdk/BAC/get_multiple_images/BUILD/GAP8_V2/GCC_RISCV_PULP_OS/multiple_image_capture:1c006c20 00000010 V __rt_padframe_default	/home/parallels/gap_riscv_toolchain_ubuntu/gap_sdk/gap8/rtos/pulp/pulp-os/drivers_deprecated/pads/pads-v1.c:28
/home/parallels/gap_riscv_toolchain_ubuntu/gap_sdk/BAC/get_multiple_images/BUILD/GAP8_V2/GCC_RISCV_PULP_OS/multiple_image_capture:1c006c30 00000010 V __rt_padframe_hyper	/home/parallels/gap_riscv_toolchain_ubuntu/gap_sdk/gap8/rtos/pulp/pulp-os/drivers_deprecated/pads/pads-v1.c:30
/home/parallels/gap_riscv_toolchain_ubuntu/gap_sdk/BAC/get_multiple_images/BUILD/GAP8_V2/GCC_RISCV_PULP_OS/multiple_image_capture:1c006c40 00000010 V __rt_padframe_hyper_gpio	/home/parallels/gap_riscv_toolchain_ubuntu/gap_sdk/gap8/rtos/pulp/pulp-os/drivers_deprecated/pads/pads-v1.c:32
/home/parallels/gap_riscv_toolchain_ubuntu/gap_sdk/BAC/get_multiple_images/BUILD/GAP8_V2/GCC_RISCV_PULP_OS/multiple_image_capture:1c007068 00000010 b __rt_uart	/home/parallels/gap_riscv_toolchain_ubuntu/gap_sdk/gap8/rtos/pulp/pulp-os/drivers_deprecated/uart/uart.c:43
/home/parallels/gap_riscv_toolchain_ubuntu/gap_sdk/BAC/get_multiple_images/BUILD/GAP8_V2/GCC_RISCV_PULP_OS/multiple_image_capture:1c0061ca 00000010 T rt_uart_conf_init
/home/parallels/gap_riscv_toolchain_ubuntu/gap_sdk/BAC/get_multiple_images/BUILD/GAP8_V2/GCC_RISCV_PULP_OS/multiple_image_capture:1c0012ae 00000012 T pi_fs_conf_init	/home/parallels/gap_riscv_toolchain_ubuntu/gap_sdk/rtos/pmsis/bsp/fs/fs.c:26
/home/parallels/gap_riscv_toolchain_ubuntu/gap_sdk/BAC/get_multiple_images/BUILD/GAP8_V2/GCC_RISCV_PULP_OS/multiple_image_capture:1c0046a4 00000012 t __rt_cpi_init	/home/parallels/gap_riscv_toolchain_ubuntu/gap_sdk/gap8/rtos/pulp/pulp-os/drivers/cpi/cpi-v1.c:115
/home/parallels/gap_riscv_toolchain_ubuntu/gap_sdk/BAC/get_multiple_images/BUILD/GAP8_V2/GCC_RISCV_PULP_OS/multiple_image_capture:1c0034ee 00000012 T __rt_event_sched_init	/home/parallels/gap_riscv_toolchain_ubuntu/gap_sdk/gap8/rtos/pulp/pulp-os/kernel/events.c:264
/home/parallels/gap_riscv_toolchain_ubuntu/gap_sdk/BAC/get_multiple_images/BUILD/GAP8_V2/GCC_RISCV_PULP_OS/multiple_image_capture:1c003fb2 00000012 T __rt_fll_init	/home/parallels/gap_riscv_toolchain_ubuntu/gap_sdk/gap8/rtos/pulp/pulp-os/kernel/gap/pmu_driver.c:871
/home/parallels/gap_riscv_toolchain_ubuntu/gap_sdk/BAC/get_multiple_images/BUILD/GAP8_V2/GCC_RISCV_PULP_OS/multiple_image_capture:1c004c9e 00000012 T __rt_rtc_init	/home/parallels/gap_riscv_toolchain_ubuntu/gap_sdk/gap8/rtos/pulp/pulp-os/drivers_deprecated/dolphin/rtc.c:414
/home/parallels/gap_riscv_toolchain_ubuntu/gap_sdk/BAC/get_multiple_images/BUILD/GAP8_V2/GCC_RISCV_PULP_OS/multiple_image_capture:1c004cb0 00000012 T __rt_spim_init	/home/parallels/gap_riscv_toolchain_ubuntu/gap_sdk/gap8/rtos/pulp/pulp-os/drivers_deprecated/spim/spim-v2.c:446
/home/parallels/gap_riscv_toolchain_ubuntu/gap_sdk/BAC/get_multiple_images/BUILD/GAP8_V2/GCC_RISCV_PULP_OS/multiple_image_capture:1c0070b0 00000014 B buff	/home/parallels/gap_riscv_toolchain_ubuntu/gap_sdk/BAC/get_multiple_images/multiple_image_capture.c:16
/home/parallels/gap_riscv_toolchain_ubuntu/gap_sdk/BAC/get_multiple_images/BUILD/GAP8_V2/GCC_RISCV_PULP_OS/multiple_image_capture:1c0049f8 00000014 T pi_i2c_conf_init	/home/parallels/gap_riscv_toolchain_ubuntu/gap_sdk/gap8/rtos/pulp/pulp-os/drivers/i2c/i2c-v2.c:300
/home/parallels/gap_riscv_toolchain_ubuntu/gap_sdk/BAC/get_multiple_images/BUILD/GAP8_V2/GCC_RISCV_PULP_OS/multiple_image_capture:0000001c 00000014 D __rt_sched
/home/parallels/gap_riscv_toolchain_ubuntu/gap_sdk/BAC/get_multiple_images/BUILD/GAP8_V2/GCC_RISCV_PULP_OS/multiple_image_capture:1c005082 00000014 T strcmp	/home/parallels/gap_riscv_toolchain_ubuntu/gap_sdk/gap8/rtos/pulp/pulp-os/libs/io/io.c:97
/home/parallels/gap_riscv_toolchain_ubuntu/gap_sdk/BAC/get_multiple_images/BUILD/GAP8_V2/GCC_RISCV_PULP_OS/multiple_image_capture:1c0017dc 00000016 t __pi_host_fs_seek	/home/parallels/gap_riscv_toolchain_ubuntu/gap_sdk/rtos/pmsis/bsp/fs/host_fs/host_fs.c:109
/home/parallels/gap_riscv_toolchain_ubuntu/gap_sdk/BAC/get_multiple_images/BUILD/GAP8_V2/GCC_RISCV_PULP_OS/multiple_image_capture:1c0050b6 00000016 T strlen	/home/parallels/gap_riscv_toolchain_ubuntu/gap_sdk/gap8/rtos/pulp/pulp-os/libs/io/io.c:124
/home/parallels/gap_riscv_toolchain_ubuntu/gap_sdk/BAC/get_multiple_images/BUILD/GAP8_V2/GCC_RISCV_PULP_OS/multiple_image_capture:1c002c10 00000018 T bsp_himax_conf_init	/home/parallels/gap_riscv_toolchain_ubuntu/gap_sdk/rtos/pmsis/bsp/bsp/ai_deck.c:105
/home/parallels/gap_riscv_toolchain_ubuntu/gap_sdk/BAC/get_multiple_images/BUILD/GAP8_V2/GCC_RISCV_PULP_OS/multiple_image_capture:1b000bf0 00000018 d cbsys_first	/home/parallels/gap_riscv_toolchain_ubuntu/gap_sdk/gap8/rtos/pulp/pulp-os/kernel/utils.c:30
/home/parallels/gap_riscv_toolchain_ubuntu/gap_sdk/BAC/get_multiple_images/BUILD/GAP8_V2/GCC_RISCV_PULP_OS/multiple_image_capture:1c001a66 00000018 T __himax_reg_set	/home/parallels/gap_riscv_toolchain_ubuntu/gap_sdk/rtos/pmsis/bsp/camera/himax/himax.c:484
/home/parallels/gap_riscv_toolchain_ubuntu/gap_sdk/BAC/get_multiple_images/BUILD/GAP8_V2/GCC_RISCV_PULP_OS/multiple_image_capture:1c0013c6 00000018 t __pi_read_fs_copy_2d_async	/home/parallels/gap_riscv_toolchain_ubuntu/gap_sdk/rtos/pmsis/bsp/fs/read_fs/read_fs.c:661
/home/parallels/gap_riscv_toolchain_ubuntu/gap_sdk/BAC/get_multiple_images/BUILD/GAP8_V2/GCC_RISCV_PULP_OS/multiple_image_capture:1c0013ae 00000018 t __pi_read_fs_copy_async	/home/parallels/gap_riscv_toolchain_ubuntu/gap_sdk/rtos/pmsis/bsp/fs/read_fs/read_fs.c:652
/home/parallels/gap_riscv_toolchain_ubuntu/gap_sdk/BAC/get_multiple_images/BUILD/GAP8_V2/GCC_RISCV_PULP_OS/multiple_image_capture:1c0034d6 00000018 T rt_event_wait	/home/parallels/gap_riscv_toolchain_ubuntu/gap_sdk/gap8/rtos/pulp/pulp-os/kernel/events.c:257
/home/parallels/gap_riscv_toolchain_ubuntu/gap_sdk/BAC/get_multiple_images/BUILD/GAP8_V2/GCC_RISCV_PULP_OS/multiple_image_capture:1c006c50 00000018 V __rt_padframe_profiles
/home/parallels/gap_riscv_toolchain_ubuntu/gap_sdk/BAC/get_multiple_images/BUILD/GAP8_V2/GCC_RISCV_PULP_OS/multiple_image_capture:1c0036b0 00000018 t __rt_time_poweroff	/home/parallels/gap_riscv_toolchain_ubuntu/gap_sdk/gap8/rtos/pulp/pulp-os/kernel/time.c:28
/home/parallels/gap_riscv_toolchain_ubuntu/gap_sdk/BAC/get_multiple_images/BUILD/GAP8_V2/GCC_RISCV_PULP_OS/multiple_image_capture:1c0036c8 00000018 t __rt_time_poweron	/home/parallels/gap_riscv_toolchain_ubuntu/gap_sdk/gap8/rtos/pulp/pulp-os/kernel/time.c:37
/home/parallels/gap_riscv_toolchain_ubuntu/gap_sdk/BAC/get_multiple_images/BUILD/GAP8_V2/GCC_RISCV_PULP_OS/multiple_image_capture:1c004ae2 00000018 T __rt_udma_channel_init	/home/parallels/gap_riscv_toolchain_ubuntu/gap_sdk/gap8/rtos/pulp/pulp-os/drivers/udma/udma-v2.c:89
/home/parallels/gap_riscv_toolchain_ubuntu/gap_sdk/BAC/get_multiple_images/BUILD/GAP8_V2/GCC_RISCV_PULP_OS/multiple_image_capture:1c00335c 00000018 T __rt_wait_event_prepare_blocking	/home/parallels/gap_riscv_toolchain_ubuntu/gap_sdk/gap8/rtos/pulp/pulp-os/kernel/events.c:42
/home/parallels/gap_riscv_toolchain_ubuntu/gap_sdk/BAC/get_multiple_images/BUILD/GAP8_V2/GCC_RISCV_PULP_OS/multiple_image_capture:1c00529e 0000001a T fputc_locked
/home/parallels/gap_riscv_toolchain_ubuntu/gap_sdk/BAC/get_multiple_images/BUILD/GAP8_V2/GCC_RISCV_PULP_OS/multiple_image_capture:1c000f1c 0000001a T main	/home/parallels/gap_riscv_toolchain_ubuntu/gap_sdk/BAC/get_multiple_images/multiple_image_capture.c:153
/home/parallels/gap_riscv_toolchain_ubuntu/gap_sdk/BAC/get_multiple_images/BUILD/GAP8_V2/GCC_RISCV_PULP_OS/multiple_image_capture:1c0033e8 0000001a T rt_event_get	/home/parallels/gap_riscv_toolchain_ubuntu/gap_sdk/gap8/rtos/pulp/pulp-os/kernel/events.c:105
/home/parallels/gap_riscv_toolchain_ubuntu/gap_sdk/BAC/get_multiple_images/BUILD/GAP8_V2/GCC_RISCV_PULP_OS/multiple_image_capture:1c005112 0000001a T strchr	/home/parallels/gap_riscv_toolchain_ubuntu/gap_sdk/gap8/rtos/pulp/pulp-os/libs/io/io.c:278
/home/parallels/gap_riscv_toolchain_ubuntu/gap_sdk/BAC/get_multiple_images/BUILD/GAP8_V2/GCC_RISCV_PULP_OS/multiple_image_capture:1c006c04 0000001c d himax_api	/home/parallels/gap_riscv_toolchain_ubuntu/gap_sdk/rtos/pmsis/bsp/camera/himax/himax.c:502
/home/parallels/gap_riscv_toolchain_ubuntu/gap_sdk/BAC/get_multiple_images/BUILD/GAP8_V2/GCC_RISCV_PULP_OS/multiple_image_capture:1c001af8 0000001c T __himax_reg_get	/home/parallels/gap_riscv_toolchain_ubuntu/gap_sdk/rtos/pmsis/bsp/camera/himax/himax.c:493
/home/parallels/gap_riscv_toolchain_ubuntu/gap_sdk/BAC/get_multiple_images/BUILD/GAP8_V2/GCC_RISCV_PULP_OS/multiple_image_capture:1c00193c 0000001c t __pi_host_fs_close	/home/parallels/gap_riscv_toolchain_ubuntu/gap_sdk/rtos/pmsis/bsp/fs/host_fs/host_fs.c:67
/home/parallels/gap_riscv_toolchain_ubuntu/gap_sdk/BAC/get_multiple_images/BUILD/GAP8_V2/GCC_RISCV_PULP_OS/multiple_image_capture:1c0030be 0000001c t __rt_event_enqueue	/home/parallels/gap_riscv_toolchain_ubuntu/gap_sdk/install/GAP8_V2/include/rt/rt_event.h:405
/home/parallels/gap_riscv_toolchain_ubuntu/gap_sdk/BAC/get_multiple_images/BUILD/GAP8_V2/GCC_RISCV_PULP_OS/multiple_image_capture:1c004596 0000001e T pi_pad_init	/home/parallels/gap_riscv_toolchain_ubuntu/gap_sdk/gap8/rtos/pulp/pulp-os/drivers/pads/pads-v1.c:31
/home/parallels/gap_riscv_toolchain_ubuntu/gap_sdk/BAC/get_multiple_images/BUILD/GAP8_V2/GCC_RISCV_PULP_OS/multiple_image_capture:1c00323a 0000001e T __rt_bridge_clear_notif	/home/parallels/gap_riscv_toolchain_ubuntu/gap_sdk/gap8/rtos/pulp/pulp-os/kernel/bridge.c:838
/home/parallels/gap_riscv_toolchain_ubuntu/gap_sdk/BAC/get_multiple_images/BUILD/GAP8_V2/GCC_RISCV_PULP_OS/multiple_image_capture:1c0031fc 0000001e T __rt_bridge_set_available	/home/parallels/gap_riscv_toolchain_ubuntu/gap_sdk/gap8/rtos/pulp/pulp-os/kernel/bridge.c:725
/home/parallels/gap_riscv_toolchain_ubuntu/gap_sdk/BAC/get_multiple_images/BUILD/GAP8_V2/GCC_RISCV_PULP_OS/multiple_image_capture:1c00602e 0000001e t sprintf_out
/home/parallels/gap_riscv_toolchain_ubuntu/gap_sdk/BAC/get_multiple_images/BUILD/GAP8_V2/GCC_RISCV_PULP_OS/multiple_image_capture:1c0019e0 00000020 t __himax_reg_write	/home/parallels/gap_riscv_toolchain_ubuntu/gap_sdk/rtos/pmsis/bsp/camera/himax/himax.c:163
/home/parallels/gap_riscv_toolchain_ubuntu/gap_sdk/BAC/get_multiple_images/BUILD/GAP8_V2/GCC_RISCV_PULP_OS/multiple_image_capture:1c0047e2 00000020 T pi_i2c_write	/home/parallels/gap_riscv_toolchain_ubuntu/gap_sdk/gap8/rtos/pulp/pulp-os/drivers/i2c/i2c-v2.c:182
/home/parallels/gap_riscv_toolchain_ubuntu/gap_sdk/BAC/get_multiple_images/BUILD/GAP8_V2/GCC_RISCV_PULP_OS/multiple_image_capture:1c0054e0 00000020 t _rlrshift	/home/parallels/gap_riscv_toolchain_ubuntu/gap_sdk/gap8/rtos/pulp/pulp-os/libs/io/prf.c:122
/home/parallels/gap_riscv_toolchain_ubuntu/gap_sdk/BAC/get_multiple_images/BUILD/GAP8_V2/GCC_RISCV_PULP_OS/multiple_image_capture:1c0030da 00000020 t __rt_bridge_check_bridge_req.part.5	/home/parallels/gap_riscv_toolchain_ubuntu/gap_sdk/gap8/rtos/pulp/pulp-os/kernel/bridge.c:638
/home/parallels/gap_riscv_toolchain_ubuntu/gap_sdk/BAC/get_multiple_images/BUILD/GAP8_V2/GCC_RISCV_PULP_OS/multiple_image_capture:1c00321a 00000020 T __rt_bridge_send_notif	/home/parallels/gap_riscv_toolchain_ubuntu/gap_sdk/gap8/rtos/pulp/pulp-os/kernel/bridge.c:821
/home/parallels/gap_riscv_toolchain_ubuntu/gap_sdk/BAC/get_multiple_images/BUILD/GAP8_V2/GCC_RISCV_PULP_OS/multiple_image_capture:1c006f30 00000020 b __rt_cpi	/home/parallels/gap_riscv_toolchain_ubuntu/gap_sdk/gap8/rtos/pulp/pulp-os/drivers/cpi/cpi-v1.c:23
/home/parallels/gap_riscv_toolchain_ubuntu/gap_sdk/BAC/get_multiple_images/BUILD/GAP8_V2/GCC_RISCV_PULP_OS/multiple_image_capture:1c004dba 00000020 t rt_event_execute.isra.4.constprop.12	/home/parallels/gap_riscv_toolchain_ubuntu/gap_sdk/gap8/rtos/pulp/pulp-os/libs/io/io.c:795
/home/parallels/gap_riscv_toolchain_ubuntu/gap_sdk/BAC/get_multiple_images/BUILD/GAP8_V2/GCC_RISCV_PULP_OS/multiple_image_capture:1c003782 00000020 T rt_time_wait_us	/home/parallels/gap_riscv_toolchain_ubuntu/gap_sdk/gap8/rtos/pulp/pulp-os/kernel/time.c:176
/home/parallels/gap_riscv_toolchain_ubuntu/gap_sdk/BAC/get_multiple_images/BUILD/GAP8_V2/GCC_RISCV_PULP_OS/multiple_image_capture:1c003500 00000020 T rt_user_alloc_init	/home/parallels/gap_riscv_toolchain_ubuntu/gap_sdk/gap8/rtos/pulp/pulp-os/kernel/alloc.c:193
/home/parallels/gap_riscv_toolchain_ubuntu/gap_sdk/BAC/get_multiple_images/BUILD/GAP8_V2/GCC_RISCV_PULP_OS/multiple_image_capture:1c005096 00000020 T strncmp	/home/parallels/gap_riscv_toolchain_ubuntu/gap_sdk/gap8/rtos/pulp/pulp-os/libs/io/io.c:108
/home/parallels/gap_riscv_toolchain_ubuntu/gap_sdk/BAC/get_multiple_images/BUILD/GAP8_V2/GCC_RISCV_PULP_OS/multiple_image_capture:1c001ca6 00000022 t __himax_standby
/home/parallels/gap_riscv_toolchain_ubuntu/gap_sdk/BAC/get_multiple_images/BUILD/GAP8_V2/GCC_RISCV_PULP_OS/multiple_image_capture:1c0048be 00000022 T pi_i2c_read	/home/parallels/gap_riscv_toolchain_ubuntu/gap_sdk/gap8/rtos/pulp/pulp-os/drivers/i2c/i2c-v2.c:230
/home/parallels/gap_riscv_toolchain_ubuntu/gap_sdk/BAC/get_multiple_images/BUILD/GAP8_V2/GCC_RISCV_PULP_OS/multiple_image_capture:1c0035e2 00000022 T __rt_alloc_init_l1	/home/parallels/gap_riscv_toolchain_ubuntu/gap_sdk/gap8/rtos/pulp/pulp-os/kernel/alloc.c:445
/home/parallels/gap_riscv_toolchain_ubuntu/gap_sdk/BAC/get_multiple_images/BUILD/GAP8_V2/GCC_RISCV_PULP_OS/multiple_image_capture:1c003402 00000022 T rt_event_get_blocking	/home/parallels/gap_riscv_toolchain_ubuntu/gap_sdk/gap8/rtos/pulp/pulp-os/kernel/events.c:127
/home/parallels/gap_riscv_toolchain_ubuntu/gap_sdk/BAC/get_multiple_images/BUILD/GAP8_V2/GCC_RISCV_PULP_OS/multiple_image_capture:1c0060d2 00000022 t __rt_uart_setfreq_after	/home/parallels/gap_riscv_toolchain_ubuntu/gap_sdk/gap8/rtos/pulp/pulp-os/drivers_deprecated/uart/uart.c:135
/home/parallels/gap_riscv_toolchain_ubuntu/gap_sdk/BAC/get_multiple_images/BUILD/GAP8_V2/GCC_RISCV_PULP_OS/multiple_image_capture:1c002fc8 00000022 T __rt_utils_init	/home/parallels/gap_riscv_toolchain_ubuntu/gap_sdk/gap8/rtos/pulp/pulp-os/kernel/utils.c:84
/home/parallels/gap_riscv_toolchain_ubuntu/gap_sdk/BAC/get_multiple_images/BUILD/GAP8_V2/GCC_RISCV_PULP_OS/multiple_image_capture:1c002068 00000024 T flash_partition_table_free	/home/parallels/gap_riscv_toolchain_ubuntu/gap_sdk/rtos/pmsis/bsp/partition/flash_partition.c:221
/home/parallels/gap_riscv_toolchain_ubuntu/gap_sdk/BAC/get_multiple_images/BUILD/GAP8_V2/GCC_RISCV_PULP_OS/multiple_image_capture:1c001cc8 00000024 t __himax_close	/home/parallels/gap_riscv_toolchain_ubuntu/gap_sdk/rtos/pmsis/bsp/camera/himax/himax.c:423
/home/parallels/gap_riscv_toolchain_ubuntu/gap_sdk/BAC/get_multiple_images/BUILD/GAP8_V2/GCC_RISCV_PULP_OS/multiple_image_capture:1c0013de 00000024 t rt_event_enqueue	/home/parallels/gap_riscv_toolchain_ubuntu/gap_sdk/install/GAP8_V2/include/rt/rt_event.h:419
/home/parallels/gap_riscv_toolchain_ubuntu/gap_sdk/BAC/get_multiple_images/BUILD/GAP8_V2/GCC_RISCV_PULP_OS/multiple_image_capture:1c0017f2 00000024 t rt_event_enqueue	/home/parallels/gap_riscv_toolchain_ubuntu/gap_sdk/install/GAP8_V2/include/rt/rt_event.h:419
/home/parallels/gap_riscv_toolchain_ubuntu/gap_sdk/BAC/get_multiple_images/BUILD/GAP8_V2/GCC_RISCV_PULP_OS/multiple_image_capture:1c003424 00000024 T rt_event_push	/home/parallels/gap_riscv_toolchain_ubuntu/gap_sdk/gap8/rtos/pulp/pulp-os/kernel/events.c:139
/home/parallels/gap_riscv_toolchain_ubuntu/gap_sdk/BAC/get_multiple_images/BUILD/GAP8_V2/GCC_RISCV_PULP_OS/multiple_image_capture:1c0060ae 00000024 t __rt_uart_setup.isra.5	/home/parallels/gap_riscv_toolchain_ubuntu/gap_sdk/gap8/rtos/pulp/pulp-os/drivers_deprecated/uart/uart.c:222
/home/parallels/gap_riscv_toolchain_ubuntu/gap_sdk/BAC/get_multiple_images/BUILD/GAP8_V2/GCC_RISCV_PULP_OS/multiple_image_capture:1c002c36 00000026 t cluster_start	/home/parallels/gap_riscv_toolchain_ubuntu/gap_sdk/gap8/rtos/pulp/pulp-os/kernel/init.c:198
/home/parallels/gap_riscv_toolchain_ubuntu/gap_sdk/BAC/get_multiple_images/BUILD/GAP8_V2/GCC_RISCV_PULP_OS/multiple_image_capture:1c00130c 00000026 T pi_fs_read	/home/parallels/gap_riscv_toolchain_ubuntu/gap_sdk/rtos/pmsis/bsp/fs/fs.c:90
/home/parallels/gap_riscv_toolchain_ubuntu/gap_sdk/BAC/get_multiple_images/BUILD/GAP8_V2/GCC_RISCV_PULP_OS/multiple_image_capture:1c00133a 00000026 T pi_fs_write	/home/parallels/gap_riscv_toolchain_ubuntu/gap_sdk/rtos/pmsis/bsp/fs/fs.c:103
/home/parallels/gap_riscv_toolchain_ubuntu/gap_sdk/BAC/get_multiple_images/BUILD/GAP8_V2/GCC_RISCV_PULP_OS/multiple_image_capture:1c0036e0 00000026 T rt_time_get_us	/home/parallels/gap_riscv_toolchain_ubuntu/gap_sdk/gap8/rtos/pulp/pulp-os/kernel/time.c:45
/home/parallels/gap_riscv_toolchain_ubuntu/gap_sdk/BAC/get_multiple_images/BUILD/GAP8_V2/GCC_RISCV_PULP_OS/multiple_image_capture:1c006088 00000026 T __rt_uart_cluster_req_done	/home/parallels/gap_riscv_toolchain_ubuntu/gap_sdk/gap8/rtos/pulp/pulp-os/drivers_deprecated/uart/uart.c:253
/home/parallels/gap_riscv_toolchain_ubuntu/gap_sdk/BAC/get_multiple_images/BUILD/GAP8_V2/GCC_RISCV_PULP_OS/multiple_image_capture:1c003bbe 00000026 t soc_eu_fcEventMask_setEvent	/home/parallels/gap_riscv_toolchain_ubuntu/gap_sdk/install/GAP8_V2/include/hal/soc_eu/soc_eu_v1.h:60
/home/parallels/gap_riscv_toolchain_ubuntu/gap_sdk/BAC/get_multiple_images/BUILD/GAP8_V2/GCC_RISCV_PULP_OS/multiple_image_capture:1c0046b6 00000026 t soc_eu_fcEventMask_setEvent	/home/parallels/gap_riscv_toolchain_ubuntu/gap_sdk/install/GAP8_V2/include/hal/soc_eu/soc_eu_v1.h:60
/home/parallels/gap_riscv_toolchain_ubuntu/gap_sdk/BAC/get_multiple_images/BUILD/GAP8_V2/GCC_RISCV_PULP_OS/multiple_image_capture:1c0061a4 00000026 t soc_eu_fcEventMask_setEvent	/home/parallels/gap_riscv_toolchain_ubuntu/gap_sdk/install/GAP8_V2/include/hal/soc_eu/soc_eu_v1.h:60
/home/parallels/gap_riscv_toolchain_ubuntu/gap_sdk/BAC/get_multiple_images/BUILD/GAP8_V2/GCC_RISCV_PULP_OS/multiple_image_capture:1c006bdc 00000028 D __pi_host_fs_api
/home/parallels/gap_riscv_toolchain_ubuntu/gap_sdk/BAC/get_multiple_images/BUILD/GAP8_V2/GCC_RISCV_PULP_OS/multiple_image_capture:1c006bb4 00000028 D __pi_read_fs_api
/home/parallels/gap_riscv_toolchain_ubuntu/gap_sdk/BAC/get_multiple_images/BUILD/GAP8_V2/GCC_RISCV_PULP_OS/multiple_image_capture:1c0052ec 00000028 T _prf_locked	/home/parallels/gap_riscv_toolchain_ubuntu/gap_sdk/gap8/rtos/pulp/pulp-os/libs/io/io.c:626
/home/parallels/gap_riscv_toolchain_ubuntu/gap_sdk/BAC/get_multiple_images/BUILD/GAP8_V2/GCC_RISCV_PULP_OS/multiple_image_capture:1c003604 00000028 T __rt_alloc_init_l1_for_fc	/home/parallels/gap_riscv_toolchain_ubuntu/gap_sdk/gap8/rtos/pulp/pulp-os/kernel/alloc.c:452
/home/parallels/gap_riscv_toolchain_ubuntu/gap_sdk/BAC/get_multiple_images/BUILD/GAP8_V2/GCC_RISCV_PULP_OS/multiple_image_capture:1c002dc2 00000028 T __rt_deinit	/home/parallels/gap_riscv_toolchain_ubuntu/gap_sdk/gap8/rtos/pulp/pulp-os/kernel/init.c:163
/home/parallels/gap_riscv_toolchain_ubuntu/gap_sdk/BAC/get_multiple_images/BUILD/GAP8_V2/GCC_RISCV_PULP_OS/multiple_image_capture:1c003334 00000028 T __rt_event_init	/home/parallels/gap_riscv_toolchain_ubuntu/gap_sdk/gap8/rtos/pulp/pulp-os/kernel/events.c:32
/home/parallels/gap_riscv_toolchain_ubuntu/gap_sdk/BAC/get_multiple_images/BUILD/GAP8_V2/GCC_RISCV_PULP_OS/multiple_image_capture:1c0070e8 00000028 B __rt_fc_cluster_data
/home/parallels/gap_riscv_toolchain_ubuntu/gap_sdk/BAC/get_multiple_images/BUILD/GAP8_V2/GCC_RISCV_PULP_OS/multiple_image_capture:1c004bee 00000028 t __rt_i2s_setfreq_after	/home/parallels/gap_riscv_toolchain_ubuntu/gap_sdk/gap8/rtos/pulp/pulp-os/drivers_deprecated/i2s/i2s-v1.c:235
/home/parallels/gap_riscv_toolchain_ubuntu/gap_sdk/BAC/get_multiple_images/BUILD/GAP8_V2/GCC_RISCV_PULP_OS/multiple_image_capture:1c00505a 00000028 t __rt_io_stop	/home/parallels/gap_riscv_toolchain_ubuntu/gap_sdk/gap8/rtos/pulp/pulp-os/libs/io/io.c:769
/home/parallels/gap_riscv_toolchain_ubuntu/gap_sdk/BAC/get_multiple_images/BUILD/GAP8_V2/GCC_RISCV_PULP_OS/multiple_image_capture:1c004a5c 00000028 T rt_padframe_set	/home/parallels/gap_riscv_toolchain_ubuntu/gap_sdk/gap8/rtos/pulp/pulp-os/drivers_deprecated/pads/pads-v1.c:77
/home/parallels/gap_riscv_toolchain_ubuntu/gap_sdk/BAC/get_multiple_images/BUILD/GAP8_V2/GCC_RISCV_PULP_OS/multiple_image_capture:000002b8 00000028 D __rt_udma_extra_callback
/home/parallels/gap_riscv_toolchain_ubuntu/gap_sdk/BAC/get_multiple_images/BUILD/GAP8_V2/GCC_RISCV_PULP_OS/multiple_image_capture:000002e0 00000028 D __rt_udma_extra_callback_arg
/home/parallels/gap_riscv_toolchain_ubuntu/gap_sdk/BAC/get_multiple_images/BUILD/GAP8_V2/GCC_RISCV_PULP_OS/multiple_image_capture:1c001a3c 0000002a t __himax_set_qqvga	/home/parallels/gap_riscv_toolchain_ubuntu/gap_sdk/rtos/pmsis/bsp/camera/himax/himax.c:214
/home/parallels/gap_riscv_toolchain_ubuntu/gap_sdk/BAC/get_multiple_images/BUILD/GAP8_V2/GCC_RISCV_PULP_OS/multiple_image_capture:1c0034ac 0000002a T __rt_wait_event	/home/parallels/gap_riscv_toolchain_ubuntu/gap_sdk/gap8/rtos/pulp/pulp-os/kernel/events.c:247
/home/parallels/gap_riscv_toolchain_ubuntu/gap_sdk/BAC/get_multiple_images/BUILD/GAP8_V2/GCC_RISCV_PULP_OS/multiple_image_capture:1c0012c0 0000002c T pi_fs_mount	/home/parallels/gap_riscv_toolchain_ubuntu/gap_sdk/rtos/pmsis/bsp/fs/fs.c:40
/home/parallels/gap_riscv_toolchain_ubuntu/gap_sdk/BAC/get_multiple_images/BUILD/GAP8_V2/GCC_RISCV_PULP_OS/multiple_image_capture:1c001e58 0000002c T pi_himax_conf_init	/home/parallels/gap_riscv_toolchain_ubuntu/gap_sdk/rtos/pmsis/bsp/camera/himax/himax.c:512
/home/parallels/gap_riscv_toolchain_ubuntu/gap_sdk/BAC/get_multiple_images/BUILD/GAP8_V2/GCC_RISCV_PULP_OS/multiple_image_capture:1c005422 0000002c T printf	/home/parallels/gap_riscv_toolchain_ubuntu/gap_sdk/gap8/rtos/pulp/pulp-os/libs/io/fprintf.c:41
/home/parallels/gap_riscv_toolchain_ubuntu/gap_sdk/BAC/get_multiple_images/BUILD/GAP8_V2/GCC_RISCV_PULP_OS/multiple_image_capture:1c005272 0000002c T puts	/home/parallels/gap_riscv_toolchain_ubuntu/gap_sdk/gap8/rtos/pulp/pulp-os/libs/io/io.c:576
/home/parallels/gap_riscv_toolchain_ubuntu/gap_sdk/BAC/get_multiple_images/BUILD/GAP8_V2/GCC_RISCV_PULP_OS/multiple_image_capture:1c004c16 0000002c t __rt_i2s_setfreq_before	/home/parallels/gap_riscv_toolchain_ubuntu/gap_sdk/gap8/rtos/pulp/pulp-os/drivers_deprecated/i2s/i2s-v1.c:219
/home/parallels/gap_riscv_toolchain_ubuntu/gap_sdk/BAC/get_multiple_images/BUILD/GAP8_V2/GCC_RISCV_PULP_OS/multiple_image_capture:1c006f04 0000002c b __rt_pulpos_emu_global_cluster_task	/home/parallels/gap_riscv_toolchain_ubuntu/gap_sdk/gap8/rtos/pulp/pulp-os/kernel/pulpos_emu.c:26
/home/parallels/gap_riscv_toolchain_ubuntu/gap_sdk/BAC/get_multiple_images/BUILD/GAP8_V2/GCC_RISCV_PULP_OS/multiple_image_capture:1c006136 0000002c t __rt_uart_setfreq_before	/home/parallels/gap_riscv_toolchain_ubuntu/gap_sdk/gap8/rtos/pulp/pulp-os/drivers_deprecated/uart/uart.c:102
/home/parallels/gap_riscv_toolchain_ubuntu/gap_sdk/BAC/get_multiple_images/BUILD/GAP8_V2/GCC_RISCV_PULP_OS/multiple_image_capture:1c003b92 0000002c t SetFllMultDivFactors
/home/parallels/gap_riscv_toolchain_ubuntu/gap_sdk/BAC/get_multiple_images/BUILD/GAP8_V2/GCC_RISCV_PULP_OS/multiple_image_capture:1c0035b4 0000002e T rt_alloc
/home/parallels/gap_riscv_toolchain_ubuntu/gap_sdk/BAC/get_multiple_images/BUILD/GAP8_V2/GCC_RISCV_PULP_OS/multiple_image_capture:1c004b06 0000002e t __rt_hyper_init	/home/parallels/gap_riscv_toolchain_ubuntu/gap_sdk/gap8/rtos/pulp/pulp-os/drivers/hyper/hyperram-v1.c:995
/home/parallels/gap_riscv_toolchain_ubuntu/gap_sdk/BAC/get_multiple_images/BUILD/GAP8_V2/GCC_RISCV_PULP_OS/multiple_image_capture:1c0052b8 00000030 T fputc	/home/parallels/gap_riscv_toolchain_ubuntu/gap_sdk/gap8/rtos/pulp/pulp-os/libs/io/io.c:603
/home/parallels/gap_riscv_toolchain_ubuntu/gap_sdk/BAC/get_multiple_images/BUILD/GAP8_V2/GCC_RISCV_PULP_OS/multiple_image_capture:1c002f98 00000030 T __rt_cbsys_exec	/home/parallels/gap_riscv_toolchain_ubuntu/gap_sdk/gap8/rtos/pulp/pulp-os/kernel/utils.c:71
/home/parallels/gap_riscv_toolchain_ubuntu/gap_sdk/BAC/get_multiple_images/BUILD/GAP8_V2/GCC_RISCV_PULP_OS/multiple_image_capture:1c0029ce 00000032 T MD5_Init	/home/parallels/gap_riscv_toolchain_ubuntu/gap_sdk/rtos/pmsis/bsp/crc/md5.c:207
/home/parallels/gap_riscv_toolchain_ubuntu/gap_sdk/BAC/get_multiple_images/BUILD/GAP8_V2/GCC_RISCV_PULP_OS/multiple_image_capture:1c004296 00000032 T pi_cluster_close	/home/parallels/gap_riscv_toolchain_ubuntu/gap_sdk/gap8/rtos/pulp/pulp-os/kernel/cluster.c:370
/home/parallels/gap_riscv_toolchain_ubuntu/gap_sdk/BAC/get_multiple_images/BUILD/GAP8_V2/GCC_RISCV_PULP_OS/multiple_image_capture:1c0018c6 00000032 t __pi_host_fs_read_async	/home/parallels/gap_riscv_toolchain_ubuntu/gap_sdk/rtos/pmsis/bsp/fs/host_fs/host_fs.c:74
/home/parallels/gap_riscv_toolchain_ubuntu/gap_sdk/BAC/get_multiple_images/BUILD/GAP8_V2/GCC_RISCV_PULP_OS/multiple_image_capture:1c00127c 00000032 t pi_task_wait_on.isra.3	/home/parallels/gap_riscv_toolchain_ubuntu/gap_sdk/install/GAP8_V2/include/pmsis/implem/implem.h:70
/home/parallels/gap_riscv_toolchain_ubuntu/gap_sdk/BAC/get_multiple_images/BUILD/GAP8_V2/GCC_RISCV_PULP_OS/multiple_image_capture:1c0046dc 00000032 t pi_task_wait_on.isra.3	/home/parallels/gap_riscv_toolchain_ubuntu/gap_sdk/install/GAP8_V2/include/hal/soc_eu/soc_eu_v1.h:55
/home/parallels/gap_riscv_toolchain_ubuntu/gap_sdk/BAC/get_multiple_images/BUILD/GAP8_V2/GCC_RISCV_PULP_OS/multiple_image_capture:1c002fea 00000032 T __rt_fc_lock	/home/parallels/gap_riscv_toolchain_ubuntu/gap_sdk/gap8/rtos/pulp/pulp-os/kernel/utils.c:92
/home/parallels/gap_riscv_toolchain_ubuntu/gap_sdk/BAC/get_multiple_images/BUILD/GAP8_V2/GCC_RISCV_PULP_OS/multiple_image_capture:000003a8 00000034 D dev_rtc	/home/parallels/gap_riscv_toolchain_ubuntu/gap_sdk/gap8/rtos/pulp/pulp-os/drivers_deprecated/dolphin/rtc.c:24
/home/parallels/gap_riscv_toolchain_ubuntu/gap_sdk/BAC/get_multiple_images/BUILD/GAP8_V2/GCC_RISCV_PULP_OS/multiple_image_capture:1c005544 00000034 t _get_digit	/home/parallels/gap_riscv_toolchain_ubuntu/gap_sdk/gap8/rtos/pulp/pulp-os/libs/io/prf.c:167
/home/parallels/gap_riscv_toolchain_ubuntu/gap_sdk/BAC/get_multiple_images/BUILD/GAP8_V2/GCC_RISCV_PULP_OS/multiple_image_capture:1c004670 00000034 T pi_cpi_capture_async	/home/parallels/gap_riscv_toolchain_ubuntu/gap_sdk/gap8/rtos/pulp/pulp-os/drivers/cpi/cpi-v1.c:102
/home/parallels/gap_riscv_toolchain_ubuntu/gap_sdk/BAC/get_multiple_images/BUILD/GAP8_V2/GCC_RISCV_PULP_OS/multiple_image_capture:1c003300 00000034 T __rt_bridge_init	/home/parallels/gap_riscv_toolchain_ubuntu/gap_sdk/gap8/rtos/pulp/pulp-os/kernel/bridge.c:851
/home/parallels/gap_riscv_toolchain_ubuntu/gap_sdk/BAC/get_multiple_images/BUILD/GAP8_V2/GCC_RISCV_PULP_OS/multiple_image_capture:1c00301c 00000034 T __rt_fc_unlock	/home/parallels/gap_riscv_toolchain_ubuntu/gap_sdk/gap8/rtos/pulp/pulp-os/kernel/utils.c:127
/home/parallels/gap_riscv_toolchain_ubuntu/gap_sdk/BAC/get_multiple_images/BUILD/GAP8_V2/GCC_RISCV_PULP_OS/multiple_image_capture:1c004bba 00000034 t __rt_i2s_resume	/home/parallels/gap_riscv_toolchain_ubuntu/gap_sdk/gap8/rtos/pulp/pulp-os/drivers_deprecated/i2s/i2s-v1.c:186
/home/parallels/gap_riscv_toolchain_ubuntu/gap_sdk/BAC/get_multiple_images/BUILD/GAP8_V2/GCC_RISCV_PULP_OS/multiple_image_capture:1c004e4a 00000034 t __rt_putc_host_cluster_req	/home/parallels/gap_riscv_toolchain_ubuntu/gap_sdk/gap8/rtos/pulp/pulp-os/libs/io/io.c:451
/home/parallels/gap_riscv_toolchain_ubuntu/gap_sdk/BAC/get_multiple_images/BUILD/GAP8_V2/GCC_RISCV_PULP_OS/multiple_image_capture:1c0062b6 00000034 T rt_uart_cluster_write	/home/parallels/gap_riscv_toolchain_ubuntu/gap_sdk/gap8/rtos/pulp/pulp-os/drivers_deprecated/uart/uart.c:277
/home/parallels/gap_riscv_toolchain_ubuntu/gap_sdk/BAC/get_multiple_images/BUILD/GAP8_V2/GCC_RISCV_PULP_OS/multiple_image_capture:1c001ac2 00000036 t __himax_reset	/home/parallels/gap_riscv_toolchain_ubuntu/gap_sdk/rtos/pmsis/bsp/camera/himax/himax.c:203
/home/parallels/gap_riscv_toolchain_ubuntu/gap_sdk/BAC/get_multiple_images/BUILD/GAP8_V2/GCC_RISCV_PULP_OS/multiple_image_capture:1c0050dc 00000036 T memcpy	/home/parallels/gap_riscv_toolchain_ubuntu/gap_sdk/gap8/rtos/pulp/pulp-os/libs/io/io.c:159
/home/parallels/gap_riscv_toolchain_ubuntu/gap_sdk/BAC/get_multiple_images/BUILD/GAP8_V2/GCC_RISCV_PULP_OS/multiple_image_capture:1c001890 00000036 t __pi_host_fs_write_async	/home/parallels/gap_riscv_toolchain_ubuntu/gap_sdk/rtos/pmsis/bsp/fs/host_fs/host_fs.c:100
/home/parallels/gap_riscv_toolchain_ubuntu/gap_sdk/BAC/get_multiple_images/BUILD/GAP8_V2/GCC_RISCV_PULP_OS/multiple_image_capture:1c003088 00000036 T __rt_fc_cluster_unlock	/home/parallels/gap_riscv_toolchain_ubuntu/gap_sdk/gap8/rtos/pulp/pulp-os/kernel/utils.c:199
/home/parallels/gap_riscv_toolchain_ubuntu/gap_sdk/BAC/get_multiple_images/BUILD/GAP8_V2/GCC_RISCV_PULP_OS/multiple_image_capture:1c001402 00000038 t __pi_fs_free	/home/parallels/gap_riscv_toolchain_ubuntu/gap_sdk/rtos/pmsis/bsp/fs/read_fs/read_fs.c:122
/home/parallels/gap_riscv_toolchain_ubuntu/gap_sdk/BAC/get_multiple_images/BUILD/GAP8_V2/GCC_RISCV_PULP_OS/multiple_image_capture:1c003050 00000038 T __rt_fc_cluster_lock	/home/parallels/gap_riscv_toolchain_ubuntu/gap_sdk/gap8/rtos/pulp/pulp-os/kernel/utils.c:189
/home/parallels/gap_riscv_toolchain_ubuntu/gap_sdk/BAC/get_multiple_images/BUILD/GAP8_V2/GCC_RISCV_PULP_OS/multiple_image_capture:1c003258 0000003a T __rt_bridge_printf_flush
/home/parallels/gap_riscv_toolchain_ubuntu/gap_sdk/BAC/get_multiple_images/BUILD/GAP8_V2/GCC_RISCV_PULP_OS/multiple_image_capture:1c002bd4 0000003c t __bsp_init_pads
/home/parallels/gap_riscv_toolchain_ubuntu/gap_sdk/BAC/get_multiple_images/BUILD/GAP8_V2/GCC_RISCV_PULP_OS/multiple_image_capture:1c001a00 0000003c t __himax_init_regs	/home/parallels/gap_riscv_toolchain_ubuntu/gap_sdk/rtos/pmsis/bsp/camera/himax/himax.c:192
/home/parallels/gap_riscv_toolchain_ubuntu/gap_sdk/BAC/get_multiple_images/BUILD/GAP8_V2/GCC_RISCV_PULP_OS/multiple_image_capture:1c004338 0000003c T __rt_cluster_new	/home/parallels/gap_riscv_toolchain_ubuntu/gap_sdk/gap8/rtos/pulp/pulp-os/kernel/cluster.c:445
/home/parallels/gap_riscv_toolchain_ubuntu/gap_sdk/BAC/get_multiple_images/BUILD/GAP8_V2/GCC_RISCV_PULP_OS/multiple_image_capture:1c004374 0000003c t __rt_cluster_pulpos_emu_init	/home/parallels/gap_riscv_toolchain_ubuntu/gap_sdk/gap8/rtos/pulp/pulp-os/kernel/pulpos_emu.c:29
/home/parallels/gap_riscv_toolchain_ubuntu/gap_sdk/BAC/get_multiple_images/BUILD/GAP8_V2/GCC_RISCV_PULP_OS/multiple_image_capture:1c00518a 0000003c T __rt_putc_uart	/home/parallels/gap_riscv_toolchain_ubuntu/gap_sdk/gap8/rtos/pulp/pulp-os/libs/io/io.c:412
/home/parallels/gap_riscv_toolchain_ubuntu/gap_sdk/BAC/get_multiple_images/BUILD/GAP8_V2/GCC_RISCV_PULP_OS/multiple_image_capture:1c00604c 0000003c T sprintf	/home/parallels/gap_riscv_toolchain_ubuntu/gap_sdk/gap8/rtos/pulp/pulp-os/libs/io/sprintf.c:55
/home/parallels/gap_riscv_toolchain_ubuntu/gap_sdk/BAC/get_multiple_images/BUILD/GAP8_V2/GCC_RISCV_PULP_OS/multiple_image_capture:1c001360 0000003e t __pi_read_fs_write	/home/parallels/gap_riscv_toolchain_ubuntu/gap_sdk/rtos/pmsis/bsp/fs/read_fs/read_fs.c:501
/home/parallels/gap_riscv_toolchain_ubuntu/gap_sdk/BAC/get_multiple_images/BUILD/GAP8_V2/GCC_RISCV_PULP_OS/multiple_image_capture:1c002f5a 0000003e T __rt_cbsys_add	/home/parallels/gap_riscv_toolchain_ubuntu/gap_sdk/gap8/rtos/pulp/pulp-os/kernel/utils.c:57
/home/parallels/gap_riscv_toolchain_ubuntu/gap_sdk/BAC/get_multiple_images/BUILD/GAP8_V2/GCC_RISCV_PULP_OS/multiple_image_capture:1c003b54 0000003e T __rt_freq_init	/home/parallels/gap_riscv_toolchain_ubuntu/gap_sdk/gap8/rtos/pulp/pulp-os/kernel/gap/freq.c:62
/home/parallels/gap_riscv_toolchain_ubuntu/gap_sdk/BAC/get_multiple_images/BUILD/GAP8_V2/GCC_RISCV_PULP_OS/multiple_image_capture:1c003eb8 00000040 T InitFlls	/home/parallels/gap_riscv_toolchain_ubuntu/gap_sdk/gap8/rtos/pulp/pulp-os/kernel/gap/pmu_driver.c:858
/home/parallels/gap_riscv_toolchain_ubuntu/gap_sdk/BAC/get_multiple_images/BUILD/GAP8_V2/GCC_RISCV_PULP_OS/multiple_image_capture:1c004d20 00000040 t __rt_do_putc_host	/home/parallels/gap_riscv_toolchain_ubuntu/gap_sdk/gap8/rtos/pulp/pulp-os/libs/io/io.c:430
/home/parallels/gap_riscv_toolchain_ubuntu/gap_sdk/BAC/get_multiple_images/BUILD/GAP8_V2/GCC_RISCV_PULP_OS/multiple_image_capture:1c0018f8 00000042 t __pi_host_fs_copy_async	/home/parallels/gap_riscv_toolchain_ubuntu/gap_sdk/rtos/pmsis/bsp/fs/host_fs/host_fs.c:115
/home/parallels/gap_riscv_toolchain_ubuntu/gap_sdk/BAC/get_multiple_images/BUILD/GAP8_V2/GCC_RISCV_PULP_OS/multiple_image_capture:1c006162 00000042 t __rt_uart_cluster_req	/home/parallels/gap_riscv_toolchain_ubuntu/gap_sdk/gap8/rtos/pulp/pulp-os/drivers_deprecated/uart/uart.c:266
/home/parallels/gap_riscv_toolchain_ubuntu/gap_sdk/BAC/get_multiple_images/BUILD/GAP8_V2/GCC_RISCV_PULP_OS/multiple_image_capture:1c0060f4 00000042 t __rt_uart_wait_tx_done.isra.6	/home/parallels/gap_riscv_toolchain_ubuntu/gap_sdk/gap8/rtos/pulp/pulp-os/drivers_deprecated/uart/uart.c:222
/home/parallels/gap_riscv_toolchain_ubuntu/gap_sdk/BAC/get_multiple_images/BUILD/GAP8_V2/GCC_RISCV_PULP_OS/multiple_image_capture:1c001a7e 00000044 t __himax_reg_read	/home/parallels/gap_riscv_toolchain_ubuntu/gap_sdk/rtos/pmsis/bsp/camera/himax/himax.c:175
/home/parallels/gap_riscv_toolchain_ubuntu/gap_sdk/BAC/get_multiple_images/BUILD/GAP8_V2/GCC_RISCV_PULP_OS/multiple_image_capture:1c005500 00000044 t _ldiv5	/home/parallels/gap_riscv_toolchain_ubuntu/gap_sdk/gap8/rtos/pulp/pulp-os/libs/io/prf.c:143
/home/parallels/gap_riscv_toolchain_ubuntu/gap_sdk/BAC/get_multiple_images/BUILD/GAP8_V2/GCC_RISCV_PULP_OS/multiple_image_capture:1c0030fa 00000046 t __rt_bridge_wait
/home/parallels/gap_riscv_toolchain_ubuntu/gap_sdk/BAC/get_multiple_images/BUILD/GAP8_V2/GCC_RISCV_PULP_OS/multiple_image_capture:1c004628 00000048 T pi_cpi_close	/home/parallels/gap_riscv_toolchain_ubuntu/gap_sdk/gap8/rtos/pulp/pulp-os/drivers/cpi/cpi-v1.c:73
/home/parallels/gap_riscv_toolchain_ubuntu/gap_sdk/BAC/get_multiple_images/BUILD/GAP8_V2/GCC_RISCV_PULP_OS/multiple_image_capture:1c0015b2 00000048 t __pi_read_fs_direct_read_async	/home/parallels/gap_riscv_toolchain_ubuntu/gap_sdk/rtos/pmsis/bsp/fs/read_fs/read_fs.c:628
/home/parallels/gap_riscv_toolchain_ubuntu/gap_sdk/BAC/get_multiple_images/BUILD/GAP8_V2/GCC_RISCV_PULP_OS/multiple_image_capture:1c003520 00000048 T rt_user_alloc	/home/parallels/gap_riscv_toolchain_ubuntu/gap_sdk/gap8/rtos/pulp/pulp-os/kernel/alloc.c:207
/home/parallels/gap_riscv_toolchain_ubuntu/gap_sdk/BAC/get_multiple_images/BUILD/GAP8_V2/GCC_RISCV_PULP_OS/multiple_image_capture:1c0031b2 0000004a T __rt_bridge_check_connection
/home/parallels/gap_riscv_toolchain_ubuntu/gap_sdk/BAC/get_multiple_images/BUILD/GAP8_V2/GCC_RISCV_PULP_OS/multiple_image_capture:1c003b0a 0000004a T rt_freq_set_and_get	/home/parallels/gap_riscv_toolchain_ubuntu/gap_sdk/gap8/rtos/pulp/pulp-os/kernel/gap/freq.c:30
/home/parallels/gap_riscv_toolchain_ubuntu/gap_sdk/BAC/get_multiple_images/BUILD/GAP8_V2/GCC_RISCV_PULP_OS/multiple_image_capture:1c002dee 0000004c T rt_irq_set_handler	/home/parallels/gap_riscv_toolchain_ubuntu/gap_sdk/gap8/rtos/pulp/pulp-os/kernel/irq.c:61
/home/parallels/gap_riscv_toolchain_ubuntu/gap_sdk/BAC/get_multiple_images/BUILD/GAP8_V2/GCC_RISCV_PULP_OS/multiple_image_capture:1c003568 0000004c T rt_user_free	/home/parallels/gap_riscv_toolchain_ubuntu/gap_sdk/gap8/rtos/pulp/pulp-os/kernel/alloc.c:291
/home/parallels/gap_riscv_toolchain_ubuntu/gap_sdk/BAC/get_multiple_images/BUILD/GAP8_V2/GCC_RISCV_PULP_OS/multiple_image_capture:1c001564 0000004e t __pi_read_fs_close
/home/parallels/gap_riscv_toolchain_ubuntu/gap_sdk/BAC/get_multiple_images/BUILD/GAP8_V2/GCC_RISCV_PULP_OS/multiple_image_capture:1c006268 0000004e T rt_uart_close	/home/parallels/gap_riscv_toolchain_ubuntu/gap_sdk/gap8/rtos/pulp/pulp-os/drivers_deprecated/uart/uart.c:228
/home/parallels/gap_riscv_toolchain_ubuntu/gap_sdk/BAC/get_multiple_images/BUILD/GAP8_V2/GCC_RISCV_PULP_OS/multiple_image_capture:1c002e3c 00000050 T __rt_handle_illegal_instr	/home/parallels/gap_riscv_toolchain_ubuntu/gap_sdk/gap8/rtos/pulp/pulp-os/kernel/irq.c:94
/home/parallels/gap_riscv_toolchain_ubuntu/gap_sdk/BAC/get_multiple_images/BUILD/GAP8_V2/GCC_RISCV_PULP_OS/multiple_image_capture:1c004a0c 00000050 t __rt_i2c_init	/home/parallels/gap_riscv_toolchain_ubuntu/gap_sdk/gap8/rtos/pulp/pulp-os/drivers/i2c/i2c-v2.c:307
/home/parallels/gap_riscv_toolchain_ubuntu/gap_sdk/BAC/get_multiple_images/BUILD/GAP8_V2/GCC_RISCV_PULP_OS/multiple_image_capture:1c004cd0 00000050 t __rt_io_uart_wait_req	/home/parallels/gap_riscv_toolchain_ubuntu/gap_sdk/gap8/rtos/pulp/pulp-os/libs/io/io.c:315
/home/parallels/gap_riscv_toolchain_ubuntu/gap_sdk/BAC/get_multiple_images/BUILD/GAP8_V2/GCC_RISCV_PULP_OS/multiple_image_capture:00000308 00000050 D __rt_udma_channels
/home/parallels/gap_riscv_toolchain_ubuntu/gap_sdk/BAC/get_multiple_images/BUILD/GAP8_V2/GCC_RISCV_PULP_OS/multiple_image_capture:1c004c42 00000052 T __rt_i2s_init	/home/parallels/gap_riscv_toolchain_ubuntu/gap_sdk/gap8/rtos/pulp/pulp-os/drivers_deprecated/i2s/i2s-v1.c:268
/home/parallels/gap_riscv_toolchain_ubuntu/gap_sdk/BAC/get_multiple_images/BUILD/GAP8_V2/GCC_RISCV_PULP_OS/multiple_image_capture:1c002e8c 00000052 T __rt_irq_init	/home/parallels/gap_riscv_toolchain_ubuntu/gap_sdk/gap8/rtos/pulp/pulp-os/kernel/irq.c:103
/home/parallels/gap_riscv_toolchain_ubuntu/gap_sdk/BAC/get_multiple_images/BUILD/GAP8_V2/GCC_RISCV_PULP_OS/multiple_image_capture:1c004a8e 00000054 T __rt_udma_copy_enqueue	/home/parallels/gap_riscv_toolchain_ubuntu/gap_sdk/gap8/rtos/pulp/pulp-os/drivers/udma/udma-v2.c:55
/home/parallels/gap_riscv_toolchain_ubuntu/gap_sdk/BAC/get_multiple_images/BUILD/GAP8_V2/GCC_RISCV_PULP_OS/multiple_image_capture:1c003a56 00000056 T __rt_periph_wait_event	/home/parallels/gap_riscv_toolchain_ubuntu/gap_sdk/gap8/rtos/pulp/pulp-os/kernel/periph-v2.c:237
/home/parallels/gap_riscv_toolchain_ubuntu/gap_sdk/BAC/get_multiple_images/BUILD/GAP8_V2/GCC_RISCV_PULP_OS/multiple_image_capture:1c004d60 0000005a t __rt_io_start	/home/parallels/gap_riscv_toolchain_ubuntu/gap_sdk/gap8/rtos/pulp/pulp-os/libs/io/io.c:746
/home/parallels/gap_riscv_toolchain_ubuntu/gap_sdk/BAC/get_multiple_images/BUILD/GAP8_V2/GCC_RISCV_PULP_OS/multiple_image_capture:1c004440 0000005c T rt_cluster_mount	/home/parallels/gap_riscv_toolchain_ubuntu/gap_sdk/gap8/rtos/pulp/pulp-os/kernel/pulpos_emu.c:68
/home/parallels/gap_riscv_toolchain_ubuntu/gap_sdk/BAC/get_multiple_images/BUILD/GAP8_V2/GCC_RISCV_PULP_OS/multiple_image_capture:1c0062ea 0000005c T __rt_uart_init	/home/parallels/gap_riscv_toolchain_ubuntu/gap_sdk/gap8/rtos/pulp/pulp-os/drivers_deprecated/uart/uart.c:292
/home/parallels/gap_riscv_toolchain_ubuntu/gap_sdk/BAC/get_multiple_images/BUILD/GAP8_V2/GCC_RISCV_PULP_OS/multiple_image_capture:1c001e94 0000005e T pi_partition_find_first	/home/parallels/gap_riscv_toolchain_ubuntu/gap_sdk/rtos/pmsis/bsp/partition/partition.c:65
/home/parallels/gap_riscv_toolchain_ubuntu/gap_sdk/BAC/get_multiple_images/BUILD/GAP8_V2/GCC_RISCV_PULP_OS/multiple_image_capture:1c003aac 0000005e T __rt_periph_init	/home/parallels/gap_riscv_toolchain_ubuntu/gap_sdk/gap8/rtos/pulp/pulp-os/kernel/periph-v2.c:276
/home/parallels/gap_riscv_toolchain_ubuntu/gap_sdk/BAC/get_multiple_images/BUILD/GAP8_V2/GCC_RISCV_PULP_OS/multiple_image_capture:1c00512c 0000005e T __rt_putc_debug_bridge	/home/parallels/gap_riscv_toolchain_ubuntu/gap_sdk/gap8/rtos/pulp/pulp-os/libs/io/io.c:288
/home/parallels/gap_riscv_toolchain_ubuntu/gap_sdk/BAC/get_multiple_images/BUILD/GAP8_V2/GCC_RISCV_PULP_OS/multiple_image_capture:1c003fce 00000062 t __rt_init_cluster_data	/home/parallels/gap_riscv_toolchain_ubuntu/gap_sdk/gap8/rtos/pulp/pulp-os/kernel/cluster.c:72
/home/parallels/gap_riscv_toolchain_ubuntu/gap_sdk/BAC/get_multiple_images/BUILD/GAP8_V2/GCC_RISCV_PULP_OS/multiple_image_capture:1c004030 00000064 t __rt_cluster_init	/home/parallels/gap_riscv_toolchain_ubuntu/gap_sdk/gap8/rtos/pulp/pulp-os/kernel/cluster.c:382
/home/parallels/gap_riscv_toolchain_ubuntu/gap_sdk/BAC/get_multiple_images/BUILD/GAP8_V2/GCC_RISCV_PULP_OS/multiple_image_capture:1c003448 00000064 T __rt_event_execute	/home/parallels/gap_riscv_toolchain_ubuntu/gap_sdk/gap8/rtos/pulp/pulp-os/kernel/events.c:189
/home/parallels/gap_riscv_toolchain_ubuntu/gap_sdk/BAC/get_multiple_images/BUILD/GAP8_V2/GCC_RISCV_PULP_OS/multiple_image_capture:1c0045be 0000006a T pi_cpi_open	/home/parallels/gap_riscv_toolchain_ubuntu/gap_sdk/gap8/rtos/pulp/pulp-os/drivers/cpi/cpi-v1.c:37
/home/parallels/gap_riscv_toolchain_ubuntu/gap_sdk/BAC/get_multiple_images/BUILD/GAP8_V2/GCC_RISCV_PULP_OS/multiple_image_capture:1c00362c 0000006a T __rt_allocs_init	/home/parallels/gap_riscv_toolchain_ubuntu/gap_sdk/gap8/rtos/pulp/pulp-os/kernel/alloc.c:465
/home/parallels/gap_riscv_toolchain_ubuntu/gap_sdk/BAC/get_multiple_images/BUILD/GAP8_V2/GCC_RISCV_PULP_OS/multiple_image_capture:1c00208c 0000006c T flash_partition_find_first	/home/parallels/gap_riscv_toolchain_ubuntu/gap_sdk/rtos/pmsis/bsp/partition/flash_partition.c:228
/home/parallels/gap_riscv_toolchain_ubuntu/gap_sdk/BAC/get_multiple_images/BUILD/GAP8_V2/GCC_RISCV_PULP_OS/multiple_image_capture:1c003292 0000006e T __rt_bridge_req_shutdown	/home/parallels/gap_riscv_toolchain_ubuntu/gap_sdk/gap8/rtos/pulp/pulp-os/kernel/bridge.c:774
/home/parallels/gap_riscv_toolchain_ubuntu/gap_sdk/BAC/get_multiple_images/BUILD/GAP8_V2/GCC_RISCV_PULP_OS/multiple_image_capture:1c0042c8 00000070 T __rt_cluster_push_fc_event	/home/parallels/gap_riscv_toolchain_ubuntu/gap_sdk/gap8/rtos/pulp/pulp-os/kernel/cluster.c:413
/home/parallels/gap_riscv_toolchain_ubuntu/gap_sdk/BAC/get_multiple_images/BUILD/GAP8_V2/GCC_RISCV_PULP_OS/multiple_image_capture:1c004dda 00000070 t __rt_io_lock
/home/parallels/gap_riscv_toolchain_ubuntu/gap_sdk/BAC/get_multiple_images/BUILD/GAP8_V2/GCC_RISCV_PULP_OS/multiple_image_capture:1c004e7e 00000070 t __rt_io_unlock
/home/parallels/gap_riscv_toolchain_ubuntu/gap_sdk/BAC/get_multiple_images/BUILD/GAP8_V2/GCC_RISCV_PULP_OS/multiple_image_capture:1c003140 00000072 T __rt_bridge_handle_notif	/home/parallels/gap_riscv_toolchain_ubuntu/gap_sdk/gap8/rtos/pulp/pulp-os/kernel/bridge.c:644
/home/parallels/gap_riscv_toolchain_ubuntu/gap_sdk/BAC/get_multiple_images/BUILD/GAP8_V2/GCC_RISCV_PULP_OS/multiple_image_capture:1c005392 00000072 T __rt_io_init	/home/parallels/gap_riscv_toolchain_ubuntu/gap_sdk/gap8/rtos/pulp/pulp-os/libs/io/io.c:800
/home/parallels/gap_riscv_toolchain_ubuntu/gap_sdk/BAC/get_multiple_images/BUILD/GAP8_V2/GCC_RISCV_PULP_OS/multiple_image_capture:1c005314 00000074 T exit	/home/parallels/gap_riscv_toolchain_ubuntu/gap_sdk/gap8/rtos/pulp/pulp-os/libs/io/io.c:690
/home/parallels/gap_riscv_toolchain_ubuntu/gap_sdk/BAC/get_multiple_images/BUILD/GAP8_V2/GCC_RISCV_PULP_OS/multiple_image_capture:1c001ef2 00000074 T flash_partition_table_verify	/home/parallels/gap_riscv_toolchain_ubuntu/gap_sdk/rtos/pmsis/bsp/partition/flash_partition.c:80
/home/parallels/gap_riscv_toolchain_ubuntu/gap_sdk/BAC/get_multiple_images/BUILD/GAP8_V2/GCC_RISCV_PULP_OS/multiple_image_capture:1c003374 00000074 T rt_event_alloc	/home/parallels/gap_riscv_toolchain_ubuntu/gap_sdk/gap8/rtos/pulp/pulp-os/kernel/events.c:52
/home/parallels/gap_riscv_toolchain_ubuntu/gap_sdk/BAC/get_multiple_images/BUILD/GAP8_V2/GCC_RISCV_PULP_OS/multiple_image_capture:1c001816 0000007a t __pi_host_fs_copy_2d_async	/home/parallels/gap_riscv_toolchain_ubuntu/gap_sdk/rtos/pmsis/bsp/fs/host_fs/host_fs.c:126
/home/parallels/gap_riscv_toolchain_ubuntu/gap_sdk/BAC/get_multiple_images/BUILD/GAP8_V2/GCC_RISCV_PULP_OS/multiple_image_capture:1c001958 0000007a t __pi_host_fs_open	/home/parallels/gap_riscv_toolchain_ubuntu/gap_sdk/rtos/pmsis/bsp/fs/host_fs/host_fs.c:44
/home/parallels/gap_riscv_toolchain_ubuntu/gap_sdk/BAC/get_multiple_images/BUILD/GAP8_V2/GCC_RISCV_PULP_OS/multiple_image_capture:1c003708 0000007a T rt_event_push_delayed	/home/parallels/gap_riscv_toolchain_ubuntu/gap_sdk/gap8/rtos/pulp/pulp-os/kernel/time.c:59
/home/parallels/gap_riscv_toolchain_ubuntu/gap_sdk/BAC/get_multiple_images/BUILD/GAP8_V2/GCC_RISCV_PULP_OS/multiple_image_capture:1c002ede 0000007c t __rt_fc_cluster_lock_req	/home/parallels/gap_riscv_toolchain_ubuntu/gap_sdk/gap8/rtos/pulp/pulp-os/kernel/utils.c:142
/home/parallels/gap_riscv_toolchain_ubuntu/gap_sdk/BAC/get_multiple_images/BUILD/GAP8_V2/GCC_RISCV_PULP_OS/multiple_image_capture:1c006fe8 00000080 b __rt_io_event	/home/parallels/gap_riscv_toolchain_ubuntu/gap_sdk/gap8/rtos/pulp/pulp-os/libs/io/io.c:39
/home/parallels/gap_riscv_toolchain_ubuntu/gap_sdk/BAC/get_multiple_images/BUILD/GAP8_V2/GCC_RISCV_PULP_OS/multiple_image_capture:1c006df0 00000080 d __rt_putc_host_buffer	/home/parallels/gap_riscv_toolchain_ubuntu/gap_sdk/gap8/rtos/pulp/pulp-os/libs/io/io.c:47
/home/parallels/gap_riscv_toolchain_ubuntu/gap_sdk/BAC/get_multiple_images/BUILD/GAP8_V2/GCC_RISCV_PULP_OS/multiple_image_capture:1c004b34 00000086 T __pi_gpio_handler	/home/parallels/gap_riscv_toolchain_ubuntu/gap_sdk/gap8/rtos/pulp/pulp-os/drivers/gpio/gpio-v2.c:54
/home/parallels/gap_riscv_toolchain_ubuntu/gap_sdk/BAC/get_multiple_images/BUILD/GAP8_V2/GCC_RISCV_PULP_OS/multiple_image_capture:1c006e7c 00000088 b bsp_fs_data	/home/parallels/gap_riscv_toolchain_ubuntu/gap_sdk/rtos/pmsis/bsp/fs/host_fs/host_fs.c:27
/home/parallels/gap_riscv_toolchain_ubuntu/gap_sdk/BAC/get_multiple_images/BUILD/GAP8_V2/GCC_RISCV_PULP_OS/multiple_image_capture:1c006d68 00000088 d __rt_i2c	/home/parallels/gap_riscv_toolchain_ubuntu/gap_sdk/gap8/rtos/pulp/pulp-os/drivers/i2c/i2c-v2.c:25
/home/parallels/gap_riscv_toolchain_ubuntu/gap_sdk/BAC/get_multiple_images/BUILD/GAP8_V2/GCC_RISCV_PULP_OS/multiple_image_capture:1c003be4 0000008c T __rt_pmu_cluster_power_down	/home/parallels/gap_riscv_toolchain_ubuntu/gap_sdk/gap8/rtos/pulp/pulp-os/kernel/gap/pmu_driver.c:205
/home/parallels/gap_riscv_toolchain_ubuntu/gap_sdk/BAC/get_multiple_images/BUILD/GAP8_V2/GCC_RISCV_PULP_OS/multiple_image_capture:1c0037a4 0000008c T __rt_time_init	/home/parallels/gap_riscv_toolchain_ubuntu/gap_sdk/gap8/rtos/pulp/pulp-os/kernel/time.c:188
/home/parallels/gap_riscv_toolchain_ubuntu/gap_sdk/BAC/get_multiple_images/BUILD/GAP8_V2/GCC_RISCV_PULP_OS/multiple_image_capture:1c0061da 0000008e T __rt_uart_open	/home/parallels/gap_riscv_toolchain_ubuntu/gap_sdk/gap8/rtos/pulp/pulp-os/drivers_deprecated/uart/uart.c:151
/home/parallels/gap_riscv_toolchain_ubuntu/gap_sdk/BAC/get_multiple_images/BUILD/GAP8_V2/GCC_RISCV_PULP_OS/multiple_image_capture:1c0043b0 00000090 T rt_cluster_call	/home/parallels/gap_riscv_toolchain_ubuntu/gap_sdk/gap8/rtos/pulp/pulp-os/kernel/pulpos_emu.c:40
/home/parallels/gap_riscv_toolchain_ubuntu/gap_sdk/BAC/get_multiple_images/BUILD/GAP8_V2/GCC_RISCV_PULP_OS/multiple_image_capture:1c004fc8 00000092 t __rt_io_uart_wait_pending	/home/parallels/gap_riscv_toolchain_ubuntu/gap_sdk/gap8/rtos/pulp/pulp-os/libs/io/io.c:332
/home/parallels/gap_riscv_toolchain_ubuntu/gap_sdk/BAC/get_multiple_images/BUILD/GAP8_V2/GCC_RISCV_PULP_OS/multiple_image_capture:1c00544e 00000092 t _to_x	/home/parallels/gap_riscv_toolchain_ubuntu/gap_sdk/gap8/rtos/pulp/pulp-os/libs/io/prf.c:44
/home/parallels/gap_riscv_toolchain_ubuntu/gap_sdk/BAC/get_multiple_images/BUILD/GAP8_V2/GCC_RISCV_PULP_OS/multiple_image_capture:1c001728 00000098 t __pi_read_fs_mount	/home/parallels/gap_riscv_toolchain_ubuntu/gap_sdk/rtos/pmsis/bsp/fs/read_fs/read_fs.c:242
/home/parallels/gap_riscv_toolchain_ubuntu/gap_sdk/BAC/get_multiple_images/BUILD/GAP8_V2/GCC_RISCV_PULP_OS/multiple_image_capture:1c006f50 00000098 b __rt_gpio	/home/parallels/gap_riscv_toolchain_ubuntu/gap_sdk/gap8/rtos/pulp/pulp-os/drivers/gpio/gpio-v2.c:34
/home/parallels/gap_riscv_toolchain_ubuntu/gap_sdk/BAC/get_multiple_images/BUILD/GAP8_V2/GCC_RISCV_PULP_OS/multiple_image_capture:1c002a00 0000009c T MD5_Update	/home/parallels/gap_riscv_toolchain_ubuntu/gap_sdk/rtos/pmsis/bsp/crc/md5.c:218
/home/parallels/gap_riscv_toolchain_ubuntu/gap_sdk/BAC/get_multiple_images/BUILD/GAP8_V2/GCC_RISCV_PULP_OS/multiple_image_capture:1c001dba 0000009e t __himax_control	/home/parallels/gap_riscv_toolchain_ubuntu/gap_sdk/rtos/pmsis/bsp/camera/himax/himax.c:433
/home/parallels/gap_riscv_toolchain_ubuntu/gap_sdk/BAC/get_multiple_images/BUILD/GAP8_V2/GCC_RISCV_PULP_OS/multiple_image_capture:1c003d4e 000000a2 T InitOneFll	/home/parallels/gap_riscv_toolchain_ubuntu/gap_sdk/gap8/rtos/pulp/pulp-os/kernel/gap/pmu_driver.c:771
/home/parallels/gap_riscv_toolchain_ubuntu/gap_sdk/BAC/get_multiple_images/BUILD/GAP8_V2/GCC_RISCV_PULP_OS/multiple_image_capture:1c0051c6 000000ac t tfp_putc.isra.9	/home/parallels/gap_riscv_toolchain_ubuntu/gap_sdk/gap8/rtos/pulp/pulp-os/libs/io/io.c:795
/home/parallels/gap_riscv_toolchain_ubuntu/gap_sdk/BAC/get_multiple_images/BUILD/GAP8_V2/GCC_RISCV_PULP_OS/multiple_image_capture:1c003ef8 000000ba T __rt_pmu_init	/home/parallels/gap_riscv_toolchain_ubuntu/gap_sdk/gap8/rtos/pulp/pulp-os/kernel/gap/pmu_driver.c:472
/home/parallels/gap_riscv_toolchain_ubuntu/gap_sdk/BAC/get_multiple_images/BUILD/GAP8_V2/GCC_RISCV_PULP_OS/multiple_image_capture:1c004802 000000bc T pi_i2c_read_async	/home/parallels/gap_riscv_toolchain_ubuntu/gap_sdk/gap8/rtos/pulp/pulp-os/drivers/i2c/i2c-v2.c:190
/home/parallels/gap_riscv_toolchain_ubuntu/gap_sdk/BAC/get_multiple_images/BUILD/GAP8_V2/GCC_RISCV_PULP_OS/multiple_image_capture:1c006c68 000000c0 D __hal_debug_struct
/home/parallels/gap_riscv_toolchain_ubuntu/gap_sdk/BAC/get_multiple_images/BUILD/GAP8_V2/GCC_RISCV_PULP_OS/multiple_image_capture:1c003df0 000000c8 T __rt_pmu_cluster_power_up
/home/parallels/gap_riscv_toolchain_ubuntu/gap_sdk/BAC/get_multiple_images/BUILD/GAP8_V2/GCC_RISCV_PULP_OS/multiple_image_capture:1c001cec 000000ce T __himax_reopen	/home/parallels/gap_riscv_toolchain_ubuntu/gap_sdk/rtos/pmsis/bsp/camera/himax/himax.c:369
/home/parallels/gap_riscv_toolchain_ubuntu/gap_sdk/BAC/get_multiple_images/BUILD/GAP8_V2/GCC_RISCV_PULP_OS/multiple_image_capture:1c00470e 000000d4 T pi_i2c_write_async	/home/parallels/gap_riscv_toolchain_ubuntu/gap_sdk/gap8/rtos/pulp/pulp-os/drivers/i2c/i2c-v2.c:114
/home/parallels/gap_riscv_toolchain_ubuntu/gap_sdk/BAC/get_multiple_images/BUILD/GAP8_V2/GCC_RISCV_PULP_OS/multiple_image_capture:1c0041c0 000000d6 T pi_cluster_open	/home/parallels/gap_riscv_toolchain_ubuntu/gap_sdk/gap8/rtos/pulp/pulp-os/kernel/cluster.c:343
/home/parallels/gap_riscv_toolchain_ubuntu/gap_sdk/BAC/get_multiple_images/BUILD/GAP8_V2/GCC_RISCV_PULP_OS/multiple_image_capture:1c004eee 000000da t __rt_io_uart_flush.constprop.11	/home/parallels/gap_riscv_toolchain_ubuntu/gap_sdk/gap8/rtos/pulp/pulp-os/libs/io/io.c:795
/home/parallels/gap_riscv_toolchain_ubuntu/gap_sdk/BAC/get_multiple_images/BUILD/GAP8_V2/GCC_RISCV_PULP_OS/multiple_image_capture:1c003c70 000000de T SetFllFrequency
/home/parallels/gap_riscv_toolchain_ubuntu/gap_sdk/BAC/get_multiple_images/BUILD/GAP8_V2/GCC_RISCV_PULP_OS/multiple_image_capture:1c003830 000000f2 T __rt_timer_handler	/home/parallels/gap_riscv_toolchain_ubuntu/gap_sdk/gap8/rtos/pulp/pulp-os/kernel/time_irq.c:30
/home/parallels/gap_riscv_toolchain_ubuntu/gap_sdk/BAC/get_multiple_images/BUILD/GAP8_V2/GCC_RISCV_PULP_OS/multiple_image_capture:1c00449c 000000fa T pi_cluster_send_task_to_cl_async	/home/parallels/gap_riscv_toolchain_ubuntu/gap_sdk/gap8/rtos/pulp/pulp-os/kernel/cluster_call.c:65
/home/parallels/gap_riscv_toolchain_ubuntu/gap_sdk/BAC/get_multiple_images/BUILD/GAP8_V2/GCC_RISCV_PULP_OS/multiple_image_capture:1c0065a4 00000100 R __clz_tab
/home/parallels/gap_riscv_toolchain_ubuntu/gap_sdk/BAC/get_multiple_images/BUILD/GAP8_V2/GCC_RISCV_PULP_OS/multiple_image_capture:1c001f66 00000102 T flash_partition_table_load	/home/parallels/gap_riscv_toolchain_ubuntu/gap_sdk/rtos/pmsis/bsp/partition/flash_partition.c:114
/home/parallels/gap_riscv_toolchain_ubuntu/gap_sdk/BAC/get_multiple_images/BUILD/GAP8_V2/GCC_RISCV_PULP_OS/multiple_image_capture:1c000f36 00000102 t WritePPMHeader.part.1	/home/parallels/gap_riscv_toolchain_ubuntu/gap_sdk/libs/gap_lib/img_io/ImgIO.c:290
/home/parallels/gap_riscv_toolchain_ubuntu/gap_sdk/BAC/get_multiple_images/BUILD/GAP8_V2/GCC_RISCV_PULP_OS/multiple_image_capture:1c0048e0 00000118 T pi_i2c_open	/home/parallels/gap_riscv_toolchain_ubuntu/gap_sdk/gap8/rtos/pulp/pulp-os/drivers/i2c/i2c-v2.c:238
/home/parallels/gap_riscv_toolchain_ubuntu/gap_sdk/BAC/get_multiple_images/BUILD/GAP8_V2/GCC_RISCV_PULP_OS/multiple_image_capture:1c006840 0000011c r __himax_reg_init	/home/parallels/gap_riscv_toolchain_ubuntu/gap_sdk/rtos/pmsis/bsp/camera/himax/himax.c:55
/home/parallels/gap_riscv_toolchain_ubuntu/gap_sdk/BAC/get_multiple_images/BUILD/GAP8_V2/GCC_RISCV_PULP_OS/multiple_image_capture:1c00143e 00000126 t __pi_read_fs_open	/home/parallels/gap_riscv_toolchain_ubuntu/gap_sdk/rtos/pmsis/bsp/fs/read_fs/read_fs.c:295
/home/parallels/gap_riscv_toolchain_ubuntu/gap_sdk/BAC/get_multiple_images/BUILD/GAP8_V2/GCC_RISCV_PULP_OS/multiple_image_capture:1c004094 00000126 t __rt_cluster_mount_step	/home/parallels/gap_riscv_toolchain_ubuntu/gap_sdk/gap8/rtos/pulp/pulp-os/kernel/cluster.c:221
/home/parallels/gap_riscv_toolchain_ubuntu/gap_sdk/BAC/get_multiple_images/BUILD/GAP8_V2/GCC_RISCV_PULP_OS/multiple_image_capture:1c0015fa 0000012e t __pi_fs_mount_step	/home/parallels/gap_riscv_toolchain_ubuntu/gap_sdk/rtos/pmsis/bsp/fs/read_fs/read_fs.c:140
/home/parallels/gap_riscv_toolchain_ubuntu/gap_sdk/BAC/get_multiple_images/BUILD/GAP8_V2/GCC_RISCV_PULP_OS/multiple_image_capture:1c003922 00000134 T rt_periph_copy	/home/parallels/gap_riscv_toolchain_ubuntu/gap_sdk/gap8/rtos/pulp/pulp-os/kernel/periph-v2.c:58
/home/parallels/gap_riscv_toolchain_ubuntu/gap_sdk/BAC/get_multiple_images/BUILD/GAP8_V2/GCC_RISCV_PULP_OS/multiple_image_capture:1c002a9c 00000138 T MD5_Final	/home/parallels/gap_riscv_toolchain_ubuntu/gap_sdk/rtos/pmsis/bsp/crc/md5.c:258
/home/parallels/gap_riscv_toolchain_ubuntu/gap_sdk/BAC/get_multiple_images/BUILD/GAP8_V2/GCC_RISCV_PULP_OS/multiple_image_capture:1c002c5c 00000166 T __rt_init	/home/parallels/gap_riscv_toolchain_ubuntu/gap_sdk/gap8/rtos/pulp/pulp-os/kernel/init.c:74
/home/parallels/gap_riscv_toolchain_ubuntu/gap_sdk/BAC/get_multiple_images/BUILD/GAP8_V2/GCC_RISCV_PULP_OS/multiple_image_capture:1c001b1e 00000188 T __himax_open	/home/parallels/gap_riscv_toolchain_ubuntu/gap_sdk/rtos/pmsis/bsp/camera/himax/himax.c:275
/home/parallels/gap_riscv_toolchain_ubuntu/gap_sdk/BAC/get_multiple_images/BUILD/GAP8_V2/GCC_RISCV_PULP_OS/multiple_image_capture:1c001038 00000244 T WriteImageToFile	/home/parallels/gap_riscv_toolchain_ubuntu/gap_sdk/libs/gap_lib/img_io/ImgIO.c:472
/home/parallels/gap_riscv_toolchain_ubuntu/gap_sdk/BAC/get_multiple_images/BUILD/GAP8_V2/GCC_RISCV_PULP_OS/multiple_image_capture:00000030 00000280 D periph_channels
/home/parallels/gap_riscv_toolchain_ubuntu/gap_sdk/BAC/get_multiple_images/BUILD/GAP8_V2/GCC_RISCV_PULP_OS/multiple_image_capture:1c000bfc 00000320 T test_camera	/home/parallels/gap_riscv_toolchain_ubuntu/gap_sdk/BAC/get_multiple_images/multiple_image_capture.c:56
/home/parallels/gap_riscv_toolchain_ubuntu/gap_sdk/BAC/get_multiple_images/BUILD/GAP8_V2/GCC_RISCV_PULP_OS/multiple_image_capture:1c0008c2 0000032e T __umoddi3	/home/yao/tools/riscv-gnu-toolchain/riscv-gcc/libgcc/libgcc2.c:1305
/home/parallels/gap_riscv_toolchain_ubuntu/gap_sdk/BAC/get_multiple_images/BUILD/GAP8_V2/GCC_RISCV_PULP_OS/multiple_image_capture:1c000586 0000033c T __udivdi3	/home/yao/tools/riscv-gnu-toolchain/riscv-gcc/libgcc/libgcc2.c:1317
/home/parallels/gap_riscv_toolchain_ubuntu/gap_sdk/BAC/get_multiple_images/BUILD/GAP8_V2/GCC_RISCV_PULP_OS/multiple_image_capture:1b0003e8 00000800 D __rt_fc_stack	/home/parallels/gap_riscv_toolchain_ubuntu/gap_sdk/gap8/rtos/pulp/pulp-os/kernel/conf.c:38
/home/parallels/gap_riscv_toolchain_ubuntu/gap_sdk/BAC/get_multiple_images/BUILD/GAP8_V2/GCC_RISCV_PULP_OS/multiple_image_capture:1c0020f8 000008d6 t body	/home/parallels/gap_riscv_toolchain_ubuntu/gap_sdk/rtos/pmsis/bsp/crc/md5.c:100
/home/parallels/gap_riscv_toolchain_ubuntu/gap_sdk/BAC/get_multiple_images/BUILD/GAP8_V2/GCC_RISCV_PULP_OS/multiple_image_capture:1c005578 00000ab6 T _prf	/home/parallels/gap_riscv_toolchain_ubuntu/gap_sdk/gap8/rtos/pulp/pulp-os/libs/io/prf.c:437
